Archive member included to satisfy reference by file (symbol)

C:\Users\aymen\Desktop\Kraya\Isac\RLS_DC\Drivers\Lib\GCC\libarm_cortexM7lfdp_math.a(arm_mat_trans_f32.o)
                              ./Core/Src/main.o (arm_mat_trans_f32)
C:\Users\aymen\Desktop\Kraya\Isac\RLS_DC\Drivers\Lib\GCC\libarm_cortexM7lfdp_math.a(arm_mat_sub_f32.o)
                              ./Core/Src/main.o (arm_mat_sub_f32)
C:\Users\aymen\Desktop\Kraya\Isac\RLS_DC\Drivers\Lib\GCC\libarm_cortexM7lfdp_math.a(arm_mat_mult_f32.o)
                              ./Core/Src/main.o (arm_mat_mult_f32)
C:\Users\aymen\Desktop\Kraya\Isac\RLS_DC\Drivers\Lib\GCC\libarm_cortexM7lfdp_math.a(arm_mat_init_f32.o)
                              ./Core/Src/main.o (arm_mat_init_f32)
C:\Users\aymen\Desktop\Kraya\Isac\RLS_DC\Drivers\Lib\GCC\libarm_cortexM7lfdp_math.a(arm_mat_add_f32.o)
                              ./Core/Src/main.o (arm_mat_add_f32)
c:/st/stm32cubeide_1.7.0/stm32cubeide/plugins/com.st.stm32cube.ide.mcu.externaltools.gnu-tools-for-stm32.9-2020-q2-update.win32_2.0.0.202105311346/tools/bin/../lib/gcc/arm-none-eabi/9.3.1/../../../../arm-none-eabi/lib/thumb/v7e-m+dp/hard\libc_nano.a(lib_a-errno.o)
                              ./Core/Src/syscalls.o (__errno)
c:/st/stm32cubeide_1.7.0/stm32cubeide/plugins/com.st.stm32cube.ide.mcu.externaltools.gnu-tools-for-stm32.9-2020-q2-update.win32_2.0.0.202105311346/tools/bin/../lib/gcc/arm-none-eabi/9.3.1/../../../../arm-none-eabi/lib/thumb/v7e-m+dp/hard\libc_nano.a(lib_a-exit.o)
                              c:/st/stm32cubeide_1.7.0/stm32cubeide/plugins/com.st.stm32cube.ide.mcu.externaltools.gnu-tools-for-stm32.9-2020-q2-update.win32_2.0.0.202105311346/tools/bin/../lib/gcc/arm-none-eabi/9.3.1/../../../../arm-none-eabi/lib/thumb/v7e-m+dp/hard/crt0.o (exit)
c:/st/stm32cubeide_1.7.0/stm32cubeide/plugins/com.st.stm32cube.ide.mcu.externaltools.gnu-tools-for-stm32.9-2020-q2-update.win32_2.0.0.202105311346/tools/bin/../lib/gcc/arm-none-eabi/9.3.1/../../../../arm-none-eabi/lib/thumb/v7e-m+dp/hard\libc_nano.a(lib_a-impure.o)
                              c:/st/stm32cubeide_1.7.0/stm32cubeide/plugins/com.st.stm32cube.ide.mcu.externaltools.gnu-tools-for-stm32.9-2020-q2-update.win32_2.0.0.202105311346/tools/bin/../lib/gcc/arm-none-eabi/9.3.1/../../../../arm-none-eabi/lib/thumb/v7e-m+dp/hard\libc_nano.a(lib_a-exit.o) (_global_impure_ptr)
c:/st/stm32cubeide_1.7.0/stm32cubeide/plugins/com.st.stm32cube.ide.mcu.externaltools.gnu-tools-for-stm32.9-2020-q2-update.win32_2.0.0.202105311346/tools/bin/../lib/gcc/arm-none-eabi/9.3.1/../../../../arm-none-eabi/lib/thumb/v7e-m+dp/hard\libc_nano.a(lib_a-init.o)
                              c:/st/stm32cubeide_1.7.0/stm32cubeide/plugins/com.st.stm32cube.ide.mcu.externaltools.gnu-tools-for-stm32.9-2020-q2-update.win32_2.0.0.202105311346/tools/bin/../lib/gcc/arm-none-eabi/9.3.1/../../../../arm-none-eabi/lib/thumb/v7e-m+dp/hard/crt0.o (__libc_init_array)
c:/st/stm32cubeide_1.7.0/stm32cubeide/plugins/com.st.stm32cube.ide.mcu.externaltools.gnu-tools-for-stm32.9-2020-q2-update.win32_2.0.0.202105311346/tools/bin/../lib/gcc/arm-none-eabi/9.3.1/../../../../arm-none-eabi/lib/thumb/v7e-m+dp/hard\libc_nano.a(lib_a-malloc.o)
                              ./Core/Src/main.o (malloc)
c:/st/stm32cubeide_1.7.0/stm32cubeide/plugins/com.st.stm32cube.ide.mcu.externaltools.gnu-tools-for-stm32.9-2020-q2-update.win32_2.0.0.202105311346/tools/bin/../lib/gcc/arm-none-eabi/9.3.1/../../../../arm-none-eabi/lib/thumb/v7e-m+dp/hard\libc_nano.a(lib_a-memset.o)
                              c:/st/stm32cubeide_1.7.0/stm32cubeide/plugins/com.st.stm32cube.ide.mcu.externaltools.gnu-tools-for-stm32.9-2020-q2-update.win32_2.0.0.202105311346/tools/bin/../lib/gcc/arm-none-eabi/9.3.1/../../../../arm-none-eabi/lib/thumb/v7e-m+dp/hard/crt0.o (memset)
c:/st/stm32cubeide_1.7.0/stm32cubeide/plugins/com.st.stm32cube.ide.mcu.externaltools.gnu-tools-for-stm32.9-2020-q2-update.win32_2.0.0.202105311346/tools/bin/../lib/gcc/arm-none-eabi/9.3.1/../../../../arm-none-eabi/lib/thumb/v7e-m+dp/hard\libc_nano.a(lib_a-nano-freer.o)
                              c:/st/stm32cubeide_1.7.0/stm32cubeide/plugins/com.st.stm32cube.ide.mcu.externaltools.gnu-tools-for-stm32.9-2020-q2-update.win32_2.0.0.202105311346/tools/bin/../lib/gcc/arm-none-eabi/9.3.1/../../../../arm-none-eabi/lib/thumb/v7e-m+dp/hard\libc_nano.a(lib_a-malloc.o) (_free_r)
c:/st/stm32cubeide_1.7.0/stm32cubeide/plugins/com.st.stm32cube.ide.mcu.externaltools.gnu-tools-for-stm32.9-2020-q2-update.win32_2.0.0.202105311346/tools/bin/../lib/gcc/arm-none-eabi/9.3.1/../../../../arm-none-eabi/lib/thumb/v7e-m+dp/hard\libc_nano.a(lib_a-nano-mallocr.o)
                              c:/st/stm32cubeide_1.7.0/stm32cubeide/plugins/com.st.stm32cube.ide.mcu.externaltools.gnu-tools-for-stm32.9-2020-q2-update.win32_2.0.0.202105311346/tools/bin/../lib/gcc/arm-none-eabi/9.3.1/../../../../arm-none-eabi/lib/thumb/v7e-m+dp/hard\libc_nano.a(lib_a-malloc.o) (_malloc_r)
[...]
Memory Configuration

Name             Origin             Length             Attributes
ITCMRAM          0x0000000000000000 0x0000000000010000 xrw
DTCMRAM          0x0000000020000000 0x0000000000020000 xrw
FLASH            0x0000000008000000 0x0000000000100000 xr
RAM_D1           0x0000000024000000 0x0000000000050000 xrw
RAM_D2           0x0000000030000000 0x0000000000008000 xrw
RAM_D3           0x0000000038000000 0x0000000000004000 xrw
*default*        0x0000000000000000 0xffffffffffffffff

Linker script and memory map

LOAD c:/st/stm32cubeide_1.7.0/stm32cubeide/plugins/com.st.stm32cube.ide.mcu.externaltools.gnu-tools-for-stm32.9-2020-q2-update.win32_2.0.0.202105311346/tools/bin/../lib/gcc/arm-none-eabi/9.3.1/thumb/v7e-m+dp/hard/crti.o
LOAD c:/st/stm32cubeide_1.7.0/stm32cubeide/plugins/com.st.stm32cube.ide.mcu.externaltools.gnu-tools-for-stm32.9-2020-q2-update.win32_2.0.0.202105311346/tools/bin/../lib/gcc/arm-none-eabi/9.3.1/thumb/v7e-m+dp/hard/crtbegin.o
LOAD c:/st/stm32cubeide_1.7.0/stm32cubeide/plugins/com.st.stm32cube.ide.mcu.externaltools.gnu-tools-for-stm32.9-2020-q2-update.win32_2.0.0.202105311346/tools/bin/../lib/gcc/arm-none-eabi/9.3.1/../../../../arm-none-eabi/lib/thumb/v7e-m+dp/hard/crt0.o
LOAD ./Core/Src/main.o
LOAD ./Core/Src/stm32h7xx_hal_msp.o
LOAD ./Core/Src/stm32h7xx_it.o
LOAD ./Core/Src/syscalls.o
LOAD ./Core/Src/sysmem.o
LOAD ./Core/Src/system_stm32h7xx.o
LOAD ./Core/Startup/startup_stm32h723zgtx.o
LOAD ./Drivers/STM32H7xx_HAL_Driver/Src/stm32h7xx_hal.o
LOAD ./Drivers/STM32H7xx_HAL_Driver/Src/stm32h7xx_hal_cortex.o
LOAD ./Drivers/STM32H7xx_HAL_Driver/Src/stm32h7xx_hal_dma.o
LOAD ./Drivers/STM32H7xx_HAL_Driver/Src/stm32h7xx_hal_dma_ex.o
LOAD ./Drivers/STM32H7xx_HAL_Driver/Src/stm32h7xx_hal_exti.o
LOAD ./Drivers/STM32H7xx_HAL_Driver/Src/stm32h7xx_hal_flash.o
LOAD ./Drivers/STM32H7xx_HAL_Driver/Src/stm32h7xx_hal_flash_ex.o
LOAD ./Drivers/STM32H7xx_HAL_Driver/Src/stm32h7xx_hal_gpio.o
LOAD ./Drivers/STM32H7xx_HAL_Driver/Src/stm32h7xx_hal_hsem.o
LOAD ./Drivers/STM32H7xx_HAL_Driver/Src/stm32h7xx_hal_i2c.o
LOAD ./Drivers/STM32H7xx_HAL_Driver/Src/stm32h7xx_hal_i2c_ex.o
LOAD ./Drivers/STM32H7xx_HAL_Driver/Src/stm32h7xx_hal_mdma.o
LOAD ./Drivers/STM32H7xx_HAL_Driver/Src/stm32h7xx_hal_pwr.o
LOAD ./Drivers/STM32H7xx_HAL_Driver/Src/stm32h7xx_hal_pwr_ex.o
LOAD ./Drivers/STM32H7xx_HAL_Driver/Src/stm32h7xx_hal_rcc.o
LOAD ./Drivers/STM32H7xx_HAL_Driver/Src/stm32h7xx_hal_rcc_ex.o
LOAD ./Drivers/STM32H7xx_HAL_Driver/Src/stm32h7xx_hal_tim.o
LOAD ./Drivers/STM32H7xx_HAL_Driver/Src/stm32h7xx_hal_tim_ex.o
LOAD ./Drivers/STM32H7xx_HAL_Driver/Src/stm32h7xx_hal_uart.o
LOAD ./Drivers/STM32H7xx_HAL_Driver/Src/stm32h7xx_hal_uart_ex.o
LOAD C:\Users\aymen\Desktop\Kraya\Isac\RLS_DC\Drivers\Lib\GCC\libarm_cortexM7lfdp_math.a
START GROUP
LOAD c:/st/stm32cubeide_1.7.0/stm32cubeide/plugins/com.st.stm32cube.ide.mcu.externaltools.gnu-tools-for-stm32.9-2020-q2-update.win32_2.0.0.202105311346/tools/bin/../lib/gcc/arm-none-eabi/9.3.1/../../../../arm-none-eabi/lib/thumb/v7e-m+dp/hard\libc_nano.a
LOAD c:/st/stm32cubeide_1.7.0/stm32cubeide/plugins/com.st.stm32cube.ide.mcu.externaltools.gnu-tools-for-stm32.9-2020-q2-update.win32_2.0.0.202105311346/tools/bin/../lib/gcc/arm-none-eabi/9.3.1/../../../../arm-none-eabi/lib/thumb/v7e-m+dp/hard\libm.a
END GROUP
START GROUP
LOAD c:/st/stm32cubeide_1.7.0/stm32cubeide/plugins/com.st.stm32cube.ide.mcu.externaltools.gnu-tools-for-stm32.9-2020-q2-update.win32_2.0.0.202105311346/tools/bin/../lib/gcc/arm-none-eabi/9.3.1/thumb/v7e-m+dp/hard\libgcc.a
LOAD c:/st/stm32cubeide_1.7.0/stm32cubeide/plugins/com.st.stm32cube.ide.mcu.externaltools.gnu-tools-for-stm32.9-2020-q2-update.win32_2.0.0.202105311346/tools/bin/../lib/gcc/arm-none-eabi/9.3.1/../../../../arm-none-eabi/lib/thumb/v7e-m+dp/hard\libc_nano.a
END GROUP
START GROUP
LOAD c:/st/stm32cubeide_1.7.0/stm32cubeide/plugins/com.st.stm32cube.ide.mcu.externaltools.gnu-tools-for-stm32.9-2020-q2-update.win32_2.0.0.202105311346/tools/bin/../lib/gcc/arm-none-eabi/9.3.1/thumb/v7e-m+dp/hard\libgcc.a
LOAD c:/st/stm32cubeide_1.7.0/stm32cubeide/plugins/com.st.stm32cube.ide.mcu.externaltools.gnu-tools-for-stm32.9-2020-q2-update.win32_2.0.0.202105311346/tools/bin/../lib/gcc/arm-none-eabi/9.3.1/../../../../arm-none-eabi/lib/thumb/v7e-m+dp/hard\libc_nano.a
LOAD c:/st/stm32cubeide_1.7.0/stm32cubeide/plugins/com.st.stm32cube.ide.mcu.externaltools.gnu-tools-for-stm32.9-2020-q2-update.win32_2.0.0.202105311346/tools/bin/../lib/gcc/arm-none-eabi/9.3.1/../../../../arm-none-eabi/lib/thumb/v7e-m+dp/hard\libnosys.a
END GROUP
START GROUP
LOAD c:/st/stm32cubeide_1.7.0/stm32cubeide/plugins/com.st.stm32cube.ide.mcu.externaltools.gnu-tools-for-stm32.9-2020-q2-update.win32_2.0.0.202105311346/tools/bin/../lib/gcc/arm-none-eabi/9.3.1/thumb/v7e-m+dp/hard\libgcc.a
LOAD c:/st/stm32cubeide_1.7.0/stm32cubeide/plugins/com.st.stm32cube.ide.mcu.externaltools.gnu-tools-for-stm32.9-2020-q2-update.win32_2.0.0.202105311346/tools/bin/../lib/gcc/arm-none-eabi/9.3.1/../../../../arm-none-eabi/lib/thumb/v7e-m+dp/hard\libc_nano.a
LOAD c:/st/stm32cubeide_1.7.0/stm32cubeide/plugins/com.st.stm32cube.ide.mcu.externaltools.gnu-tools-for-stm32.9-2020-q2-update.win32_2.0.0.202105311346/tools/bin/../lib/gcc/arm-none-eabi/9.3.1/../../../../arm-none-eabi/lib/thumb/v7e-m+dp/hard\libnosys.a
END GROUP
LOAD c:/st/stm32cubeide_1.7.0/stm32cubeide/plugins/com.st.stm32cube.ide.mcu.externaltools.gnu-tools-for-stm32.9-2020-q2-update.win32_2.0.0.202105311346/tools/bin/../lib/gcc/arm-none-eabi/9.3.1/thumb/v7e-m+dp/hard/crtend.o
LOAD c:/st/stm32cubeide_1.7.0/stm32cubeide/plugins/com.st.stm32cube.ide.mcu.externaltools.gnu-tools-for-stm32.9-2020-q2-update.win32_2.0.0.202105311346/tools/bin/../lib/gcc/arm-none-eabi/9.3.1/thumb/v7e-m+dp/hard/crtn.o
                0x0000000024050000                _estack = (ORIGIN (RAM_D1) + LENGTH (RAM_D1))
                0x0000000000000200                _Min_Heap_Size = 0x200
                0x0000000000000400                _Min_Stack_Size = 0x400

.isr_vector     0x0000000008000000      0x2cc
                0x0000000008000000                . = ALIGN (0x4)
 *(.isr_vector)
 .isr_vector    0x0000000008000000      0x2cc ./Core/Startup/startup_stm32h723zgtx.o
                0x0000000008000000                g_pfnVectors
                0x00000000080002cc                . = ALIGN (0x4)

.text           0x00000000080002d0     0x931c
                0x00000000080002d0                . = ALIGN (0x4)
 *(.text)
 .text          0x00000000080002d0       0x40 c:/st/stm32cubeide_1.7.0/stm32cubeide/plugins/com.st.stm32cube.ide.mcu.externaltools.gnu-tools-for-stm32.9-2020-q2-update.win32_2.0.0.202105311346/tools/bin/../lib/gcc/arm-none-eabi/9.3.1/thumb/v7e-m+dp/hard/crtbegin.o
 .text          0x0000000008000310       0x30 c:/st/stm32cubeide_1.7.0/stm32cubeide/plugins/com.st.stm32cube.ide.mcu.externaltools.gnu-tools-for-stm32.9-2020-q2-update.win32_2.0.0.202105311346/tools/bin/../lib/gcc/arm-none-eabi/9.3.1/thumb/v7e-m+dp/hard\libgcc.a(_aeabi_uldivmod.o)
                0x0000000008000310                __aeabi_uldivmod
 .text          0x0000000008000340      0x2c4 c:/st/stm32cubeide_1.7.0/stm32cubeide/plugins/com.st.stm32cube.ide.mcu.externaltools.gnu-tools-for-stm32.9-2020-q2-update.win32_2.0.0.202105311346/tools/bin/../lib/gcc/arm-none-eabi/9.3.1/thumb/v7e-m+dp/hard\libgcc.a(_udivmoddi4.o)
                0x0000000008000340                __udivmoddi4
 .text          0x0000000008000604        0x4 c:/st/stm32cubeide_1.7.0/stm32cubeide/plugins/com.st.stm32cube.ide.mcu.externaltools.gnu-tools-for-stm32.9-2020-q2-update.win32_2.0.0.202105311346/tools/bin/../lib/gcc/arm-none-eabi/9.3.1/thumb/v7e-m+dp/hard\libgcc.a(_dvmd_tls.o)
                0x0000000008000604                __aeabi_idiv0
                0x0000000008000604                __aeabi_ldiv0
 *(.text*)
 .text.main     0x0000000008000608       0xd4 ./Core/Src/main.o
                0x0000000008000608                main
 .text.SystemClock_Config
                0x00000000080006dc       0xe0 ./Core/Src/main.o
                0x00000000080006dc                SystemClock_Config
 .text.MX_TIM2_Init
                0x00000000080007bc       0x9c ./Core/Src/main.o
 .text.MX_TIM3_Init
                0x0000000008000858       0xac ./Core/Src/main.o
 .text.MX_TIM4_Init
                0x0000000008000904       0xf0 ./Core/Src/main.o
 .text.MX_TIM5_Init
                0x00000000080009f4       0xa0 ./Core/Src/main.o
 .text.MX_TIM8_Init
                0x0000000008000a94       0xf0 ./Core/Src/main.o
 .text.MX_TIM23_Init
                0x0000000008000b84       0xa0 ./Core/Src/main.o
 .text.MX_TIM24_Init
                0x0000000008000c24       0x9c ./Core/Src/main.o
 .text.MX_USART3_UART_Init
                0x0000000008000cc0       0x98 ./Core/Src/main.o
 .text.MX_USB_OTG_HS_USB_Init
                0x0000000008000d58        0xe ./Core/Src/main.o
 *fill*         0x0000000008000d66        0x2 
 .text.MX_GPIO_Init
                0x0000000008000d68      0x2cc ./Core/Src/main.o
 *fill*         0x0000000008001034        0x4 
 .text.speed_aq
                0x0000000008001038       0x80 ./Core/Src/main.o
                0x0000000008001038                speed_aq
 .text.init_param_calcul_teta
                0x00000000080010b8      0x304 ./Core/Src/main.o
                0x00000000080010b8                init_param_calcul_teta
 .text.teta_calc
                0x00000000080013bc      0x1f0 ./Core/Src/main.o
                0x00000000080013bc                teta_calc
 .text.update_X
                0x00000000080015ac       0xc8 ./Core/Src/main.o
                0x00000000080015ac                update_X
 .text.init_rls
                0x0000000008001674      0x18c ./Core/Src/main.o
                0x0000000008001674                init_rls
 .text.rep_sys  0x0000000008001800       0x3c ./Core/Src/main.o
                0x0000000008001800                rep_sys
 *fill*         0x000000000800183c        0x4 
 .text.HAL_TIM_PeriodElapsedCallback
                0x0000000008001840      0x214 ./Core/Src/main.o
                0x0000000008001840                HAL_TIM_PeriodElapsedCallback
 .text.Error_Handler
                0x0000000008001a54        0xa ./Core/Src/main.o
                0x0000000008001a54                Error_Handler
 *fill*         0x0000000008001a5e        0x2 
 .text.HAL_MspInit
                0x0000000008001a60       0x34 ./Core/Src/stm32h7xx_hal_msp.o
                0x0000000008001a60                HAL_MspInit
 .text.HAL_TIM_Base_MspInit
                0x0000000008001a94      0x1a8 ./Core/Src/stm32h7xx_hal_msp.o
                0x0000000008001a94                HAL_TIM_Base_MspInit
 .text.HAL_TIM_Encoder_MspInit
                0x0000000008001c3c       0x94 ./Core/Src/stm32h7xx_hal_msp.o
                0x0000000008001c3c                HAL_TIM_Encoder_MspInit
 .text.HAL_TIM_MspPostInit
                0x0000000008001cd0       0x78 ./Core/Src/stm32h7xx_hal_msp.o
                0x0000000008001cd0                HAL_TIM_MspPostInit
 .text.HAL_UART_MspInit
                0x0000000008001d48       0xcc ./Core/Src/stm32h7xx_hal_msp.o
                0x0000000008001d48                HAL_UART_MspInit
 .text.NMI_Handler
                0x0000000008001e14        0x6 ./Core/Src/stm32h7xx_it.o
                0x0000000008001e14                NMI_Handler
 .text.HardFault_Handler
                0x0000000008001e1a        0x6 ./Core/Src/stm32h7xx_it.o
                0x0000000008001e1a                HardFault_Handler
 .text.MemManage_Handler
                0x0000000008001e20        0x6 ./Core/Src/stm32h7xx_it.o
                0x0000000008001e20                MemManage_Handler
 .text.BusFault_Handler
                0x0000000008001e26        0x6 ./Core/Src/stm32h7xx_it.o
                0x0000000008001e26                BusFault_Handler
 .text.UsageFault_Handler
                0x0000000008001e2c        0x6 ./Core/Src/stm32h7xx_it.o
                0x0000000008001e2c                UsageFault_Handler
 .text.SVC_Handler
                0x0000000008001e32        0xe ./Core/Src/stm32h7xx_it.o
                0x0000000008001e32                SVC_Handler
 .text.DebugMon_Handler
                0x0000000008001e40        0xe ./Core/Src/stm32h7xx_it.o
                0x0000000008001e40                DebugMon_Handler
 .text.PendSV_Handler
                0x0000000008001e4e        0xe ./Core/Src/stm32h7xx_it.o
                0x0000000008001e4e                PendSV_Handler
 .text.SysTick_Handler
                0x0000000008001e5c        0xc ./Core/Src/stm32h7xx_it.o
                0x0000000008001e5c                SysTick_Handler
 .text.TIM2_IRQHandler
                0x0000000008001e68       0x14 ./Core/Src/stm32h7xx_it.o
                0x0000000008001e68                TIM2_IRQHandler
 .text.EXTI15_10_IRQHandler
                0x0000000008001e7c       0x10 ./Core/Src/stm32h7xx_it.o
                0x0000000008001e7c                EXTI15_10_IRQHandler
 .text.TIM23_IRQHandler
                0x0000000008001e8c       0x14 ./Core/Src/stm32h7xx_it.o
                0x0000000008001e8c                TIM23_IRQHandler
 .text.TIM24_IRQHandler
                0x0000000008001ea0       0x14 ./Core/Src/stm32h7xx_it.o
                0x0000000008001ea0                TIM24_IRQHandler
 .text._sbrk    0x0000000008001eb4       0x6c ./Core/Src/sysmem.o
                0x0000000008001eb4                _sbrk
 .text.SystemInit
                0x0000000008001f20       0xf0 ./Core/Src/system_stm32h7xx.o
                0x0000000008001f20                SystemInit
 .text.Reset_Handler
                0x0000000008002010       0x50 ./Core/Startup/startup_stm32h723zgtx.o
                0x0000000008002010                Reset_Handler
 .text.Default_Handler
                0x0000000008002060        0x2 ./Core/Startup/startup_stm32h723zgtx.o
                0x0000000008002060                RTC_Alarm_IRQHandler
                0x0000000008002060                EXTI2_IRQHandler
                0x0000000008002060                TIM8_CC_IRQHandler
                0x0000000008002060                UART8_IRQHandler
                0x0000000008002060                SPI4_IRQHandler
                0x0000000008002060                FDCAN3_IT0_IRQHandler
                0x0000000008002060                TIM1_CC_IRQHandler
                0x0000000008002060                BDMA_Channel6_IRQHandler
                0x0000000008002060                DMA2_Stream5_IRQHandler
                0x0000000008002060                DMA1_Stream5_IRQHandler
                0x0000000008002060                CORDIC_IRQHandler
                0x0000000008002060                BDMA_Channel1_IRQHandler
                0x0000000008002060                TAMP_STAMP_IRQHandler
                0x0000000008002060                EXTI3_IRQHandler
                0x0000000008002060                LPTIM4_IRQHandler
                0x0000000008002060                TIM8_TRG_COM_TIM14_IRQHandler
                0x0000000008002060                LPTIM2_IRQHandler
                0x0000000008002060                DFSDM1_FLT1_IRQHandler
                0x0000000008002060                DMAMUX2_OVR_IRQHandler
                0x0000000008002060                TIM8_UP_TIM13_IRQHandler
                0x0000000008002060                I2C3_ER_IRQHandler
                0x0000000008002060                DFSDM1_FLT2_IRQHandler
                0x0000000008002060                I2C5_EV_IRQHandler
                0x0000000008002060                USART10_IRQHandler
                0x0000000008002060                MDMA_IRQHandler
                0x0000000008002060                LPTIM3_IRQHandler
                0x0000000008002060                HSEM1_IRQHandler
                0x0000000008002060                EXTI0_IRQHandler
                0x0000000008002060                I2C2_EV_IRQHandler
                0x0000000008002060                DMA1_Stream2_IRQHandler
                0x0000000008002060                FPU_IRQHandler
                0x0000000008002060                OTG_HS_WKUP_IRQHandler
                0x0000000008002060                FDCAN1_IT1_IRQHandler
                0x0000000008002060                LTDC_ER_IRQHandler
                0x0000000008002060                DMA2_Stream2_IRQHandler
                0x0000000008002060                SPI1_IRQHandler
                0x0000000008002060                OCTOSPI1_IRQHandler
                0x0000000008002060                TIM6_DAC_IRQHandler
                0x0000000008002060                DMA2_Stream3_IRQHandler
                0x0000000008002060                OCTOSPI2_IRQHandler
                0x0000000008002060                DFSDM1_FLT3_IRQHandler
                0x0000000008002060                USART6_IRQHandler
                0x0000000008002060                TIM17_IRQHandler
                0x0000000008002060                USART3_IRQHandler
                0x0000000008002060                BDMA_Channel7_IRQHandler
                0x0000000008002060                LPTIM5_IRQHandler
                0x0000000008002060                UART5_IRQHandler
                0x0000000008002060                ADC3_IRQHandler
                0x0000000008002060                DMA2_Stream0_IRQHandler
                0x0000000008002060                TIM4_IRQHandler
                0x0000000008002060                BDMA_Channel2_IRQHandler
                0x0000000008002060                I2C1_EV_IRQHandler
                0x0000000008002060                DMA1_Stream6_IRQHandler
                0x0000000008002060                DMAMUX1_OVR_IRQHandler
                0x0000000008002060                DMA1_Stream1_IRQHandler
                0x0000000008002060                TIM16_IRQHandler
                0x0000000008002060                UART4_IRQHandler
                0x0000000008002060                BDMA_Channel5_IRQHandler
                0x0000000008002060                TIM3_IRQHandler
                0x0000000008002060                RCC_IRQHandler
                0x0000000008002060                UART9_IRQHandler
                0x0000000008002060                TIM8_BRK_TIM12_IRQHandler
                0x0000000008002060                TIM1_TRG_COM_IRQHandler
                0x0000000008002060                Default_Handler
                0x0000000008002060                ECC_IRQHandler
                0x0000000008002060                FMAC_IRQHandler
                0x0000000008002060                CEC_IRQHandler
                0x0000000008002060                BDMA_Channel0_IRQHandler
                0x0000000008002060                ADC_IRQHandler
                0x0000000008002060                I2C5_ER_IRQHandler
                0x0000000008002060                DMA1_Stream7_IRQHandler
                0x0000000008002060                SPI5_IRQHandler
                0x0000000008002060                TIM7_IRQHandler
                0x0000000008002060                FDCAN3_IT1_IRQHandler
                0x0000000008002060                SDMMC1_IRQHandler
                0x0000000008002060                TIM5_IRQHandler
                0x0000000008002060                DMA2_Stream7_IRQHandler
                0x0000000008002060                TIM15_IRQHandler
                0x0000000008002060                PVD_AVD_IRQHandler
                0x0000000008002060                I2C3_EV_IRQHandler
                0x0000000008002060                EXTI9_5_IRQHandler
                0x0000000008002060                RTC_WKUP_IRQHandler
                0x0000000008002060                LTDC_IRQHandler
                0x0000000008002060                ETH_WKUP_IRQHandler
                0x0000000008002060                SPDIF_RX_IRQHandler
                0x0000000008002060                SPI2_IRQHandler
                0x0000000008002060                OTG_HS_EP1_IN_IRQHandler
                0x0000000008002060                DMA1_Stream0_IRQHandler
                0x0000000008002060                CRS_IRQHandler
                0x0000000008002060                EXTI4_IRQHandler
                0x0000000008002060                RNG_IRQHandler
                0x0000000008002060                FDCAN2_IT1_IRQHandler
                0x0000000008002060                ETH_IRQHandler
                0x0000000008002060                TIM1_UP_IRQHandler
                0x0000000008002060                BDMA_Channel4_IRQHandler
                0x0000000008002060                OTG_HS_EP1_OUT_IRQHandler
                0x0000000008002060                WWDG_IRQHandler
                0x0000000008002060                SPI6_IRQHandler
                0x0000000008002060                MDIOS_IRQHandler
                0x0000000008002060                I2C4_EV_IRQHandler
                0x0000000008002060                FDCAN2_IT0_IRQHandler
                0x0000000008002060                LPUART1_IRQHandler
                0x0000000008002060                FDCAN1_IT0_IRQHandler
                0x0000000008002060                OTG_HS_IRQHandler
                0x0000000008002060                DMA2D_IRQHandler
                0x0000000008002060                TIM1_BRK_IRQHandler
                0x0000000008002060                EXTI1_IRQHandler
                0x0000000008002060                SDMMC2_IRQHandler
                0x0000000008002060                BDMA_Channel3_IRQHandler
                0x0000000008002060                DTS_IRQHandler
                0x0000000008002060                UART7_IRQHandler
                0x0000000008002060                MDIOS_WKUP_IRQHandler
                0x0000000008002060                USART2_IRQHandler
                0x0000000008002060                DFSDM1_FLT0_IRQHandler
                0x0000000008002060                SAI4_IRQHandler
                0x0000000008002060                I2C2_ER_IRQHandler
                0x0000000008002060                DMA2_Stream1_IRQHandler
                0x0000000008002060                FLASH_IRQHandler
                0x0000000008002060                DMA2_Stream4_IRQHandler
                0x0000000008002060                USART1_IRQHandler
                0x0000000008002060                SPI3_IRQHandler
                0x0000000008002060                WAKEUP_PIN_IRQHandler
                0x0000000008002060                DMA1_Stream4_IRQHandler
                0x0000000008002060                I2C1_ER_IRQHandler
                0x0000000008002060                FMC_IRQHandler
                0x0000000008002060                FDCAN_CAL_IRQHandler
                0x0000000008002060                SWPMI1_IRQHandler
                0x0000000008002060                COMP1_IRQHandler
                0x0000000008002060                LPTIM1_IRQHandler
                0x0000000008002060                DCMI_PSSI_IRQHandler
                0x0000000008002060                I2C4_ER_IRQHandler
                0x0000000008002060                DMA2_Stream6_IRQHandler
                0x0000000008002060                SAI1_IRQHandler
                0x0000000008002060                DMA1_Stream3_IRQHandler
 *fill*         0x0000000008002062        0x2 
 .text.HAL_Init
                0x0000000008002064       0x78 ./Drivers/STM32H7xx_HAL_Driver/Src/stm32h7xx_hal.o
                0x0000000008002064                HAL_Init
 .text.HAL_InitTick
                0x00000000080020dc       0x6c ./Drivers/STM32H7xx_HAL_Driver/Src/stm32h7xx_hal.o
                0x00000000080020dc                HAL_InitTick
 .text.HAL_IncTick
                0x0000000008002148       0x28 ./Drivers/STM32H7xx_HAL_Driver/Src/stm32h7xx_hal.o
                0x0000000008002148                HAL_IncTick
 .text.HAL_GetTick
                0x0000000008002170       0x18 ./Drivers/STM32H7xx_HAL_Driver/Src/stm32h7xx_hal.o
                0x0000000008002170                HAL_GetTick
 .text.__NVIC_SetPriorityGrouping
                0x0000000008002188       0x48 ./Drivers/STM32H7xx_HAL_Driver/Src/stm32h7xx_hal_cortex.o
 .text.__NVIC_GetPriorityGrouping
                0x00000000080021d0       0x1c ./Drivers/STM32H7xx_HAL_Driver/Src/stm32h7xx_hal_cortex.o
 .text.__NVIC_EnableIRQ
                0x00000000080021ec       0x3c ./Drivers/STM32H7xx_HAL_Driver/Src/stm32h7xx_hal_cortex.o
 .text.__NVIC_SetPriority
                0x0000000008002228       0x54 ./Drivers/STM32H7xx_HAL_Driver/Src/stm32h7xx_hal_cortex.o
 .text.NVIC_EncodePriority
                0x000000000800227c       0x66 ./Drivers/STM32H7xx_HAL_Driver/Src/stm32h7xx_hal_cortex.o
 *fill*         0x00000000080022e2        0x2 
 .text.SysTick_Config
                0x00000000080022e4       0x44 ./Drivers/STM32H7xx_HAL_Driver/Src/stm32h7xx_hal_cortex.o
 .text.HAL_NVIC_SetPriorityGrouping
                0x0000000008002328       0x16 ./Drivers/STM32H7xx_HAL_Driver/Src/stm32h7xx_hal_cortex.o
                0x0000000008002328                HAL_NVIC_SetPriorityGrouping
 .text.HAL_NVIC_SetPriority
                0x000000000800233e       0x34 ./Drivers/STM32H7xx_HAL_Driver/Src/stm32h7xx_hal_cortex.o
                0x000000000800233e                HAL_NVIC_SetPriority
 .text.HAL_NVIC_EnableIRQ
                0x0000000008002372       0x1c ./Drivers/STM32H7xx_HAL_Driver/Src/stm32h7xx_hal_cortex.o
                0x0000000008002372                HAL_NVIC_EnableIRQ
 .text.HAL_SYSTICK_Config
                0x000000000800238e       0x18 ./Drivers/STM32H7xx_HAL_Driver/Src/stm32h7xx_hal_cortex.o
                0x000000000800238e                HAL_SYSTICK_Config
 *fill*         0x00000000080023a6        0x2 
 .text.HAL_GPIO_Init
                0x00000000080023a8      0x350 ./Drivers/STM32H7xx_HAL_Driver/Src/stm32h7xx_hal_gpio.o
                0x00000000080023a8                HAL_GPIO_Init
 .text.HAL_GPIO_WritePin
                0x00000000080026f8       0x32 ./Drivers/STM32H7xx_HAL_Driver/Src/stm32h7xx_hal_gpio.o
                0x00000000080026f8                HAL_GPIO_WritePin
 .text.HAL_GPIO_EXTI_IRQHandler
                0x000000000800272a       0x34 ./Drivers/STM32H7xx_HAL_Driver/Src/stm32h7xx_hal_gpio.o
                0x000000000800272a                HAL_GPIO_EXTI_IRQHandler
 .text.HAL_GPIO_EXTI_Callback
                0x000000000800275e       0x16 ./Drivers/STM32H7xx_HAL_Driver/Src/stm32h7xx_hal_gpio.o
                0x000000000800275e                HAL_GPIO_EXTI_Callback
 .text.HAL_PWREx_ConfigSupply
                0x0000000008002774       0x74 ./Drivers/STM32H7xx_HAL_Driver/Src/stm32h7xx_hal_pwr_ex.o
                0x0000000008002774                HAL_PWREx_ConfigSupply
 .text.HAL_RCC_OscConfig
                0x00000000080027e8      0x758 ./Drivers/STM32H7xx_HAL_Driver/Src/stm32h7xx_hal_rcc.o
                0x00000000080027e8                HAL_RCC_OscConfig
 .text.HAL_RCC_ClockConfig
                0x0000000008002f40      0x36c ./Drivers/STM32H7xx_HAL_Driver/Src/stm32h7xx_hal_rcc.o
                0x0000000008002f40                HAL_RCC_ClockConfig
 .text.HAL_RCC_GetSysClockFreq
                0x00000000080032ac      0x2f4 ./Drivers/STM32H7xx_HAL_Driver/Src/stm32h7xx_hal_rcc.o
                0x00000000080032ac                HAL_RCC_GetSysClockFreq
 .text.HAL_RCC_GetHCLKFreq
                0x00000000080035a0       0x60 ./Drivers/STM32H7xx_HAL_Driver/Src/stm32h7xx_hal_rcc.o
                0x00000000080035a0                HAL_RCC_GetHCLKFreq
 .text.HAL_RCC_GetPCLK1Freq
                0x0000000008003600       0x2c ./Drivers/STM32H7xx_HAL_Driver/Src/stm32h7xx_hal_rcc.o
                0x0000000008003600                HAL_RCC_GetPCLK1Freq
 .text.HAL_RCC_GetPCLK2Freq
                0x000000000800362c       0x2c ./Drivers/STM32H7xx_HAL_Driver/Src/stm32h7xx_hal_rcc.o
                0x000000000800362c                HAL_RCC_GetPCLK2Freq
 .text.HAL_RCCEx_PeriphCLKConfig
                0x0000000008003658      0xdf4 ./Drivers/STM32H7xx_HAL_Driver/Src/stm32h7xx_hal_rcc_ex.o
                0x0000000008003658                HAL_RCCEx_PeriphCLKConfig
 .text.HAL_RCCEx_GetD3PCLK1Freq
                0x000000000800444c       0x2c ./Drivers/STM32H7xx_HAL_Driver/Src/stm32h7xx_hal_rcc_ex.o
                0x000000000800444c                HAL_RCCEx_GetD3PCLK1Freq
 .text.HAL_RCCEx_GetPLL2ClockFreq
                0x0000000008004478      0x2a8 ./Drivers/STM32H7xx_HAL_Driver/Src/stm32h7xx_hal_rcc_ex.o
                0x0000000008004478                HAL_RCCEx_GetPLL2ClockFreq
 .text.HAL_RCCEx_GetPLL3ClockFreq
                0x0000000008004720      0x2a8 ./Drivers/STM32H7xx_HAL_Driver/Src/stm32h7xx_hal_rcc_ex.o
                0x0000000008004720                HAL_RCCEx_GetPLL3ClockFreq
 .text.RCCEx_PLL2_Config
                0x00000000080049c8      0x164 ./Drivers/STM32H7xx_HAL_Driver/Src/stm32h7xx_hal_rcc_ex.o
 .text.RCCEx_PLL3_Config
                0x0000000008004b2c      0x164 ./Drivers/STM32H7xx_HAL_Driver/Src/stm32h7xx_hal_rcc_ex.o
 .text.HAL_TIM_Base_Init
                0x0000000008004c90       0xae ./Drivers/STM32H7xx_HAL_Driver/Src/stm32h7xx_hal_tim.o
                0x0000000008004c90                HAL_TIM_Base_Init
 *fill*         0x0000000008004d3e        0x2 
 .text.HAL_TIM_Base_Start_IT
                0x0000000008004d40      0x10c ./Drivers/STM32H7xx_HAL_Driver/Src/stm32h7xx_hal_tim.o
                0x0000000008004d40                HAL_TIM_Base_Start_IT
 .text.HAL_TIM_PWM_Init
                0x0000000008004e4c       0xae ./Drivers/STM32H7xx_HAL_Driver/Src/stm32h7xx_hal_tim.o
                0x0000000008004e4c                HAL_TIM_PWM_Init
 .text.HAL_TIM_PWM_MspInit
                0x0000000008004efa       0x14 ./Drivers/STM32H7xx_HAL_Driver/Src/stm32h7xx_hal_tim.o
                0x0000000008004efa                HAL_TIM_PWM_MspInit
 *fill*         0x0000000008004f0e        0x2 
 .text.HAL_TIM_PWM_Start
                0x0000000008004f10      0x238 ./Drivers/STM32H7xx_HAL_Driver/Src/stm32h7xx_hal_tim.o
                0x0000000008004f10                HAL_TIM_PWM_Start
 .text.HAL_TIM_IC_Init
                0x0000000008005148       0xae ./Drivers/STM32H7xx_HAL_Driver/Src/stm32h7xx_hal_tim.o
                0x0000000008005148                HAL_TIM_IC_Init
 .text.HAL_TIM_IC_MspInit
                0x00000000080051f6       0x14 ./Drivers/STM32H7xx_HAL_Driver/Src/stm32h7xx_hal_tim.o
                0x00000000080051f6                HAL_TIM_IC_MspInit
 *fill*         0x000000000800520a        0x2 
 .text.HAL_TIM_IC_Start
                0x000000000800520c      0x224 ./Drivers/STM32H7xx_HAL_Driver/Src/stm32h7xx_hal_tim.o
                0x000000000800520c                HAL_TIM_IC_Start
 .text.HAL_TIM_Encoder_Init
                0x0000000008005430      0x14c ./Drivers/STM32H7xx_HAL_Driver/Src/stm32h7xx_hal_tim.o
                0x0000000008005430                HAL_TIM_Encoder_Init
 .text.HAL_TIM_Encoder_Start
                0x000000000800557c      0x11c ./Drivers/STM32H7xx_HAL_Driver/Src/stm32h7xx_hal_tim.o
                0x000000000800557c                HAL_TIM_Encoder_Start
 .text.HAL_TIM_IRQHandler
                0x0000000008005698      0x23e ./Drivers/STM32H7xx_HAL_Driver/Src/stm32h7xx_hal_tim.o
                0x0000000008005698                HAL_TIM_IRQHandler
 .text.HAL_TIM_IC_ConfigChannel
                0x00000000080058d6      0x138 ./Drivers/STM32H7xx_HAL_Driver/Src/stm32h7xx_hal_tim.o
                0x00000000080058d6                HAL_TIM_IC_ConfigChannel
 *fill*         0x0000000008005a0e        0x2 
 .text.HAL_TIM_PWM_ConfigChannel
                0x0000000008005a10      0x228 ./Drivers/STM32H7xx_HAL_Driver/Src/stm32h7xx_hal_tim.o
                0x0000000008005a10                HAL_TIM_PWM_ConfigChannel
 .text.HAL_TIM_ConfigClockSource
                0x0000000008005c38      0x1f0 ./Drivers/STM32H7xx_HAL_Driver/Src/stm32h7xx_hal_tim.o
                0x0000000008005c38                HAL_TIM_ConfigClockSource
 .text.HAL_TIM_OC_DelayElapsedCallback
                0x0000000008005e28       0x14 ./Drivers/STM32H7xx_HAL_Driver/Src/stm32h7xx_hal_tim.o
                0x0000000008005e28                HAL_TIM_OC_DelayElapsedCallback
 .text.HAL_TIM_IC_CaptureCallback
                0x0000000008005e3c       0x14 ./Drivers/STM32H7xx_HAL_Driver/Src/stm32h7xx_hal_tim.o
                0x0000000008005e3c                HAL_TIM_IC_CaptureCallback
 .text.HAL_TIM_PWM_PulseFinishedCallback
                0x0000000008005e50       0x14 ./Drivers/STM32H7xx_HAL_Driver/Src/stm32h7xx_hal_tim.o
                0x0000000008005e50                HAL_TIM_PWM_PulseFinishedCallback
 .text.HAL_TIM_TriggerCallback
                0x0000000008005e64       0x14 ./Drivers/STM32H7xx_HAL_Driver/Src/stm32h7xx_hal_tim.o
                0x0000000008005e64                HAL_TIM_TriggerCallback
 .text.TIM_Base_SetConfig
                0x0000000008005e78      0x14c ./Drivers/STM32H7xx_HAL_Driver/Src/stm32h7xx_hal_tim.o
                0x0000000008005e78                TIM_Base_SetConfig
 .text.TIM_OC1_SetConfig
                0x0000000008005fc4      0x120 ./Drivers/STM32H7xx_HAL_Driver/Src/stm32h7xx_hal_tim.o
 .text.TIM_OC2_SetConfig
                0x00000000080060e4      0x114 ./Drivers/STM32H7xx_HAL_Driver/Src/stm32h7xx_hal_tim.o
                0x00000000080060e4                TIM_OC2_SetConfig
 .text.TIM_OC3_SetConfig
                0x00000000080061f8      0x110 ./Drivers/STM32H7xx_HAL_Driver/Src/stm32h7xx_hal_tim.o
 .text.TIM_OC4_SetConfig
                0x0000000008006308       0xd4 ./Drivers/STM32H7xx_HAL_Driver/Src/stm32h7xx_hal_tim.o
 .text.TIM_OC5_SetConfig
                0x00000000080063dc       0xc8 ./Drivers/STM32H7xx_HAL_Driver/Src/stm32h7xx_hal_tim.o
 .text.TIM_OC6_SetConfig
                0x00000000080064a4       0xcc ./Drivers/STM32H7xx_HAL_Driver/Src/stm32h7xx_hal_tim.o
 .text.TIM_TI1_SetConfig
                0x0000000008006570      0x100 ./Drivers/STM32H7xx_HAL_Driver/Src/stm32h7xx_hal_tim.o
                0x0000000008006570                TIM_TI1_SetConfig
 .text.TIM_TI1_ConfigInputStage
                0x0000000008006670       0x5e ./Drivers/STM32H7xx_HAL_Driver/Src/stm32h7xx_hal_tim.o
 .text.TIM_TI2_SetConfig
                0x00000000080066ce       0x7a ./Drivers/STM32H7xx_HAL_Driver/Src/stm32h7xx_hal_tim.o
 .text.TIM_TI2_ConfigInputStage
                0x0000000008006748       0x60 ./Drivers/STM32H7xx_HAL_Driver/Src/stm32h7xx_hal_tim.o
 .text.TIM_TI3_SetConfig
                0x00000000080067a8       0x78 ./Drivers/STM32H7xx_HAL_Driver/Src/stm32h7xx_hal_tim.o
 .text.TIM_TI4_SetConfig
                0x0000000008006820       0x7a ./Drivers/STM32H7xx_HAL_Driver/Src/stm32h7xx_hal_tim.o
 *fill*         0x000000000800689a        0x2 
 .text.TIM_ITRx_SetConfig
                0x000000000800689c       0x3c ./Drivers/STM32H7xx_HAL_Driver/Src/stm32h7xx_hal_tim.o
 .text.TIM_ETR_SetConfig
                0x00000000080068d8       0x40 ./Drivers/STM32H7xx_HAL_Driver/Src/stm32h7xx_hal_tim.o
                0x00000000080068d8                TIM_ETR_SetConfig
 .text.TIM_CCxChannelCmd
                0x0000000008006918       0x4a ./Drivers/STM32H7xx_HAL_Driver/Src/stm32h7xx_hal_tim.o
                0x0000000008006918                TIM_CCxChannelCmd
 *fill*         0x0000000008006962        0x2 
 .text.HAL_TIMEx_MasterConfigSynchronization
                0x0000000008006964      0x138 ./Drivers/STM32H7xx_HAL_Driver/Src/stm32h7xx_hal_tim_ex.o
                0x0000000008006964                HAL_TIMEx_MasterConfigSynchronization
 .text.HAL_TIMEx_CommutCallback
                0x0000000008006a9c       0x14 ./Drivers/STM32H7xx_HAL_Driver/Src/stm32h7xx_hal_tim_ex.o
                0x0000000008006a9c                HAL_TIMEx_CommutCallback
 .text.HAL_TIMEx_BreakCallback
                0x0000000008006ab0       0x14 ./Drivers/STM32H7xx_HAL_Driver/Src/stm32h7xx_hal_tim_ex.o
                0x0000000008006ab0                HAL_TIMEx_BreakCallback
 .text.HAL_TIMEx_Break2Callback
                0x0000000008006ac4       0x14 ./Drivers/STM32H7xx_HAL_Driver/Src/stm32h7xx_hal_tim_ex.o
                0x0000000008006ac4                HAL_TIMEx_Break2Callback
 .text.HAL_UART_Init
                0x0000000008006ad8       0xa0 ./Drivers/STM32H7xx_HAL_Driver/Src/stm32h7xx_hal_uart.o
                0x0000000008006ad8                HAL_UART_Init
 .text.UART_SetConfig
                0x0000000008006b78      0xcbc ./Drivers/STM32H7xx_HAL_Driver/Src/stm32h7xx_hal_uart.o
                0x0000000008006b78                UART_SetConfig
 .text.UART_AdvFeatureConfig
                0x0000000008007834      0x144 ./Drivers/STM32H7xx_HAL_Driver/Src/stm32h7xx_hal_uart.o
                0x0000000008007834                UART_AdvFeatureConfig
 .text.UART_CheckIdleState
                0x0000000008007978       0x96 ./Drivers/STM32H7xx_HAL_Driver/Src/stm32h7xx_hal_uart.o
                0x0000000008007978                UART_CheckIdleState
 .text.UART_WaitOnFlagUntilTimeout
                0x0000000008007a0e      0x190 ./Drivers/STM32H7xx_HAL_Driver/Src/stm32h7xx_hal_uart.o
                0x0000000008007a0e                UART_WaitOnFlagUntilTimeout
 .text.HAL_UARTEx_DisableFifoMode
                0x0000000008007b9e       0x72 ./Drivers/STM32H7xx_HAL_Driver/Src/stm32h7xx_hal_uart_ex.o
                0x0000000008007b9e                HAL_UARTEx_DisableFifoMode
 .text.HAL_UARTEx_SetTxFifoThreshold
                0x0000000008007c10       0x7c ./Drivers/STM32H7xx_HAL_Driver/Src/stm32h7xx_hal_uart_ex.o
                0x0000000008007c10                HAL_UARTEx_SetTxFifoThreshold
 .text.HAL_UARTEx_SetRxFifoThreshold
                0x0000000008007c8c       0x7c ./Drivers/STM32H7xx_HAL_Driver/Src/stm32h7xx_hal_uart_ex.o
                0x0000000008007c8c                HAL_UARTEx_SetRxFifoThreshold
 .text.UARTEx_SetNbDataToProcess
                0x0000000008007d08       0x9c ./Drivers/STM32H7xx_HAL_Driver/Src/stm32h7xx_hal_uart_ex.o
 .text.arm_mat_trans_f32
                0x0000000008007da4       0xbc C:\Users\aymen\Desktop\Kraya\Isac\RLS_DC\Drivers\Lib\GCC\libarm_cortexM7lfdp_math.a(arm_mat_trans_f32.o)
                0x0000000008007da4                arm_mat_trans_f32
 .text.arm_mat_sub_f32
                0x0000000008007e60       0xd4 C:\Users\aymen\Desktop\Kraya\Isac\RLS_DC\Drivers\Lib\GCC\libarm_cortexM7lfdp_math.a(arm_mat_sub_f32.o)
                0x0000000008007e60                arm_mat_sub_f32
 .text.arm_mat_mult_f32
                0x0000000008007f34      0x148 C:\Users\aymen\Desktop\Kraya\Isac\RLS_DC\Drivers\Lib\GCC\libarm_cortexM7lfdp_math.a(arm_mat_mult_f32.o)
                0x0000000008007f34                arm_mat_mult_f32
 .text.arm_mat_init_f32
                0x000000000800807c        0x8 C:\Users\aymen\Desktop\Kraya\Isac\RLS_DC\Drivers\Lib\GCC\libarm_cortexM7lfdp_math.a(arm_mat_init_f32.o)
                0x000000000800807c                arm_mat_init_f32
 .text.arm_mat_add_f32
                0x0000000008008084       0xd4 C:\Users\aymen\Desktop\Kraya\Isac\RLS_DC\Drivers\Lib\GCC\libarm_cortexM7lfdp_math.a(arm_mat_add_f32.o)
                0x0000000008008084                arm_mat_add_f32
 .text.__errno  0x0000000008008158        0xc c:/st/stm32cubeide_1.7.0/stm32cubeide/plugins/com.st.stm32cube.ide.mcu.externaltools.gnu-tools-for-stm32.9-2020-q2-update.win32_2.0.0.202105311346/tools/bin/../lib/gcc/arm-none-eabi/9.3.1/../../../../arm-none-eabi/lib/thumb/v7e-m+dp/hard\libc_nano.a(lib_a-errno.o)
                0x0000000008008158                __errno
 .text.__libc_init_array
                0x0000000008008164       0x48 c:/st/stm32cubeide_1.7.0/stm32cubeide/plugins/com.st.stm32cube.ide.mcu.externaltools.gnu-tools-for-stm32.9-2020-q2-update.win32_2.0.0.202105311346/tools/bin/../lib/gcc/arm-none-eabi/9.3.1/../../../../arm-none-eabi/lib/thumb/v7e-m+dp/hard\libc_nano.a(lib_a-init.o)
                0x0000000008008164                __libc_init_array
 .text.malloc   0x00000000080081ac       0x10 c:/st/stm32cubeide_1.7.0/stm32cubeide/plugins/com.st.stm32cube.ide.mcu.externaltools.gnu-tools-for-stm32.9-2020-q2-update.win32_2.0.0.202105311346/tools/bin/../lib/gcc/arm-none-eabi/9.3.1/../../../../arm-none-eabi/lib/thumb/v7e-m+dp/hard\libc_nano.a(lib_a-malloc.o)
                0x00000000080081ac                malloc
 .text.memset   0x00000000080081bc       0x10 c:/st/stm32cubeide_1.7.0/stm32cubeide/plugins/com.st.stm32cube.ide.mcu.externaltools.gnu-tools-for-stm32.9-2020-q2-update.win32_2.0.0.202105311346/tools/bin/../lib/gcc/arm-none-eabi/9.3.1/../../../../arm-none-eabi/lib/thumb/v7e-m+dp/hard\libc_nano.a(lib_a-memset.o)
                0x00000000080081bc                memset
 .text._malloc_r
                0x00000000080081cc       0xb4 c:/st/stm32cubeide_1.7.0/stm32cubeide/plugins/com.st.stm32cube.ide.mcu.externaltools.gnu-tools-for-stm32.9-2020-q2-update.win32_2.0.0.202105311346/tools/bin/../lib/gcc/arm-none-eabi/9.3.1/../../../../arm-none-eabi/lib/thumb/v7e-m+dp/hard\libc_nano.a(lib_a-nano-mallocr.o)
                0x00000000080081cc                _malloc_r
 .text._sbrk_r  0x0000000008008280       0x20 c:/st/stm32cubeide_1.7.0/stm32cubeide/plugins/com.st.stm32cube.ide.mcu.externaltools.gnu-tools-for-stm32.9-2020-q2-update.win32_2.0.0.202105311346/tools/bin/../lib/gcc/arm-none-eabi/9.3.1/../../../../arm-none-eabi/lib/thumb/v7e-m+dp/hard\libc_nano.a(lib_a-sbrkr.o)
                0x0000000008008280                _sbrk_r
 .text.__malloc_lock
                0x00000000080082a0        0xc c:/st/stm32cubeide_1.7.0/stm32cubeide/plugins/com.st.stm32cube.ide.mcu.externaltools.gnu-tools-for-stm32.9-2020-q2-update.win32_2.0.0.202105311346/tools/bin/../lib/gcc/arm-none-eabi/9.3.1/../../../../arm-none-eabi/lib/thumb/v7e-m+dp/hard\libc_nano.a(lib_a-mlock.o)
                0x00000000080082a0                __malloc_lock
 .text.__malloc_unlock
                0x00000000080082ac        0xc c:/st/stm32cubeide_1.7.0/stm32cubeide/plugins/com.st.stm32cube.ide.mcu.externaltools.gnu-tools-for-stm32.9-2020-q2-update.win32_2.0.0.202105311346/tools/bin/../lib/gcc/arm-none-eabi/9.3.1/../../../../arm-none-eabi/lib/thumb/v7e-m+dp/hard\libc_nano.a(lib_a-mlock.o)
                0x00000000080082ac                __malloc_unlock
 .text.__retarget_lock_acquire_recursive
                0x00000000080082b8        0x2 c:/st/stm32cubeide_1.7.0/stm32cubeide/plugins/com.st.stm32cube.ide.mcu.externaltools.gnu-tools-for-stm32.9-2020-q2-update.win32_2.0.0.202105311346/tools/bin/../lib/gcc/arm-none-eabi/9.3.1/../../../../arm-none-eabi/lib/thumb/v7e-m+dp/hard\libc_nano.a(lib_a-lock.o)
                0x00000000080082b8                __retarget_lock_acquire_recursive
 .text.__retarget_lock_release_recursive
                0x00000000080082ba        0x2 c:/st/stm32cubeide_1.7.0/stm32cubeide/plugins/com.st.stm32cube.ide.mcu.externaltools.gnu-tools-for-stm32.9-2020-q2-update.win32_2.0.0.202105311346/tools/bin/../lib/gcc/arm-none-eabi/9.3.1/../../../../arm-none-eabi/lib/thumb/v7e-m+dp/hard\libc_nano.a(lib_a-lock.o)
                0x00000000080082ba                __retarget_lock_release_recursive
 .text.checkint
                0x00000000080082bc       0x6a c:/st/stm32cubeide_1.7.0/stm32cubeide/plugins/com.st.stm32cube.ide.mcu.externaltools.gnu-tools-for-stm32.9-2020-q2-update.win32_2.0.0.202105311346/tools/bin/../lib/gcc/arm-none-eabi/9.3.1/../../../../arm-none-eabi/lib/thumb/v7e-m+dp/hard\libm.a(lib_a-pow.o)
 *fill*         0x0000000008008326        0x2 
 .text.pow      0x0000000008008328      0x584 c:/st/stm32cubeide_1.7.0/stm32cubeide/plugins/com.st.stm32cube.ide.mcu.externaltools.gnu-tools-for-stm32.9-2020-q2-update.win32_2.0.0.202105311346/tools/bin/../lib/gcc/arm-none-eabi/9.3.1/../../../../arm-none-eabi/lib/thumb/v7e-m+dp/hard\libm.a(lib_a-pow.o)
                0x0000000008008328                pow
 .text.round    0x00000000080088ac       0x8c c:/st/stm32cubeide_1.7.0/stm32cubeide/plugins/com.st.stm32cube.ide.mcu.externaltools.gnu-tools-for-stm32.9-2020-q2-update.win32_2.0.0.202105311346/tools/bin/../lib/gcc/arm-none-eabi/9.3.1/../../../../arm-none-eabi/lib/thumb/v7e-m+dp/hard\libm.a(lib_a-s_round.o)
                0x00000000080088ac                round
 .text.sin      0x0000000008008938       0x90 c:/st/stm32cubeide_1.7.0/stm32cubeide/plugins/com.st.stm32cube.ide.mcu.externaltools.gnu-tools-for-stm32.9-2020-q2-update.win32_2.0.0.202105311346/tools/bin/../lib/gcc/arm-none-eabi/9.3.1/../../../../arm-none-eabi/lib/thumb/v7e-m+dp/hard\libm.a(lib_a-s_sin.o)
                0x0000000008008938                sin
 .text.__ieee754_rem_pio2
                0x00000000080089c8      0x280 c:/st/stm32cubeide_1.7.0/stm32cubeide/plugins/com.st.stm32cube.ide.mcu.externaltools.gnu-tools-for-stm32.9-2020-q2-update.win32_2.0.0.202105311346/tools/bin/../lib/gcc/arm-none-eabi/9.3.1/../../../../arm-none-eabi/lib/thumb/v7e-m+dp/hard\libm.a(lib_a-e_rem_pio2.o)
                0x00000000080089c8                __ieee754_rem_pio2
 .text.__kernel_cos
                0x0000000008008c48       0xd8 c:/st/stm32cubeide_1.7.0/stm32cubeide/plugins/com.st.stm32cube.ide.mcu.externaltools.gnu-tools-for-stm32.9-2020-q2-update.win32_2.0.0.202105311346/tools/bin/../lib/gcc/arm-none-eabi/9.3.1/../../../../arm-none-eabi/lib/thumb/v7e-m+dp/hard\libm.a(lib_a-k_cos.o)
                0x0000000008008c48                __kernel_cos
 .text.__kernel_rem_pio2
                0x0000000008008d20      0x500 c:/st/stm32cubeide_1.7.0/stm32cubeide/plugins/com.st.stm32cube.ide.mcu.externaltools.gnu-tools-for-stm32.9-2020-q2-update.win32_2.0.0.202105311346/tools/bin/../lib/gcc/arm-none-eabi/9.3.1/../../../../arm-none-eabi/lib/thumb/v7e-m+dp/hard\libm.a(lib_a-k_rem_pio2.o)
                0x0000000008008d20                __kernel_rem_pio2
 .text.__kernel_sin
                0x0000000008009220       0xb0 c:/st/stm32cubeide_1.7.0/stm32cubeide/plugins/com.st.stm32cube.ide.mcu.externaltools.gnu-tools-for-stm32.9-2020-q2-update.win32_2.0.0.202105311346/tools/bin/../lib/gcc/arm-none-eabi/9.3.1/../../../../arm-none-eabi/lib/thumb/v7e-m+dp/hard\libm.a(lib_a-k_sin.o)
                0x0000000008009220                __kernel_sin
 .text.with_errno
                0x00000000080092d0       0x16 c:/st/stm32cubeide_1.7.0/stm32cubeide/plugins/com.st.stm32cube.ide.mcu.externaltools.gnu-tools-for-stm32.9-2020-q2-update.win32_2.0.0.202105311346/tools/bin/../lib/gcc/arm-none-eabi/9.3.1/../../../../arm-none-eabi/lib/thumb/v7e-m+dp/hard\libm.a(lib_a-math_err.o)
 .text.xflow    0x00000000080092e6       0x22 c:/st/stm32cubeide_1.7.0/stm32cubeide/plugins/com.st.stm32cube.ide.mcu.externaltools.gnu-tools-for-stm32.9-2020-q2-update.win32_2.0.0.202105311346/tools/bin/../lib/gcc/arm-none-eabi/9.3.1/../../../../arm-none-eabi/lib/thumb/v7e-m+dp/hard\libm.a(lib_a-math_err.o)
 .text.__math_uflow
                0x0000000008009308       0x10 c:/st/stm32cubeide_1.7.0/stm32cubeide/plugins/com.st.stm32cube.ide.mcu.externaltools.gnu-tools-for-stm32.9-2020-q2-update.win32_2.0.0.202105311346/tools/bin/../lib/gcc/arm-none-eabi/9.3.1/../../../../arm-none-eabi/lib/thumb/v7e-m+dp/hard\libm.a(lib_a-math_err.o)
                0x0000000008009308                __math_uflow
 .text.__math_oflow
                0x0000000008009318       0x10 c:/st/stm32cubeide_1.7.0/stm32cubeide/plugins/com.st.stm32cube.ide.mcu.externaltools.gnu-tools-for-stm32.9-2020-q2-update.win32_2.0.0.202105311346/tools/bin/../lib/gcc/arm-none-eabi/9.3.1/../../../../arm-none-eabi/lib/thumb/v7e-m+dp/hard\libm.a(lib_a-math_err.o)
                0x0000000008009318                __math_oflow
 .text.__math_divzero
                0x0000000008009328       0x30 c:/st/stm32cubeide_1.7.0/stm32cubeide/plugins/com.st.stm32cube.ide.mcu.externaltools.gnu-tools-for-stm32.9-2020-q2-update.win32_2.0.0.202105311346/tools/bin/../lib/gcc/arm-none-eabi/9.3.1/../../../../arm-none-eabi/lib/thumb/v7e-m+dp/hard\libm.a(lib_a-math_err.o)
                0x0000000008009328                __math_divzero
 .text.__math_invalid
                0x0000000008009358       0x1e c:/st/stm32cubeide_1.7.0/stm32cubeide/plugins/com.st.stm32cube.ide.mcu.externaltools.gnu-tools-for-stm32.9-2020-q2-update.win32_2.0.0.202105311346/tools/bin/../lib/gcc/arm-none-eabi/9.3.1/../../../../arm-none-eabi/lib/thumb/v7e-m+dp/hard\libm.a(lib_a-math_err.o)
                0x0000000008009358                __math_invalid
 .text.__math_check_uflow
                0x0000000008009376       0x12 c:/st/stm32cubeide_1.7.0/stm32cubeide/plugins/com.st.stm32cube.ide.mcu.externaltools.gnu-tools-for-stm32.9-2020-q2-update.win32_2.0.0.202105311346/tools/bin/../lib/gcc/arm-none-eabi/9.3.1/../../../../arm-none-eabi/lib/thumb/v7e-m+dp/hard\libm.a(lib_a-math_err.o)
                0x0000000008009376                __math_check_uflow
 .text.__math_check_oflow
                0x0000000008009388       0x28 c:/st/stm32cubeide_1.7.0/stm32cubeide/plugins/com.st.stm32cube.ide.mcu.externaltools.gnu-tools-for-stm32.9-2020-q2-update.win32_2.0.0.202105311346/tools/bin/../lib/gcc/arm-none-eabi/9.3.1/../../../../arm-none-eabi/lib/thumb/v7e-m+dp/hard\libm.a(lib_a-math_err.o)
                0x0000000008009388                __math_check_oflow
 .text.fabs     0x00000000080093b0       0x12 c:/st/stm32cubeide_1.7.0/stm32cubeide/plugins/com.st.stm32cube.ide.mcu.externaltools.gnu-tools-for-stm32.9-2020-q2-update.win32_2.0.0.202105311346/tools/bin/../lib/gcc/arm-none-eabi/9.3.1/../../../../arm-none-eabi/lib/thumb/v7e-m+dp/hard\libm.a(lib_a-s_fabs.o)
                0x00000000080093b0                fabs
 *fill*         0x00000000080093c2        0x6 
 .text.floor    0x00000000080093c8       0xe8 c:/st/stm32cubeide_1.7.0/stm32cubeide/plugins/com.st.stm32cube.ide.mcu.externaltools.gnu-tools-for-stm32.9-2020-q2-update.win32_2.0.0.202105311346/tools/bin/../lib/gcc/arm-none-eabi/9.3.1/../../../../arm-none-eabi/lib/thumb/v7e-m+dp/hard\libm.a(lib_a-s_floor.o)
                0x00000000080093c8                floor
 .text.scalbn   0x00000000080094b0      0x124 c:/st/stm32cubeide_1.7.0/stm32cubeide/plugins/com.st.stm32cube.ide.mcu.externaltools.gnu-tools-for-stm32.9-2020-q2-update.win32_2.0.0.202105311346/tools/bin/../lib/gcc/arm-none-eabi/9.3.1/../../../../arm-none-eabi/lib/thumb/v7e-m+dp/hard\libm.a(lib_a-s_scalbn.o)
                0x00000000080094b0                scalbn
 *(.glue_7)
 .glue_7        0x00000000080095d4        0x0 linker stubs
 *(.glue_7t)
 .glue_7t       0x00000000080095d4        0x0 linker stubs
 *(.eh_frame)
 .eh_frame      0x00000000080095d4        0x0 c:/st/stm32cubeide_1.7.0/stm32cubeide/plugins/com.st.stm32cube.ide.mcu.externaltools.gnu-tools-for-stm32.9-2020-q2-update.win32_2.0.0.202105311346/tools/bin/../lib/gcc/arm-none-eabi/9.3.1/thumb/v7e-m+dp/hard/crtbegin.o
 *(.init)
 .init          0x00000000080095d4        0x4 c:/st/stm32cubeide_1.7.0/stm32cubeide/plugins/com.st.stm32cube.ide.mcu.externaltools.gnu-tools-for-stm32.9-2020-q2-update.win32_2.0.0.202105311346/tools/bin/../lib/gcc/arm-none-eabi/9.3.1/thumb/v7e-m+dp/hard/crti.o
                0x00000000080095d4                _init
 .init          0x00000000080095d8        0x8 c:/st/stm32cubeide_1.7.0/stm32cubeide/plugins/com.st.stm32cube.ide.mcu.externaltools.gnu-tools-for-stm32.9-2020-q2-update.win32_2.0.0.202105311346/tools/bin/../lib/gcc/arm-none-eabi/9.3.1/thumb/v7e-m+dp/hard/crtn.o
 *(.fini)
 .fini          0x00000000080095e0        0x4 c:/st/stm32cubeide_1.7.0/stm32cubeide/plugins/com.st.stm32cube.ide.mcu.externaltools.gnu-tools-for-stm32.9-2020-q2-update.win32_2.0.0.202105311346/tools/bin/../lib/gcc/arm-none-eabi/9.3.1/thumb/v7e-m+dp/hard/crti.o
                0x00000000080095e0                _fini
 .fini          0x00000000080095e4        0x8 c:/st/stm32cubeide_1.7.0/stm32cubeide/plugins/com.st.stm32cube.ide.mcu.externaltools.gnu-tools-for-stm32.9-2020-q2-update.win32_2.0.0.202105311346/tools/bin/../lib/gcc/arm-none-eabi/9.3.1/thumb/v7e-m+dp/hard/crtn.o
                0x00000000080095ec                . = ALIGN (0x4)
                0x00000000080095ec                _etext = .

.vfp11_veneer   0x00000000080095ec        0x0
 .vfp11_veneer  0x00000000080095ec        0x0 linker stubs

.v4_bx          0x00000000080095ec        0x0
 .v4_bx         0x00000000080095ec        0x0 linker stubs

.iplt           0x00000000080095ec        0x0
 .iplt          0x00000000080095ec        0x0 c:/st/stm32cubeide_1.7.0/stm32cubeide/plugins/com.st.stm32cube.ide.mcu.externaltools.gnu-tools-for-stm32.9-2020-q2-update.win32_2.0.0.202105311346/tools/bin/../lib/gcc/arm-none-eabi/9.3.1/thumb/v7e-m+dp/hard/crtbegin.o

.rodata         0x00000000080095f0     0x1ac8
                0x00000000080095f0                . = ALIGN (0x4)
 *(.rodata)
 *(.rodata*)
 .rodata.D1CorePrescTable
                0x00000000080095f0       0x10 ./Core/Src/system_stm32h7xx.o
                0x00000000080095f0                D1CorePrescTable
 .rodata.UARTPrescTable
                0x0000000008009600       0x18 ./Drivers/STM32H7xx_HAL_Driver/Src/stm32h7xx_hal_uart.o
                0x0000000008009600                UARTPrescTable
 .rodata.numerator.10972
                0x0000000008009618        0x8 ./Drivers/STM32H7xx_HAL_Driver/Src/stm32h7xx_hal_uart_ex.o
 .rodata.denominator.10973
                0x0000000008009620        0x8 ./Drivers/STM32H7xx_HAL_Driver/Src/stm32h7xx_hal_uart_ex.o
 .rodata.__pow_log_data
                0x0000000008009628     0x1048 c:/st/stm32cubeide_1.7.0/stm32cubeide/plugins/com.st.stm32cube.ide.mcu.externaltools.gnu-tools-for-stm32.9-2020-q2-update.win32_2.0.0.202105311346/tools/bin/../lib/gcc/arm-none-eabi/9.3.1/../../../../arm-none-eabi/lib/thumb/v7e-m+dp/hard\libm.a(lib_a-pow_log_data.o)
                0x0000000008009628                __pow_log_data
 .rodata.npio2_hw
                0x000000000800a670       0x80 c:/st/stm32cubeide_1.7.0/stm32cubeide/plugins/com.st.stm32cube.ide.mcu.externaltools.gnu-tools-for-stm32.9-2020-q2-update.win32_2.0.0.202105311346/tools/bin/../lib/gcc/arm-none-eabi/9.3.1/../../../../arm-none-eabi/lib/thumb/v7e-m+dp/hard\libm.a(lib_a-e_rem_pio2.o)
 .rodata.two_over_pi
                0x000000000800a6f0      0x108 c:/st/stm32cubeide_1.7.0/stm32cubeide/plugins/com.st.stm32cube.ide.mcu.externaltools.gnu-tools-for-stm32.9-2020-q2-update.win32_2.0.0.202105311346/tools/bin/../lib/gcc/arm-none-eabi/9.3.1/../../../../arm-none-eabi/lib/thumb/v7e-m+dp/hard\libm.a(lib_a-e_rem_pio2.o)
 .rodata.__exp_data
                0x000000000800a7f8      0x870 c:/st/stm32cubeide_1.7.0/stm32cubeide/plugins/com.st.stm32cube.ide.mcu.externaltools.gnu-tools-for-stm32.9-2020-q2-update.win32_2.0.0.202105311346/tools/bin/../lib/gcc/arm-none-eabi/9.3.1/../../../../arm-none-eabi/lib/thumb/v7e-m+dp/hard\libm.a(lib_a-exp_data.o)
                0x000000000800a7f8                __exp_data
 .rodata.PIo2   0x000000000800b068       0x40 c:/st/stm32cubeide_1.7.0/stm32cubeide/plugins/com.st.stm32cube.ide.mcu.externaltools.gnu-tools-for-stm32.9-2020-q2-update.win32_2.0.0.202105311346/tools/bin/../lib/gcc/arm-none-eabi/9.3.1/../../../../arm-none-eabi/lib/thumb/v7e-m+dp/hard\libm.a(lib_a-k_rem_pio2.o)
 .rodata.init_jk
                0x000000000800b0a8       0x10 c:/st/stm32cubeide_1.7.0/stm32cubeide/plugins/com.st.stm32cube.ide.mcu.externaltools.gnu-tools-for-stm32.9-2020-q2-update.win32_2.0.0.202105311346/tools/bin/../lib/gcc/arm-none-eabi/9.3.1/../../../../arm-none-eabi/lib/thumb/v7e-m+dp/hard\libm.a(lib_a-k_rem_pio2.o)
                0x000000000800b0b8                . = ALIGN (0x4)

.ARM.extab
 *(.ARM.extab* .gnu.linkonce.armextab.*)

.ARM            0x000000000800b0b8        0x8
                0x000000000800b0b8                __exidx_start = .
 *(.ARM.exidx*)
 .ARM.exidx     0x000000000800b0b8        0x8 c:/st/stm32cubeide_1.7.0/stm32cubeide/plugins/com.st.stm32cube.ide.mcu.externaltools.gnu-tools-for-stm32.9-2020-q2-update.win32_2.0.0.202105311346/tools/bin/../lib/gcc/arm-none-eabi/9.3.1/thumb/v7e-m+dp/hard\libgcc.a(_udivmoddi4.o)
                0x000000000800b0c0                __exidx_end = .

.rel.dyn        0x000000000800b0c0        0x0
 .rel.iplt      0x000000000800b0c0        0x0 c:/st/stm32cubeide_1.7.0/stm32cubeide/plugins/com.st.stm32cube.ide.mcu.externaltools.gnu-tools-for-stm32.9-2020-q2-update.win32_2.0.0.202105311346/tools/bin/../lib/gcc/arm-none-eabi/9.3.1/thumb/v7e-m+dp/hard/crtbegin.o

.preinit_array  0x000000000800b0c0        0x0
                0x000000000800b0c0                PROVIDE (__preinit_array_start = .)
 *(.preinit_array*)
                0x000000000800b0c0                PROVIDE (__preinit_array_end = .)

.init_array     0x000000000800b0c0        0x4
                0x000000000800b0c0                PROVIDE (__init_array_start = .)
 *(SORT_BY_NAME(.init_array.*))
 *(.init_array*)
 .init_array    0x000000000800b0c0        0x4 c:/st/stm32cubeide_1.7.0/stm32cubeide/plugins/com.st.stm32cube.ide.mcu.externaltools.gnu-tools-for-stm32.9-2020-q2-update.win32_2.0.0.202105311346/tools/bin/../lib/gcc/arm-none-eabi/9.3.1/thumb/v7e-m+dp/hard/crtbegin.o
                0x000000000800b0c4                PROVIDE (__init_array_end = .)

.fini_array     0x000000000800b0c4        0x4
                [!provide]                        PROVIDE (__fini_array_start = .)
 *(SORT_BY_NAME(.fini_array.*))
 *(.fini_array*)
 .fini_array    0x000000000800b0c4        0x4 c:/st/stm32cubeide_1.7.0/stm32cubeide/plugins/com.st.stm32cube.ide.mcu.externaltools.gnu-tools-for-stm32.9-2020-q2-update.win32_2.0.0.202105311346/tools/bin/../lib/gcc/arm-none-eabi/9.3.1/thumb/v7e-m+dp/hard/crtbegin.o
                [!provide]                        PROVIDE (__fini_array_end = .)
                0x000000000800b0c8                _sidata = LOADADDR (.data)

.data           0x0000000024000000       0x80 load address 0x000000000800b0c8
                0x0000000024000000                . = ALIGN (0x4)
                0x0000000024000000                _sdata = .
 *(.data)
 *(.data*)
 .data.sysorder
                0x0000000024000000        0x4 ./Core/Src/main.o
                0x0000000024000000                sysorder
 .data.Fe       0x0000000024000004        0x4 ./Core/Src/main.o
                0x0000000024000004                Fe
 .data.ARR      0x0000000024000008        0x4 ./Core/Src/main.o
                0x0000000024000008                ARR
 .data.SystemCoreClock
                0x000000002400000c        0x4 ./Core/Src/system_stm32h7xx.o
                0x000000002400000c                SystemCoreClock
 .data.SystemD2Clock
                0x0000000024000010        0x4 ./Core/Src/system_stm32h7xx.o
                0x0000000024000010                SystemD2Clock
 .data.uwTickPrio
                0x0000000024000014        0x4 ./Drivers/STM32H7xx_HAL_Driver/Src/stm32h7xx_hal.o
                0x0000000024000014                uwTickPrio
 .data.uwTickFreq
                0x0000000024000018        0x1 ./Drivers/STM32H7xx_HAL_Driver/Src/stm32h7xx_hal.o
                0x0000000024000018                uwTickFreq
 *fill*         0x0000000024000019        0x3 
 .data._impure_ptr
                0x000000002400001c        0x4 c:/st/stm32cubeide_1.7.0/stm32cubeide/plugins/com.st.stm32cube.ide.mcu.externaltools.gnu-tools-for-stm32.9-2020-q2-update.win32_2.0.0.202105311346/tools/bin/../lib/gcc/arm-none-eabi/9.3.1/../../../../arm-none-eabi/lib/thumb/v7e-m+dp/hard\libc_nano.a(lib_a-impure.o)
                0x000000002400001c                _impure_ptr
 .data.impure_data
                0x0000000024000020       0x60 c:/st/stm32cubeide_1.7.0/stm32cubeide/plugins/com.st.stm32cube.ide.mcu.externaltools.gnu-tools-for-stm32.9-2020-q2-update.win32_2.0.0.202105311346/tools/bin/../lib/gcc/arm-none-eabi/9.3.1/../../../../arm-none-eabi/lib/thumb/v7e-m+dp/hard\libc_nano.a(lib_a-impure.o)
 *(.RamFunc)
 *(.RamFunc*)
                0x0000000024000080                . = ALIGN (0x4)
                0x0000000024000080                _edata = .

.igot.plt       0x0000000024000080        0x0 load address 0x000000000800b148
 .igot.plt      0x0000000024000080        0x0 c:/st/stm32cubeide_1.7.0/stm32cubeide/plugins/com.st.stm32cube.ide.mcu.externaltools.gnu-tools-for-stm32.9-2020-q2-update.win32_2.0.0.202105311346/tools/bin/../lib/gcc/arm-none-eabi/9.3.1/thumb/v7e-m+dp/hard/crtbegin.o
                0x0000000024000080                . = ALIGN (0x4)

.bss            0x0000000024000080      0x370 load address 0x000000000800b148
                0x0000000024000080                _sbss = .
                0x0000000024000080                __bss_start__ = _sbss
 *(.bss)
 .bss           0x0000000024000080       0x1c c:/st/stm32cubeide_1.7.0/stm32cubeide/plugins/com.st.stm32cube.ide.mcu.externaltools.gnu-tools-for-stm32.9-2020-q2-update.win32_2.0.0.202105311346/tools/bin/../lib/gcc/arm-none-eabi/9.3.1/thumb/v7e-m+dp/hard/crtbegin.o
 *(.bss*)
 .bss.t         0x000000002400009c        0x4 ./Core/Src/main.o
                0x000000002400009c                t
 .bss.speed     0x00000000240000a0        0x4 ./Core/Src/main.o
                0x00000000240000a0                speed
 .bss.input_val
                0x00000000240000a4        0x4 ./Core/Src/main.o
                0x00000000240000a4                input_val
 .bss.DutyC     0x00000000240000a8        0x8 ./Core/Src/main.o
                0x00000000240000a8                DutyC
 .bss.ccr_reg   0x00000000240000b0        0x4 ./Core/Src/main.o
                0x00000000240000b0                ccr_reg
 .bss.CCR_old   0x00000000240000b4        0x4 ./Core/Src/main.o
                0x00000000240000b4                CCR_old
 .bss.CCR_new   0x00000000240000b8        0x4 ./Core/Src/main.o
                0x00000000240000b8                CCR_new
 .bss.output_est
                0x00000000240000bc        0x4 ./Core/Src/main.o
                0x00000000240000bc                output_est
 .bss.__sbrk_heap_end
                0x00000000240000c0        0x4 ./Core/Src/sysmem.o
 .bss.__malloc_free_list
                0x00000000240000c4        0x4 c:/st/stm32cubeide_1.7.0/stm32cubeide/plugins/com.st.stm32cube.ide.mcu.externaltools.gnu-tools-for-stm32.9-2020-q2-update.win32_2.0.0.202105311346/tools/bin/../lib/gcc/arm-none-eabi/9.3.1/../../../../arm-none-eabi/lib/thumb/v7e-m+dp/hard\libc_nano.a(lib_a-nano-mallocr.o)
                0x00000000240000c4                __malloc_free_list
 .bss.__malloc_sbrk_start
                0x00000000240000c8        0x4 c:/st/stm32cubeide_1.7.0/stm32cubeide/plugins/com.st.stm32cube.ide.mcu.externaltools.gnu-tools-for-stm32.9-2020-q2-update.win32_2.0.0.202105311346/tools/bin/../lib/gcc/arm-none-eabi/9.3.1/../../../../arm-none-eabi/lib/thumb/v7e-m+dp/hard\libc_nano.a(lib_a-nano-mallocr.o)
                0x00000000240000c8                __malloc_sbrk_start
 *(COMMON)
 COMMON         0x00000000240000cc      0x310 ./Core/Src/main.o
                0x00000000240000cc                htim24
                0x0000000024000118                Clone_K
                0x0000000024000120                htim8
                0x000000002400016c                Pn_new
                0x0000000024000174                htim4
                0x00000000240001c0                huart3
                0x0000000024000250                K
                0x0000000024000258                cst_lambda
                0x0000000024000260                htim5
                0x00000000240002ac                Xk_t
                0x00000000240002b4                htim3
                0x0000000024000300                cst3
                0x0000000024000308                constant
                0x0000000024000310                Pn
                0x0000000024000318                htim2
                0x0000000024000364                htim23
                0x00000000240003b0                teta_new
                0x00000000240003b8                cst2
                0x00000000240003c0                constant1
                0x00000000240003c8                Xk
                0x00000000240003d0                teta
                0x00000000240003d8                X
 COMMON         0x00000000240003dc        0x4 ./Drivers/STM32H7xx_HAL_Driver/Src/stm32h7xx_hal.o
                0x00000000240003dc                uwTick
 COMMON         0x00000000240003e0        0x4 c:/st/stm32cubeide_1.7.0/stm32cubeide/plugins/com.st.stm32cube.ide.mcu.externaltools.gnu-tools-for-stm32.9-2020-q2-update.win32_2.0.0.202105311346/tools/bin/../lib/gcc/arm-none-eabi/9.3.1/../../../../arm-none-eabi/lib/thumb/v7e-m+dp/hard\libc_nano.a(lib_a-reent.o)
                0x00000000240003e0                errno
 COMMON         0x00000000240003e4        0x9 c:/st/stm32cubeide_1.7.0/stm32cubeide/plugins/com.st.stm32cube.ide.mcu.externaltools.gnu-tools-for-stm32.9-2020-q2-update.win32_2.0.0.202105311346/tools/bin/../lib/gcc/arm-none-eabi/9.3.1/../../../../arm-none-eabi/lib/thumb/v7e-m+dp/hard\libc_nano.a(lib_a-lock.o)
                0x00000000240003e4                __lock___atexit_recursive_mutex
                0x00000000240003e5                __lock___arc4random_mutex
                0x00000000240003e6                __lock___env_recursive_mutex
                0x00000000240003e7                __lock___sinit_recursive_mutex
                0x00000000240003e8                __lock___malloc_recursive_mutex
                0x00000000240003e9                __lock___at_quick_exit_mutex
                0x00000000240003ea                __lock___dd_hash_mutex
                0x00000000240003eb                __lock___tz_mutex
                0x00000000240003ec                __lock___sfp_recursive_mutex
                0x00000000240003f0                . = ALIGN (0x4)
 *fill*         0x00000000240003ed        0x3 
                0x00000000240003f0                _ebss = .
                0x00000000240003f0                __bss_end__ = _ebss

._user_heap_stack
                0x00000000240003f0      0x600 load address 0x000000000800b148
                0x00000000240003f0                . = ALIGN (0x8)
                [!provide]                        PROVIDE (end = .)
                0x00000000240003f0                PROVIDE (_end = .)
                0x00000000240005f0                . = (. + _Min_Heap_Size)
 *fill*         0x00000000240003f0      0x200 
                0x00000000240009f0                . = (. + _Min_Stack_Size)
 *fill*         0x00000000240005f0      0x400 
                0x00000000240009f0                . = ALIGN (0x8)

/DISCARD/
 libc.a(*)
 libm.a(*)
 libgcc.a(*)

.ARM.attributes
                0x0000000000000000       0x2e
 *(.ARM.attributes)
 .ARM.attributes
                0x0000000000000000       0x1e c:/st/stm32cubeide_1.7.0/stm32cubeide/plugins/com.st.stm32cube.ide.mcu.externaltools.gnu-tools-for-stm32.9-2020-q2-update.win32_2.0.0.202105311346/tools/bin/../lib/gcc/arm-none-eabi/9.3.1/thumb/v7e-m+dp/hard/crti.o
 .ARM.attributes
                0x000000000000001e       0x32 c:/st/stm32cubeide_1.7.0/stm32cubeide/plugins/com.st.stm32cube.ide.mcu.externaltools.gnu-tools-for-stm32.9-2020-q2-update.win32_2.0.0.202105311346/tools/bin/../lib/gcc/arm-none-eabi/9.3.1/thumb/v7e-m+dp/hard/crtbegin.o
 .ARM.attributes
                0x0000000000000050       0x32 ./Core/Src/main.o
 .ARM.attributes
                0x0000000000000082       0x32 ./Core/Src/stm32h7xx_hal_msp.o
 .ARM.attributes
                0x00000000000000b4       0x32 ./Core/Src/stm32h7xx_it.o
 .ARM.attributes
                0x00000000000000e6       0x32 ./Core/Src/sysmem.o
 .ARM.attributes
                0x0000000000000118       0x32 ./Core/Src/system_stm32h7xx.o
 .ARM.attributes
                0x000000000000014a       0x21 ./Core/Startup/startup_stm32h723zgtx.o
 .ARM.attributes
                0x000000000000016b       0x32 ./Drivers/STM32H7xx_HAL_Driver/Src/stm32h7xx_hal.o
 .ARM.attributes
                0x000000000000019d       0x32 ./Drivers/STM32H7xx_HAL_Driver/Src/stm32h7xx_hal_cortex.o
 .ARM.attributes
                0x00000000000001cf       0x32 ./Drivers/STM32H7xx_HAL_Driver/Src/stm32h7xx_hal_gpio.o
 .ARM.attributes
                0x0000000000000201       0x32 ./Drivers/STM32H7xx_HAL_Driver/Src/stm32h7xx_hal_pwr_ex.o
 .ARM.attributes
                0x0000000000000233       0x32 ./Drivers/STM32H7xx_HAL_Driver/Src/stm32h7xx_hal_rcc.o
 .ARM.attributes
                0x0000000000000265       0x32 ./Drivers/STM32H7xx_HAL_Driver/Src/stm32h7xx_hal_rcc_ex.o
 .ARM.attributes
                0x0000000000000297       0x32 ./Drivers/STM32H7xx_HAL_Driver/Src/stm32h7xx_hal_tim.o
 .ARM.attributes
                0x00000000000002c9       0x32 ./Drivers/STM32H7xx_HAL_Driver/Src/stm32h7xx_hal_tim_ex.o
 .ARM.attributes
                0x00000000000002fb       0x32 ./Drivers/STM32H7xx_HAL_Driver/Src/stm32h7xx_hal_uart.o
 .ARM.attributes
                0x000000000000032d       0x32 ./Drivers/STM32H7xx_HAL_Driver/Src/stm32h7xx_hal_uart_ex.o
 .ARM.attributes
                0x000000000000035f       0x32 C:\Users\aymen\Desktop\Kraya\Isac\RLS_DC\Drivers\Lib\GCC\libarm_cortexM7lfdp_math.a(arm_mat_trans_f32.o)
 .ARM.attributes
                0x0000000000000391       0x32 C:\Users\aymen\Desktop\Kraya\Isac\RLS_DC\Drivers\Lib\GCC\libarm_cortexM7lfdp_math.a(arm_mat_sub_f32.o)
 .ARM.attributes
                0x00000000000003c3       0x32 C:\Users\aymen\Desktop\Kraya\Isac\RLS_DC\Drivers\Lib\GCC\libarm_cortexM7lfdp_math.a(arm_mat_mult_f32.o)
 .ARM.attributes
                0x00000000000003f5       0x32 C:\Users\aymen\Desktop\Kraya\Isac\RLS_DC\Drivers\Lib\GCC\libarm_cortexM7lfdp_math.a(arm_mat_init_f32.o)
 .ARM.attributes
                0x0000000000000427       0x32 C:\Users\aymen\Desktop\Kraya\Isac\RLS_DC\Drivers\Lib\GCC\libarm_cortexM7lfdp_math.a(arm_mat_add_f32.o)
 .ARM.attributes
                0x0000000000000459       0x32 c:/st/stm32cubeide_1.7.0/stm32cubeide/plugins/com.st.stm32cube.ide.mcu.externaltools.gnu-tools-for-stm32.9-2020-q2-update.win32_2.0.0.202105311346/tools/bin/../lib/gcc/arm-none-eabi/9.3.1/../../../../arm-none-eabi/lib/thumb/v7e-m+dp/hard\libc_nano.a(lib_a-errno.o)
 .ARM.attributes
                0x000000000000048b       0x30 c:/st/stm32cubeide_1.7.0/stm32cubeide/plugins/com.st.stm32cube.ide.mcu.externaltools.gnu-tools-for-stm32.9-2020-q2-update.win32_2.0.0.202105311346/tools/bin/../lib/gcc/arm-none-eabi/9.3.1/../../../../arm-none-eabi/lib/thumb/v7e-m+dp/hard\libc_nano.a(lib_a-impure.o)
 .ARM.attributes
                0x00000000000004bb       0x32 c:/st/stm32cubeide_1.7.0/stm32cubeide/plugins/com.st.stm32cube.ide.mcu.externaltools.gnu-tools-for-stm32.9-2020-q2-update.win32_2.0.0.202105311346/tools/bin/../lib/gcc/arm-none-eabi/9.3.1/../../../../arm-none-eabi/lib/thumb/v7e-m+dp/hard\libc_nano.a(lib_a-init.o)
 .ARM.attributes
                0x00000000000004ed       0x32 c:/st/stm32cubeide_1.7.0/stm32cubeide/plugins/com.st.stm32cube.ide.mcu.externaltools.gnu-tools-for-stm32.9-2020-q2-update.win32_2.0.0.202105311346/tools/bin/../lib/gcc/arm-none-eabi/9.3.1/../../../../arm-none-eabi/lib/thumb/v7e-m+dp/hard\libc_nano.a(lib_a-malloc.o)
 .ARM.attributes
                0x000000000000051f       0x32 c:/st/stm32cubeide_1.7.0/stm32cubeide/plugins/com.st.stm32cube.ide.mcu.externaltools.gnu-tools-for-stm32.9-2020-q2-update.win32_2.0.0.202105311346/tools/bin/../lib/gcc/arm-none-eabi/9.3.1/../../../../arm-none-eabi/lib/thumb/v7e-m+dp/hard\libc_nano.a(lib_a-memset.o)
 .ARM.attributes
                0x0000000000000551       0x32 c:/st/stm32cubeide_1.7.0/stm32cubeide/plugins/com.st.stm32cube.ide.mcu.externaltools.gnu-tools-for-stm32.9-2020-q2-update.win32_2.0.0.202105311346/tools/bin/../lib/gcc/arm-none-eabi/9.3.1/../../../../arm-none-eabi/lib/thumb/v7e-m+dp/hard\libc_nano.a(lib_a-nano-mallocr.o)
 .ARM.attributes
                0x0000000000000583       0x32 c:/st/stm32cubeide_1.7.0/stm32cubeide/plugins/com.st.stm32cube.ide.mcu.externaltools.gnu-tools-for-stm32.9-2020-q2-update.win32_2.0.0.202105311346/tools/bin/../lib/gcc/arm-none-eabi/9.3.1/../../../../arm-none-eabi/lib/thumb/v7e-m+dp/hard\libc_nano.a(lib_a-sbrkr.o)
 .ARM.attributes
                0x00000000000005b5       0x32 c:/st/stm32cubeide_1.7.0/stm32cubeide/plugins/com.st.stm32cube.ide.mcu.externaltools.gnu-tools-for-stm32.9-2020-q2-update.win32_2.0.0.202105311346/tools/bin/../lib/gcc/arm-none-eabi/9.3.1/../../../../arm-none-eabi/lib/thumb/v7e-m+dp/hard\libc_nano.a(lib_a-mlock.o)
 .ARM.attributes
                0x00000000000005e7       0x32 c:/st/stm32cubeide_1.7.0/stm32cubeide/plugins/com.st.stm32cube.ide.mcu.externaltools.gnu-tools-for-stm32.9-2020-q2-update.win32_2.0.0.202105311346/tools/bin/../lib/gcc/arm-none-eabi/9.3.1/../../../../arm-none-eabi/lib/thumb/v7e-m+dp/hard\libc_nano.a(lib_a-reent.o)
 .ARM.attributes
                0x0000000000000619       0x32 c:/st/stm32cubeide_1.7.0/stm32cubeide/plugins/com.st.stm32cube.ide.mcu.externaltools.gnu-tools-for-stm32.9-2020-q2-update.win32_2.0.0.202105311346/tools/bin/../lib/gcc/arm-none-eabi/9.3.1/../../../../arm-none-eabi/lib/thumb/v7e-m+dp/hard\libc_nano.a(lib_a-lock.o)
 .ARM.attributes
                0x000000000000064b       0x32 c:/st/stm32cubeide_1.7.0/stm32cubeide/plugins/com.st.stm32cube.ide.mcu.externaltools.gnu-tools-for-stm32.9-2020-q2-update.win32_2.0.0.202105311346/tools/bin/../lib/gcc/arm-none-eabi/9.3.1/../../../../arm-none-eabi/lib/thumb/v7e-m+dp/hard\libm.a(lib_a-pow.o)
 .ARM.attributes
                0x000000000000067d       0x30 c:/st/stm32cubeide_1.7.0/stm32cubeide/plugins/com.st.stm32cube.ide.mcu.externaltools.gnu-tools-for-stm32.9-2020-q2-update.win32_2.0.0.202105311346/tools/bin/../lib/gcc/arm-none-eabi/9.3.1/../../../../arm-none-eabi/lib/thumb/v7e-m+dp/hard\libm.a(lib_a-pow_log_data.o)
 .ARM.attributes
                0x00000000000006ad       0x32 c:/st/stm32cubeide_1.7.0/stm32cubeide/plugins/com.st.stm32cube.ide.mcu.externaltools.gnu-tools-for-stm32.9-2020-q2-update.win32_2.0.0.202105311346/tools/bin/../lib/gcc/arm-none-eabi/9.3.1/../../../../arm-none-eabi/lib/thumb/v7e-m+dp/hard\libm.a(lib_a-s_round.o)
 .ARM.attributes
                0x00000000000006df       0x32 c:/st/stm32cubeide_1.7.0/stm32cubeide/plugins/com.st.stm32cube.ide.mcu.externaltools.gnu-tools-for-stm32.9-2020-q2-update.win32_2.0.0.202105311346/tools/bin/../lib/gcc/arm-none-eabi/9.3.1/../../../../arm-none-eabi/lib/thumb/v7e-m+dp/hard\libm.a(lib_a-s_sin.o)
 .ARM.attributes
                0x0000000000000711       0x32 c:/st/stm32cubeide_1.7.0/stm32cubeide/plugins/com.st.stm32cube.ide.mcu.externaltools.gnu-tools-for-stm32.9-2020-q2-update.win32_2.0.0.202105311346/tools/bin/../lib/gcc/arm-none-eabi/9.3.1/../../../../arm-none-eabi/lib/thumb/v7e-m+dp/hard\libm.a(lib_a-e_rem_pio2.o)
 .ARM.attributes
                0x0000000000000743       0x30 c:/st/stm32cubeide_1.7.0/stm32cubeide/plugins/com.st.stm32cube.ide.mcu.externaltools.gnu-tools-for-stm32.9-2020-q2-update.win32_2.0.0.202105311346/tools/bin/../lib/gcc/arm-none-eabi/9.3.1/../../../../arm-none-eabi/lib/thumb/v7e-m+dp/hard\libm.a(lib_a-exp_data.o)
 .ARM.attributes
                0x0000000000000773       0x32 c:/st/stm32cubeide_1.7.0/stm32cubeide/plugins/com.st.stm32cube.ide.mcu.externaltools.gnu-tools-for-stm32.9-2020-q2-update.win32_2.0.0.202105311346/tools/bin/../lib/gcc/arm-none-eabi/9.3.1/../../../../arm-none-eabi/lib/thumb/v7e-m+dp/hard\libm.a(lib_a-k_cos.o)
 .ARM.attributes
                0x00000000000007a5       0x32 c:/st/stm32cubeide_1.7.0/stm32cubeide/plugins/com.st.stm32cube.ide.mcu.externaltools.gnu-tools-for-stm32.9-2020-q2-update.win32_2.0.0.202105311346/tools/bin/../lib/gcc/arm-none-eabi/9.3.1/../../../../arm-none-eabi/lib/thumb/v7e-m+dp/hard\libm.a(lib_a-k_rem_pio2.o)
 .ARM.attributes
                0x00000000000007d7       0x32 c:/st/stm32cubeide_1.7.0/stm32cubeide/plugins/com.st.stm32cube.ide.mcu.externaltools.gnu-tools-for-stm32.9-2020-q2-update.win32_2.0.0.202105311346/tools/bin/../lib/gcc/arm-none-eabi/9.3.1/../../../../arm-none-eabi/lib/thumb/v7e-m+dp/hard\libm.a(lib_a-k_sin.o)
 .ARM.attributes
                0x0000000000000809       0x32 c:/st/stm32cubeide_1.7.0/stm32cubeide/plugins/com.st.stm32cube.ide.mcu.externaltools.gnu-tools-for-stm32.9-2020-q2-update.win32_2.0.0.202105311346/tools/bin/../lib/gcc/arm-none-eabi/9.3.1/../../../../arm-none-eabi/lib/thumb/v7e-m+dp/hard\libm.a(lib_a-math_err.o)
 .ARM.attributes
                0x000000000000083b       0x32 c:/st/stm32cubeide_1.7.0/stm32cubeide/plugins/com.st.stm32cube.ide.mcu.externaltools.gnu-tools-for-stm32.9-2020-q2-update.win32_2.0.0.202105311346/tools/bin/../lib/gcc/arm-none-eabi/9.3.1/../../../../arm-none-eabi/lib/thumb/v7e-m+dp/hard\libm.a(lib_a-s_fabs.o)
 .ARM.attributes
                0x000000000000086d       0x32 c:/st/stm32cubeide_1.7.0/stm32cubeide/plugins/com.st.stm32cube.ide.mcu.externaltools.gnu-tools-for-stm32.9-2020-q2-update.win32_2.0.0.202105311346/tools/bin/../lib/gcc/arm-none-eabi/9.3.1/../../../../arm-none-eabi/lib/thumb/v7e-m+dp/hard\libm.a(lib_a-s_floor.o)
 .ARM.attributes
                0x000000000000089f       0x32 c:/st/stm32cubeide_1.7.0/stm32cubeide/plugins/com.st.stm32cube.ide.mcu.externaltools.gnu-tools-for-stm32.9-2020-q2-update.win32_2.0.0.202105311346/tools/bin/../lib/gcc/arm-none-eabi/9.3.1/../../../../arm-none-eabi/lib/thumb/v7e-m+dp/hard\libm.a(lib_a-s_scalbn.o)
 .ARM.attributes
                0x00000000000008d1       0x1e c:/st/stm32cubeide_1.7.0/stm32cubeide/plugins/com.st.stm32cube.ide.mcu.externaltools.gnu-tools-for-stm32.9-2020-q2-update.win32_2.0.0.202105311346/tools/bin/../lib/gcc/arm-none-eabi/9.3.1/thumb/v7e-m+dp/hard\libgcc.a(_aeabi_uldivmod.o)
 .ARM.attributes
                0x00000000000008ef       0x32 c:/st/stm32cubeide_1.7.0/stm32cubeide/plugins/com.st.stm32cube.ide.mcu.externaltools.gnu-tools-for-stm32.9-2020-q2-update.win32_2.0.0.202105311346/tools/bin/../lib/gcc/arm-none-eabi/9.3.1/thumb/v7e-m+dp/hard\libgcc.a(_udivmoddi4.o)
 .ARM.attributes
                0x0000000000000921       0x1e c:/st/stm32cubeide_1.7.0/stm32cubeide/plugins/com.st.stm32cube.ide.mcu.externaltools.gnu-tools-for-stm32.9-2020-q2-update.win32_2.0.0.202105311346/tools/bin/../lib/gcc/arm-none-eabi/9.3.1/thumb/v7e-m+dp/hard\libgcc.a(_dvmd_tls.o)
 .ARM.attributes
                0x000000000000093f       0x1e c:/st/stm32cubeide_1.7.0/stm32cubeide/plugins/com.st.stm32cube.ide.mcu.externaltools.gnu-tools-for-stm32.9-2020-q2-update.win32_2.0.0.202105311346/tools/bin/../lib/gcc/arm-none-eabi/9.3.1/thumb/v7e-m+dp/hard/crtn.o
OUTPUT(RLS_DC.elf elf32-littlearm)
LOAD linker stubs
LOAD c:/st/stm32cubeide_1.7.0/stm32cubeide/plugins/com.st.stm32cube.ide.mcu.externaltools.gnu-tools-for-stm32.9-2020-q2-update.win32_2.0.0.202105311346/tools/bin/../lib/gcc/arm-none-eabi/9.3.1/../../../../arm-none-eabi/lib/thumb/v7e-m+dp/hard\libc.a
LOAD c:/st/stm32cubeide_1.7.0/stm32cubeide/plugins/com.st.stm32cube.ide.mcu.externaltools.gnu-tools-for-stm32.9-2020-q2-update.win32_2.0.0.202105311346/tools/bin/../lib/gcc/arm-none-eabi/9.3.1/../../../../arm-none-eabi/lib/thumb/v7e-m+dp/hard\libm.a
LOAD c:/st/stm32cubeide_1.7.0/stm32cubeide/plugins/com.st.stm32cube.ide.mcu.externaltools.gnu-tools-for-stm32.9-2020-q2-update.win32_2.0.0.202105311346/tools/bin/../lib/gcc/arm-none-eabi/9.3.1/thumb/v7e-m+dp/hard\libgcc.a

.debug_info     0x0000000000000000    0x22d07
 .debug_info    0x0000000000000000     0x2cb4 ./Core/Src/main.o
 .debug_info    0x0000000000002cb4     0x23a4 ./Core/Src/stm32h7xx_hal_msp.o
 .debug_info    0x0000000000005058     0x133e ./Core/Src/stm32h7xx_it.o
 .debug_info    0x0000000000006396      0xa25 ./Core/Src/sysmem.o
 .debug_info    0x0000000000006dbb     0x15c5 ./Core/Src/system_stm32h7xx.o
 .debug_info    0x0000000000008380       0x22 ./Core/Startup/startup_stm32h723zgtx.o
 .debug_info    0x00000000000083a2     0x210c ./Drivers/STM32H7xx_HAL_Driver/Src/stm32h7xx_hal.o
 .debug_info    0x000000000000a4ae     0x1c07 ./Drivers/STM32H7xx_HAL_Driver/Src/stm32h7xx_hal_cortex.o
 .debug_info    0x000000000000c0b5     0x17f5 ./Drivers/STM32H7xx_HAL_Driver/Src/stm32h7xx_hal_gpio.o
 .debug_info    0x000000000000d8aa     0x1919 ./Drivers/STM32H7xx_HAL_Driver/Src/stm32h7xx_hal_pwr_ex.o
 .debug_info    0x000000000000f1c3     0x185e ./Drivers/STM32H7xx_HAL_Driver/Src/stm32h7xx_hal_rcc.o
 .debug_info    0x0000000000010a21     0x1ce5 ./Drivers/STM32H7xx_HAL_Driver/Src/stm32h7xx_hal_rcc_ex.o
 .debug_info    0x0000000000012706     0x37ca ./Drivers/STM32H7xx_HAL_Driver/Src/stm32h7xx_hal_tim.o
 .debug_info    0x0000000000015ed0     0x2333 ./Drivers/STM32H7xx_HAL_Driver/Src/stm32h7xx_hal_tim_ex.o
 .debug_info    0x0000000000018203     0x558a ./Drivers/STM32H7xx_HAL_Driver/Src/stm32h7xx_hal_uart.o
 .debug_info    0x000000000001d78d     0x19a9 ./Drivers/STM32H7xx_HAL_Driver/Src/stm32h7xx_hal_uart_ex.o
 .debug_info    0x000000000001f136      0xc1e C:\Users\aymen\Desktop\Kraya\Isac\RLS_DC\Drivers\Lib\GCC\libarm_cortexM7lfdp_math.a(arm_mat_trans_f32.o)
 .debug_info    0x000000000001fd54      0xbf9 C:\Users\aymen\Desktop\Kraya\Isac\RLS_DC\Drivers\Lib\GCC\libarm_cortexM7lfdp_math.a(arm_mat_sub_f32.o)
 .debug_info    0x000000000002094d      0xcb5 C:\Users\aymen\Desktop\Kraya\Isac\RLS_DC\Drivers\Lib\GCC\libarm_cortexM7lfdp_math.a(arm_mat_mult_f32.o)
 .debug_info    0x0000000000021602      0xb0c C:\Users\aymen\Desktop\Kraya\Isac\RLS_DC\Drivers\Lib\GCC\libarm_cortexM7lfdp_math.a(arm_mat_init_f32.o)
 .debug_info    0x000000000002210e      0xbf9 C:\Users\aymen\Desktop\Kraya\Isac\RLS_DC\Drivers\Lib\GCC\libarm_cortexM7lfdp_math.a(arm_mat_add_f32.o)

.debug_abbrev   0x0000000000000000     0x36d0
 .debug_abbrev  0x0000000000000000      0x3b7 ./Core/Src/main.o
 .debug_abbrev  0x00000000000003b7      0x2a7 ./Core/Src/stm32h7xx_hal_msp.o
 .debug_abbrev  0x000000000000065e      0x211 ./Core/Src/stm32h7xx_it.o
 .debug_abbrev  0x000000000000086f      0x1bf ./Core/Src/sysmem.o
 .debug_abbrev  0x0000000000000a2e      0x251 ./Core/Src/system_stm32h7xx.o
 .debug_abbrev  0x0000000000000c7f       0x12 ./Core/Startup/startup_stm32h723zgtx.o
 .debug_abbrev  0x0000000000000c91      0x324 ./Drivers/STM32H7xx_HAL_Driver/Src/stm32h7xx_hal.o
 .debug_abbrev  0x0000000000000fb5      0x409 ./Drivers/STM32H7xx_HAL_Driver/Src/stm32h7xx_hal_cortex.o
 .debug_abbrev  0x00000000000013be      0x2cb ./Drivers/STM32H7xx_HAL_Driver/Src/stm32h7xx_hal_gpio.o
 .debug_abbrev  0x0000000000001689      0x33f ./Drivers/STM32H7xx_HAL_Driver/Src/stm32h7xx_hal_pwr_ex.o
 .debug_abbrev  0x00000000000019c8      0x311 ./Drivers/STM32H7xx_HAL_Driver/Src/stm32h7xx_hal_rcc.o
 .debug_abbrev  0x0000000000001cd9      0x31d ./Drivers/STM32H7xx_HAL_Driver/Src/stm32h7xx_hal_rcc_ex.o
 .debug_abbrev  0x0000000000001ff6      0x2f9 ./Drivers/STM32H7xx_HAL_Driver/Src/stm32h7xx_hal_tim.o
 .debug_abbrev  0x00000000000022ef      0x301 ./Drivers/STM32H7xx_HAL_Driver/Src/stm32h7xx_hal_tim_ex.o
 .debug_abbrev  0x00000000000025f0      0x37d ./Drivers/STM32H7xx_HAL_Driver/Src/stm32h7xx_hal_uart.o
 .debug_abbrev  0x000000000000296d      0x33d ./Drivers/STM32H7xx_HAL_Driver/Src/stm32h7xx_hal_uart_ex.o
 .debug_abbrev  0x0000000000002caa      0x216 C:\Users\aymen\Desktop\Kraya\Isac\RLS_DC\Drivers\Lib\GCC\libarm_cortexM7lfdp_math.a(arm_mat_trans_f32.o)
 .debug_abbrev  0x0000000000002ec0      0x202 C:\Users\aymen\Desktop\Kraya\Isac\RLS_DC\Drivers\Lib\GCC\libarm_cortexM7lfdp_math.a(arm_mat_sub_f32.o)
 .debug_abbrev  0x00000000000030c2      0x225 C:\Users\aymen\Desktop\Kraya\Isac\RLS_DC\Drivers\Lib\GCC\libarm_cortexM7lfdp_math.a(arm_mat_mult_f32.o)
 .debug_abbrev  0x00000000000032e7      0x1e7 C:\Users\aymen\Desktop\Kraya\Isac\RLS_DC\Drivers\Lib\GCC\libarm_cortexM7lfdp_math.a(arm_mat_init_f32.o)
 .debug_abbrev  0x00000000000034ce      0x202 C:\Users\aymen\Desktop\Kraya\Isac\RLS_DC\Drivers\Lib\GCC\libarm_cortexM7lfdp_math.a(arm_mat_add_f32.o)

.debug_aranges  0x0000000000000000     0x1108
 .debug_aranges
                0x0000000000000000       0xb8 ./Core/Src/main.o
 .debug_aranges
                0x00000000000000b8       0x58 ./Core/Src/stm32h7xx_hal_msp.o
 .debug_aranges
                0x0000000000000110       0x80 ./Core/Src/stm32h7xx_it.o
 .debug_aranges
                0x0000000000000190       0x20 ./Core/Src/sysmem.o
 .debug_aranges
                0x00000000000001b0       0x28 ./Core/Src/system_stm32h7xx.o
 .debug_aranges
                0x00000000000001d8       0x28 ./Core/Startup/startup_stm32h723zgtx.o
 .debug_aranges
                0x0000000000000200      0x1c8 ./Drivers/STM32H7xx_HAL_Driver/Src/stm32h7xx_hal.o
 .debug_aranges
                0x00000000000003c8      0x120 ./Drivers/STM32H7xx_HAL_Driver/Src/stm32h7xx_hal_cortex.o
 .debug_aranges
                0x00000000000004e8       0x58 ./Drivers/STM32H7xx_HAL_Driver/Src/stm32h7xx_hal_gpio.o
 .debug_aranges
                0x0000000000000540      0x148 ./Drivers/STM32H7xx_HAL_Driver/Src/stm32h7xx_hal_pwr_ex.o
 .debug_aranges
                0x0000000000000688       0x88 ./Drivers/STM32H7xx_HAL_Driver/Src/stm32h7xx_hal_rcc.o
 .debug_aranges
                0x0000000000000710       0xf8 ./Drivers/STM32H7xx_HAL_Driver/Src/stm32h7xx_hal_rcc_ex.o
 .debug_aranges
                0x0000000000000808      0x3e0 ./Drivers/STM32H7xx_HAL_Driver/Src/stm32h7xx_hal_tim.o
 .debug_aranges
                0x0000000000000be8      0x198 ./Drivers/STM32H7xx_HAL_Driver/Src/stm32h7xx_hal_tim_ex.o
 .debug_aranges
                0x0000000000000d80      0x248 ./Drivers/STM32H7xx_HAL_Driver/Src/stm32h7xx_hal_uart.o
 .debug_aranges
                0x0000000000000fc8       0xa0 ./Drivers/STM32H7xx_HAL_Driver/Src/stm32h7xx_hal_uart_ex.o
 .debug_aranges
                0x0000000000001068       0x20 C:\Users\aymen\Desktop\Kraya\Isac\RLS_DC\Drivers\Lib\GCC\libarm_cortexM7lfdp_math.a(arm_mat_trans_f32.o)
 .debug_aranges
                0x0000000000001088       0x20 C:\Users\aymen\Desktop\Kraya\Isac\RLS_DC\Drivers\Lib\GCC\libarm_cortexM7lfdp_math.a(arm_mat_sub_f32.o)
 .debug_aranges
                0x00000000000010a8       0x20 C:\Users\aymen\Desktop\Kraya\Isac\RLS_DC\Drivers\Lib\GCC\libarm_cortexM7lfdp_math.a(arm_mat_mult_f32.o)
 .debug_aranges
                0x00000000000010c8       0x20 C:\Users\aymen\Desktop\Kraya\Isac\RLS_DC\Drivers\Lib\GCC\libarm_cortexM7lfdp_math.a(arm_mat_init_f32.o)
 .debug_aranges
                0x00000000000010e8       0x20 C:\Users\aymen\Desktop\Kraya\Isac\RLS_DC\Drivers\Lib\GCC\libarm_cortexM7lfdp_math.a(arm_mat_add_f32.o)

.debug_ranges   0x0000000000000000      0xff0
 .debug_ranges  0x0000000000000000       0xa8 ./Core/Src/main.o
 .debug_ranges  0x00000000000000a8       0x48 ./Core/Src/stm32h7xx_hal_msp.o
 .debug_ranges  0x00000000000000f0       0x70 ./Core/Src/stm32h7xx_it.o
 .debug_ranges  0x0000000000000160       0x10 ./Core/Src/sysmem.o
 .debug_ranges  0x0000000000000170       0x18 ./Core/Src/system_stm32h7xx.o
 .debug_ranges  0x0000000000000188       0x20 ./Core/Startup/startup_stm32h723zgtx.o
 .debug_ranges  0x00000000000001a8      0x1b8 ./Drivers/STM32H7xx_HAL_Driver/Src/stm32h7xx_hal.o
 .debug_ranges  0x0000000000000360      0x110 ./Drivers/STM32H7xx_HAL_Driver/Src/stm32h7xx_hal_cortex.o
 .debug_ranges  0x0000000000000470       0x48 ./Drivers/STM32H7xx_HAL_Driver/Src/stm32h7xx_hal_gpio.o
 .debug_ranges  0x00000000000004b8      0x138 ./Drivers/STM32H7xx_HAL_Driver/Src/stm32h7xx_hal_pwr_ex.o
 .debug_ranges  0x00000000000005f0       0x78 ./Drivers/STM32H7xx_HAL_Driver/Src/stm32h7xx_hal_rcc.o
 .debug_ranges  0x0000000000000668       0xe8 ./Drivers/STM32H7xx_HAL_Driver/Src/stm32h7xx_hal_rcc_ex.o
 .debug_ranges  0x0000000000000750      0x3d0 ./Drivers/STM32H7xx_HAL_Driver/Src/stm32h7xx_hal_tim.o
 .debug_ranges  0x0000000000000b20      0x188 ./Drivers/STM32H7xx_HAL_Driver/Src/stm32h7xx_hal_tim_ex.o
 .debug_ranges  0x0000000000000ca8      0x268 ./Drivers/STM32H7xx_HAL_Driver/Src/stm32h7xx_hal_uart.o
 .debug_ranges  0x0000000000000f10       0x90 ./Drivers/STM32H7xx_HAL_Driver/Src/stm32h7xx_hal_uart_ex.o
 .debug_ranges  0x0000000000000fa0       0x10 C:\Users\aymen\Desktop\Kraya\Isac\RLS_DC\Drivers\Lib\GCC\libarm_cortexM7lfdp_math.a(arm_mat_trans_f32.o)
 .debug_ranges  0x0000000000000fb0       0x10 C:\Users\aymen\Desktop\Kraya\Isac\RLS_DC\Drivers\Lib\GCC\libarm_cortexM7lfdp_math.a(arm_mat_sub_f32.o)
 .debug_ranges  0x0000000000000fc0       0x10 C:\Users\aymen\Desktop\Kraya\Isac\RLS_DC\Drivers\Lib\GCC\libarm_cortexM7lfdp_math.a(arm_mat_mult_f32.o)
 .debug_ranges  0x0000000000000fd0       0x10 C:\Users\aymen\Desktop\Kraya\Isac\RLS_DC\Drivers\Lib\GCC\libarm_cortexM7lfdp_math.a(arm_mat_init_f32.o)
 .debug_ranges  0x0000000000000fe0       0x10 C:\Users\aymen\Desktop\Kraya\Isac\RLS_DC\Drivers\Lib\GCC\libarm_cortexM7lfdp_math.a(arm_mat_add_f32.o)

.debug_macro    0x0000000000000000    0x32a38
 .debug_macro   0x0000000000000000      0x34a ./Core/Src/main.o
 .debug_macro   0x000000000000034a      0xac0 ./Core/Src/main.o
 .debug_macro   0x0000000000000e0a      0x238 ./Core/Src/main.o
 .debug_macro   0x0000000000001042       0x2e ./Core/Src/main.o
 .debug_macro   0x0000000000001070       0x3b ./Core/Src/main.o
 .debug_macro   0x00000000000010ab       0x22 ./Core/Src/main.o
 .debug_macro   0x00000000000010cd       0x8e ./Core/Src/main.o
 .debug_macro   0x000000000000115b       0x51 ./Core/Src/main.o
 .debug_macro   0x00000000000011ac      0x103 ./Core/Src/main.o
 .debug_macro   0x00000000000012af       0x6a ./Core/Src/main.o
 .debug_macro   0x0000000000001319      0x1df ./Core/Src/main.o
 .debug_macro   0x00000000000014f8       0x1c ./Core/Src/main.o
 .debug_macro   0x0000000000001514       0x22 ./Core/Src/main.o
 .debug_macro   0x0000000000001536      0x101 ./Core/Src/main.o
 .debug_macro   0x0000000000001637     0x1305 ./Core/Src/main.o
 .debug_macro   0x000000000000293c      0x11f ./Core/Src/main.o
 .debug_macro   0x0000000000002a5b       0x27 ./Core/Src/main.o
 .debug_macro   0x0000000000002a82    0x211bc ./Core/Src/main.o
 .debug_macro   0x0000000000023c3e       0x6d ./Core/Src/main.o
 .debug_macro   0x0000000000023cab     0x3d09 ./Core/Src/main.o
 .debug_macro   0x00000000000279b4      0x174 ./Core/Src/main.o
 .debug_macro   0x0000000000027b28       0x52 ./Core/Src/main.o
 .debug_macro   0x0000000000027b7a       0x17 ./Core/Src/main.o
 .debug_macro   0x0000000000027b91       0x3c ./Core/Src/main.o
 .debug_macro   0x0000000000027bcd       0x34 ./Core/Src/main.o
 .debug_macro   0x0000000000027c01       0x16 ./Core/Src/main.o
 .debug_macro   0x0000000000027c17       0x43 ./Core/Src/main.o
 .debug_macro   0x0000000000027c5a       0x34 ./Core/Src/main.o
 .debug_macro   0x0000000000027c8e       0x10 ./Core/Src/main.o
 .debug_macro   0x0000000000027c9e       0x58 ./Core/Src/main.o
 .debug_macro   0x0000000000027cf6       0x71 ./Core/Src/main.o
 .debug_macro   0x0000000000027d67       0x1c ./Core/Src/main.o
 .debug_macro   0x0000000000027d83      0x12a ./Core/Src/main.o
 .debug_macro   0x0000000000027ead      0x333 ./Core/Src/main.o
 .debug_macro   0x00000000000281e0      0x1a9 ./Core/Src/main.o
 .debug_macro   0x0000000000028389       0x5d ./Core/Src/main.o
 .debug_macro   0x00000000000283e6     0x2462 ./Core/Src/main.o
 .debug_macro   0x000000000002a848     0x104f ./Core/Src/main.o
 .debug_macro   0x000000000002b897      0x14d ./Core/Src/main.o
 .debug_macro   0x000000000002b9e4      0x114 ./Core/Src/main.o
 .debug_macro   0x000000000002baf8      0x3f8 ./Core/Src/main.o
 .debug_macro   0x000000000002bef0       0xac ./Core/Src/main.o
 .debug_macro   0x000000000002bf9c      0x788 ./Core/Src/main.o
 .debug_macro   0x000000000002c724      0x228 ./Core/Src/main.o
 .debug_macro   0x000000000002c94c       0x66 ./Core/Src/main.o
 .debug_macro   0x000000000002c9b2      0x3a6 ./Core/Src/main.o
 .debug_macro   0x000000000002cd58      0x3f9 ./Core/Src/main.o
 .debug_macro   0x000000000002d151      0x275 ./Core/Src/main.o
 .debug_macro   0x000000000002d3c6      0x3ca ./Core/Src/main.o
 .debug_macro   0x000000000002d790      0x45c ./Core/Src/main.o
 .debug_macro   0x000000000002dbec       0x3c ./Core/Src/main.o
 .debug_macro   0x000000000002dc28       0x4a ./Core/Src/main.o
 .debug_macro   0x000000000002dc72      0x22c ./Core/Src/main.o
 .debug_macro   0x000000000002de9e       0x67 ./Core/Src/main.o
 .debug_macro   0x000000000002df05       0xa5 ./Core/Src/main.o
 .debug_macro   0x000000000002dfaa      0x1c4 ./Core/Src/main.o
 .debug_macro   0x000000000002e16e      0x22a ./Core/Src/main.o
 .debug_macro   0x000000000002e398       0x35 ./Core/Src/main.o
 .debug_macro   0x000000000002e3cd      0xb01 ./Core/Src/main.o
 .debug_macro   0x000000000002eece      0x29f ./Core/Src/main.o
 .debug_macro   0x000000000002f16d      0x67e ./Core/Src/main.o
 .debug_macro   0x000000000002f7eb       0xa6 ./Core/Src/main.o
 .debug_macro   0x000000000002f891      0x5e6 ./Core/Src/main.o
 .debug_macro   0x000000000002fe77      0x142 ./Core/Src/main.o
 .debug_macro   0x000000000002ffb9       0x16 ./Core/Src/main.o
 .debug_macro   0x000000000002ffcf       0x35 ./Core/Src/main.o
 .debug_macro   0x0000000000030004       0x20 ./Core/Src/main.o
 .debug_macro   0x0000000000030024      0x201 ./Core/Src/main.o
 .debug_macro   0x0000000000030225       0xc8 ./Core/Src/main.o
 .debug_macro   0x00000000000302ed       0x22 ./Core/Src/main.o
 .debug_macro   0x000000000003030f       0x16 ./Core/Src/main.o
 .debug_macro   0x0000000000030325       0x16 ./Core/Src/main.o
 .debug_macro   0x000000000003033b       0x29 ./Core/Src/main.o
 .debug_macro   0x0000000000030364      0x2b7 ./Core/Src/stm32h7xx_hal_msp.o
 .debug_macro   0x000000000003061b      0x2c1 ./Core/Src/stm32h7xx_it.o
 .debug_macro   0x00000000000308dc       0xff ./Core/Src/sysmem.o
 .debug_macro   0x00000000000309db      0x23b ./Core/Src/sysmem.o
 .debug_macro   0x0000000000030c16      0x2a8 ./Core/Src/system_stm32h7xx.o
 .debug_macro   0x0000000000030ebe      0x2d2 ./Drivers/STM32H7xx_HAL_Driver/Src/stm32h7xx_hal.o
 .debug_macro   0x0000000000031190      0x2a8 ./Drivers/STM32H7xx_HAL_Driver/Src/stm32h7xx_hal_cortex.o
 .debug_macro   0x0000000000031438      0x2af ./Drivers/STM32H7xx_HAL_Driver/Src/stm32h7xx_hal_gpio.o
 .debug_macro   0x00000000000316e7      0x2e1 ./Drivers/STM32H7xx_HAL_Driver/Src/stm32h7xx_hal_pwr_ex.o
 .debug_macro   0x00000000000319c8      0x2cc ./Drivers/STM32H7xx_HAL_Driver/Src/stm32h7xx_hal_rcc.o
 .debug_macro   0x0000000000031c94      0x2c6 ./Drivers/STM32H7xx_HAL_Driver/Src/stm32h7xx_hal_rcc_ex.o
 .debug_macro   0x0000000000031f5a      0x2a9 ./Drivers/STM32H7xx_HAL_Driver/Src/stm32h7xx_hal_tim.o
 .debug_macro   0x0000000000032203      0x2ae ./Drivers/STM32H7xx_HAL_Driver/Src/stm32h7xx_hal_tim_ex.o
 .debug_macro   0x00000000000324b1      0x2d3 ./Drivers/STM32H7xx_HAL_Driver/Src/stm32h7xx_hal_uart.o
 .debug_macro   0x0000000000032784      0x2b4 ./Drivers/STM32H7xx_HAL_Driver/Src/stm32h7xx_hal_uart_ex.o

.debug_line     0x0000000000000000    0x15699
 .debug_line    0x0000000000000000     0x12ea ./Core/Src/main.o
 .debug_line    0x00000000000012ea      0xa31 ./Core/Src/stm32h7xx_hal_msp.o
 .debug_line    0x0000000000001d1b      0x97c ./Core/Src/stm32h7xx_it.o
 .debug_line    0x0000000000002697      0x4f8 ./Core/Src/sysmem.o
 .debug_line    0x0000000000002b8f      0xa01 ./Core/Src/system_stm32h7xx.o