main.c:129:5:main	8	static
main.c:206:6:SystemClock_Config	120	static
main.c:263:13:MX_TIM2_Init	40	static
main.c:308:13:MX_TIM3_Init	56	static
main.c:357:13:MX_TIM4_Init	64	static
main.c:416:13:MX_TIM5_Init	40	static
main.c:461:13:MX_TIM8_Init	56	static
main.c:521:13:MX_TIM23_Init	40	static
main.c:566:13:MX_TIM24_Init	40	static
main.c:611:13:MX_USART3_UART_Init	8	static
main.c:659:13:MX_USB_OTG_HS_USB_Init	4	static
main.c:680:13:MX_GPIO_Init	56	static
main.c:805:7:speed_aq	16	static
main.c:821:6:init_param_calcul_teta	88	static
main.c:896:6:teta_calc	48	static
main.c:949:6:update_X	24	static
main.c:968:6:init_rls	48	static
main.c:1005:11:rep_sys	24	static
main.c:1016:6:HAL_TIM_PeriodElapsedCallback	24	static
main.c:1043:6:Error_Handler	4	static,ignoring_inline_asm
