main.c:111:5:main	24	static
main.c:197:6:SystemClock_Config	120	static
main.c:254:13:MX_TIM2_Init	40	static
main.c:299:13:MX_TIM3_Init	56	static
main.c:348:13:MX_TIM4_Init	64	static
main.c:407:13:MX_TIM5_Init	40	static
main.c:452:13:MX_TIM8_Init	56	static
main.c:512:13:MX_TIM23_Init	40	static
main.c:557:13:MX_TIM24_Init	40	static
main.c:602:13:MX_USART3_UART_Init	8	static
main.c:650:13:MX_USB_OTG_HS_USB_Init	4	static
main.c:671:13:MX_GPIO_Init	56	static
main.c:801:5:pulses	4	static
main.c:814:6:HAL_TIM_PeriodElapsedCallback	24	static
main.c:837:6:Error_Handler	4	static,ignoring_inline_asm
