../Core/Src/main.c:116:5:main	8	static
../Core/Src/main.c:187:6:SystemClock_Config	120	static
../Core/Src/main.c:244:13:MX_TIM2_Init	40	static
../Core/Src/main.c:289:13:MX_TIM3_Init	56	static
../Core/Src/main.c:338:13:MX_TIM4_Init	64	static
../Core/Src/main.c:397:13:MX_TIM5_Init	40	static
../Core/Src/main.c:442:13:MX_TIM8_Init	56	static
../Core/Src/main.c:502:13:MX_TIM23_Init	40	static
../Core/Src/main.c:547:13:MX_TIM24_Init	40	static
../Core/Src/main.c:592:13:MX_USART3_UART_Init	8	static
../Core/Src/main.c:640:13:MX_USB_OTG_HS_USB_Init	4	static
../Core/Src/main.c:661:13:MX_GPIO_Init	56	static
../Core/Src/main.c:786:7:speed_aq	16	static
../Core/Src/main.c:799:6:HAL_TIM_PeriodElapsedCallback	24	static
../Core/Src/main.c:826:6:Error_Handler	4	static,ignoring_inline_asm
