Archive member included to satisfy reference by file (symbol)

c:/st/stm32cubeide_1.9.0/stm32cubeide/plugins/com.st.stm32cube.ide.mcu.externaltools.gnu-tools-for-stm32.10.3-2021.10.win32_1.0.0.202111181127/tools/bin/../lib/gcc/arm-none-eabi/10.3.1/../../../../arm-none-eabi/lib/thumb/v7e-m+dp/hard\librdimon_nano.a(rdimon-syscalls.o)
                              c:/st/stm32cubeide_1.9.0/stm32cubeide/plugins/com.st.stm32cube.ide.mcu.externaltools.gnu-tools-for-stm32.10.3-2021.10.win32_1.0.0.202111181127/tools/bin/../lib/gcc/arm-none-eabi/10.3.1/../../../../arm-none-eabi/lib/thumb/v7e-m+dp/hard/rdimon-crt0.o (initialise_monitor_handles)
c:/st/stm32cubeide_1.9.0/stm32cubeide/plugins/com.st.stm32cube.ide.mcu.externaltools.gnu-tools-for-stm32.10.3-2021.10.win32_1.0.0.202111181127/tools/bin/../lib/gcc/arm-none-eabi/10.3.1/../../../../arm-none-eabi/lib/thumb/v7e-m+dp/hard\libc_nano.a(lib_a-errno.o)
                              ./Core/Src/sysmem.o (__errno)
c:/st/stm32cubeide_1.9.0/stm32cubeide/plugins/com.st.stm32cube.ide.mcu.externaltools.gnu-tools-for-stm32.10.3-2021.10.win32_1.0.0.202111181127/tools/bin/../lib/gcc/arm-none-eabi/10.3.1/../../../../arm-none-eabi/lib/thumb/v7e-m+dp/hard\libc_nano.a(lib_a-exit.o)
                              c:/st/stm32cubeide_1.9.0/stm32cubeide/plugins/com.st.stm32cube.ide.mcu.externaltools.gnu-tools-for-stm32.10.3-2021.10.win32_1.0.0.202111181127/tools/bin/../lib/gcc/arm-none-eabi/10.3.1/../../../../arm-none-eabi/lib/thumb/v7e-m+dp/hard/rdimon-crt0.o (exit)
c:/st/stm32cubeide_1.9.0/stm32cubeide/plugins/com.st.stm32cube.ide.mcu.externaltools.gnu-tools-for-stm32.10.3-2021.10.win32_1.0.0.202111181127/tools/bin/../lib/gcc/arm-none-eabi/10.3.1/../../../../arm-none-eabi/lib/thumb/v7e-m+dp/hard\libc_nano.a(lib_a-fclose.o)
                              ./Core/Src/main.o (fclose)
c:/st/stm32cubeide_1.9.0/stm32cubeide/plugins/com.st.stm32cube.ide.mcu.externaltools.gnu-tools-for-stm32.10.3-2021.10.win32_1.0.0.202111181127/tools/bin/../lib/gcc/arm-none-eabi/10.3.1/../../../../arm-none-eabi/lib/thumb/v7e-m+dp/hard\libc_nano.a(lib_a-fflush.o)
                              c:/st/stm32cubeide_1.9.0/stm32cubeide/plugins/com.st.stm32cube.ide.mcu.externaltools.gnu-tools-for-stm32.10.3-2021.10.win32_1.0.0.202111181127/tools/bin/../lib/gcc/arm-none-eabi/10.3.1/../../../../arm-none-eabi/lib/thumb/v7e-m+dp/hard\libc_nano.a(lib_a-fclose.o) (__sflush_r)
c:/st/stm32cubeide_1.9.0/stm32cubeide/plugins/com.st.stm32cube.ide.mcu.externaltools.gnu-tools-for-stm32.10.3-2021.10.win32_1.0.0.202111181127/tools/bin/../lib/gcc/arm-none-eabi/10.3.1/../../../../arm-none-eabi/lib/thumb/v7e-m+dp/hard\libc_nano.a(lib_a-findfp.o)
                              c:/st/stm32cubeide_1.9.0/stm32cubeide/plugins/com.st.stm32cube.ide.mcu.externaltools.gnu-tools-for-stm32.10.3-2021.10.win32_1.0.0.202111181127/tools/bin/../lib/gcc/arm-none-eabi/10.3.1/../../../../arm-none-eabi/lib/thumb/v7e-m+dp/hard\libc_nano.a(lib_a-fclose.o) (__sfp_lock_acquire)
c:/st/stm32cubeide_1.9.0/stm32cubeide/plugins/com.st.stm32cube.ide.mcu.externaltools.gnu-tools-for-stm32.10.3-2021.10.win32_1.0.0.202111181127/tools/bin/../lib/gcc/arm-none-eabi/10.3.1/../../../../arm-none-eabi/lib/thumb/v7e-m+dp/hard\libc_nano.a(lib_a-fopen.o)
                              ./Core/Src/main.o (fopen)
c:/st/stm32cubeide_1.9.0/stm32cubeide/plugins/com.st.stm32cube.ide.mcu.externaltools.gnu-tools-for-stm32.10.3-2021.10.win32_1.0.0.202111181127/tools/bin/../lib/gcc/arm-none-eabi/10.3.1/../../../../arm-none-eabi/lib/thumb/v7e-m+dp/hard\libc_nano.a(lib_a-fseek.o)
                              c:/st/stm32cubeide_1.9.0/stm32cubeide/plugins/com.st.stm32cube.ide.mcu.externaltools.gnu-tools-for-stm32.10.3-2021.10.win32_1.0.0.202111181127/tools/bin/../lib/gcc/arm-none-eabi/10.3.1/../../../../arm-none-eabi/lib/thumb/v7e-m+dp/hard\libc_nano.a(lib_a-fopen.o) (_fseek_r)
c:/st/stm32cubeide_1.9.0/stm32cubeide/plugins/com.st.stm32cube.ide.mcu.externaltools.gnu-tools-for-stm32.10.3-2021.10.win32_1.0.0.202111181127/tools/bin/../lib/gcc/arm-none-eabi/10.3.1/../../../../arm-none-eabi/lib/thumb/v7e-m+dp/hard\libc_nano.a(lib_a-fseeko.o)
                              c:/st/stm32cubeide_1.9.0/stm32cubeide/plugins/com.st.stm32cube.ide.mcu.externaltools.gnu-tools-for-stm32.10.3-2021.10.win32_1.0.0.202111181127/tools/bin/../lib/gcc/arm-none-eabi/10.3.1/../../../../arm-none-eabi/lib/thumb/v7e-m+dp/hard\libc_nano.a(lib_a-fseek.o) (_fseeko_r)
c:/st/stm32cubeide_1.9.0/stm32cubeide/plugins/com.st.stm32cube.ide.mcu.externaltools.gnu-tools-for-stm32.10.3-2021.10.win32_1.0.0.202111181127/tools/bin/../lib/gcc/arm-none-eabi/10.3.1/../../../../arm-none-eabi/lib/thumb/v7e-m+dp/hard\libc_nano.a(lib_a-fwalk.o)
                              c:/st/stm32cubeide_1.9.0/stm32cubeide/plugins/com.st.stm32cube.ide.mcu.externaltools.gnu-tools-for-stm32.10.3-2021.10.win32_1.0.0.202111181127/tools/bin/../lib/gcc/arm-none-eabi/10.3.1/../../../../arm-none-eabi/lib/thumb/v7e-m+dp/hard\libc_nano.a(lib_a-findfp.o) (_fwalk)
[...]
Memory Configuration

Name             Origin             Length             Attributes
ITCMRAM          0x0000000000000000 0x0000000000010000 xrw
DTCMRAM          0x0000000020000000 0x0000000000020000 xrw
FLASH            0x0000000008000000 0x0000000000100000 xr
RAM_D1           0x0000000024000000 0x0000000000050000 xrw
RAM_D2           0x0000000030000000 0x0000000000008000 xrw
RAM_D3           0x0000000038000000 0x0000000000004000 xrw
*default*        0x0000000000000000 0xffffffffffffffff

Linker script and memory map

LOAD c:/st/stm32cubeide_1.9.0/stm32cubeide/plugins/com.st.stm32cube.ide.mcu.externaltools.gnu-tools-for-stm32.10.3-2021.10.win32_1.0.0.202111181127/tools/bin/../lib/gcc/arm-none-eabi/10.3.1/thumb/v7e-m+dp/hard/crti.o
LOAD c:/st/stm32cubeide_1.9.0/stm32cubeide/plugins/com.st.stm32cube.ide.mcu.externaltools.gnu-tools-for-stm32.10.3-2021.10.win32_1.0.0.202111181127/tools/bin/../lib/gcc/arm-none-eabi/10.3.1/thumb/v7e-m+dp/hard/crtbegin.o
LOAD c:/st/stm32cubeide_1.9.0/stm32cubeide/plugins/com.st.stm32cube.ide.mcu.externaltools.gnu-tools-for-stm32.10.3-2021.10.win32_1.0.0.202111181127/tools/bin/../lib/gcc/arm-none-eabi/10.3.1/../../../../arm-none-eabi/lib/thumb/v7e-m+dp/hard/rdimon-crt0.o
LOAD ./Core/Src/main.o
LOAD ./Core/Src/stm32h7xx_hal_msp.o
LOAD ./Core/Src/stm32h7xx_it.o
LOAD ./Core/Src/sysmem.o
LOAD ./Core/Src/system_stm32h7xx.o
LOAD ./Core/Startup/startup_stm32h723zgtx.o
LOAD ./Drivers/STM32H7xx_HAL_Driver/Src/stm32h7xx_hal.o
LOAD ./Drivers/STM32H7xx_HAL_Driver/Src/stm32h7xx_hal_cortex.o
LOAD ./Drivers/STM32H7xx_HAL_Driver/Src/stm32h7xx_hal_dma.o
LOAD ./Drivers/STM32H7xx_HAL_Driver/Src/stm32h7xx_hal_dma_ex.o
LOAD ./Drivers/STM32H7xx_HAL_Driver/Src/stm32h7xx_hal_exti.o
LOAD ./Drivers/STM32H7xx_HAL_Driver/Src/stm32h7xx_hal_flash.o
LOAD ./Drivers/STM32H7xx_HAL_Driver/Src/stm32h7xx_hal_flash_ex.o
LOAD ./Drivers/STM32H7xx_HAL_Driver/Src/stm32h7xx_hal_gpio.o
LOAD ./Drivers/STM32H7xx_HAL_Driver/Src/stm32h7xx_hal_hsem.o
LOAD ./Drivers/STM32H7xx_HAL_Driver/Src/stm32h7xx_hal_i2c.o
LOAD ./Drivers/STM32H7xx_HAL_Driver/Src/stm32h7xx_hal_i2c_ex.o
LOAD ./Drivers/STM32H7xx_HAL_Driver/Src/stm32h7xx_hal_mdma.o
LOAD ./Drivers/STM32H7xx_HAL_Driver/Src/stm32h7xx_hal_pwr.o
LOAD ./Drivers/STM32H7xx_HAL_Driver/Src/stm32h7xx_hal_pwr_ex.o
LOAD ./Drivers/STM32H7xx_HAL_Driver/Src/stm32h7xx_hal_rcc.o
LOAD ./Drivers/STM32H7xx_HAL_Driver/Src/stm32h7xx_hal_rcc_ex.o
LOAD ./Drivers/STM32H7xx_HAL_Driver/Src/stm32h7xx_hal_tim.o
LOAD ./Drivers/STM32H7xx_HAL_Driver/Src/stm32h7xx_hal_tim_ex.o
LOAD ./Drivers/STM32H7xx_HAL_Driver/Src/stm32h7xx_hal_uart.o
LOAD ./Drivers/STM32H7xx_HAL_Driver/Src/stm32h7xx_hal_uart_ex.o
LOAD c:/st/stm32cubeide_1.9.0/stm32cubeide/plugins/com.st.stm32cube.ide.mcu.externaltools.gnu-tools-for-stm32.10.3-2021.10.win32_1.0.0.202111181127/tools/bin/../lib/gcc/arm-none-eabi/10.3.1/../../../../arm-none-eabi/lib/thumb/v7e-m+dp/hard\librdimon_nano.a
LOAD C:\Users\aymen\Desktop\Kraya\Isac\Data Acqu\Drivers\CMSIS\Lib\GCC\libarm_cortexM7lfsp_math.a
START GROUP
LOAD c:/st/stm32cubeide_1.9.0/stm32cubeide/plugins/com.st.stm32cube.ide.mcu.externaltools.gnu-tools-for-stm32.10.3-2021.10.win32_1.0.0.202111181127/tools/bin/../lib/gcc/arm-none-eabi/10.3.1/../../../../arm-none-eabi/lib/thumb/v7e-m+dp/hard\libc_nano.a
LOAD c:/st/stm32cubeide_1.9.0/stm32cubeide/plugins/com.st.stm32cube.ide.mcu.externaltools.gnu-tools-for-stm32.10.3-2021.10.win32_1.0.0.202111181127/tools/bin/../lib/gcc/arm-none-eabi/10.3.1/../../../../arm-none-eabi/lib/thumb/v7e-m+dp/hard\libm.a
END GROUP
START GROUP
LOAD c:/st/stm32cubeide_1.9.0/stm32cubeide/plugins/com.st.stm32cube.ide.mcu.externaltools.gnu-tools-for-stm32.10.3-2021.10.win32_1.0.0.202111181127/tools/bin/../lib/gcc/arm-none-eabi/10.3.1/thumb/v7e-m+dp/hard\libgcc.a
LOAD c:/st/stm32cubeide_1.9.0/stm32cubeide/plugins/com.st.stm32cube.ide.mcu.externaltools.gnu-tools-for-stm32.10.3-2021.10.win32_1.0.0.202111181127/tools/bin/../lib/gcc/arm-none-eabi/10.3.1/../../../../arm-none-eabi/lib/thumb/v7e-m+dp/hard\libc_nano.a
END GROUP
START GROUP
LOAD c:/st/stm32cubeide_1.9.0/stm32cubeide/plugins/com.st.stm32cube.ide.mcu.externaltools.gnu-tools-for-stm32.10.3-2021.10.win32_1.0.0.202111181127/tools/bin/../lib/gcc/arm-none-eabi/10.3.1/thumb/v7e-m+dp/hard\libgcc.a
LOAD c:/st/stm32cubeide_1.9.0/stm32cubeide/plugins/com.st.stm32cube.ide.mcu.externaltools.gnu-tools-for-stm32.10.3-2021.10.win32_1.0.0.202111181127/tools/bin/../lib/gcc/arm-none-eabi/10.3.1/../../../../arm-none-eabi/lib/thumb/v7e-m+dp/hard\libc_nano.a
LOAD c:/st/stm32cubeide_1.9.0/stm32cubeide/plugins/com.st.stm32cube.ide.mcu.externaltools.gnu-tools-for-stm32.10.3-2021.10.win32_1.0.0.202111181127/tools/bin/../lib/gcc/arm-none-eabi/10.3.1/../../../../arm-none-eabi/lib/thumb/v7e-m+dp/hard\libnosys.a
END GROUP
START GROUP
LOAD c:/st/stm32cubeide_1.9.0/stm32cubeide/plugins/com.st.stm32cube.ide.mcu.externaltools.gnu-tools-for-stm32.10.3-2021.10.win32_1.0.0.202111181127/tools/bin/../lib/gcc/arm-none-eabi/10.3.1/thumb/v7e-m+dp/hard\libgcc.a
LOAD c:/st/stm32cubeide_1.9.0/stm32cubeide/plugins/com.st.stm32cube.ide.mcu.externaltools.gnu-tools-for-stm32.10.3-2021.10.win32_1.0.0.202111181127/tools/bin/../lib/gcc/arm-none-eabi/10.3.1/../../../../arm-none-eabi/lib/thumb/v7e-m+dp/hard\libc_nano.a
LOAD c:/st/stm32cubeide_1.9.0/stm32cubeide/plugins/com.st.stm32cube.ide.mcu.externaltools.gnu-tools-for-stm32.10.3-2021.10.win32_1.0.0.202111181127/tools/bin/../lib/gcc/arm-none-eabi/10.3.1/../../../../arm-none-eabi/lib/thumb/v7e-m+dp/hard\librdimon_nano.a
END GROUP
START GROUP
LOAD c:/st/stm32cubeide_1.9.0/stm32cubeide/plugins/com.st.stm32cube.ide.mcu.externaltools.gnu-tools-for-stm32.10.3-2021.10.win32_1.0.0.202111181127/tools/bin/../lib/gcc/arm-none-eabi/10.3.1/thumb/v7e-m+dp/hard\libgcc.a
LOAD c:/st/stm32cubeide_1.9.0/stm32cubeide/plugins/com.st.stm32cube.ide.mcu.externaltools.gnu-tools-for-stm32.10.3-2021.10.win32_1.0.0.202111181127/tools/bin/../lib/gcc/arm-none-eabi/10.3.1/../../../../arm-none-eabi/lib/thumb/v7e-m+dp/hard\libc_nano.a
LOAD c:/st/stm32cubeide_1.9.0/stm32cubeide/plugins/com.st.stm32cube.ide.mcu.externaltools.gnu-tools-for-stm32.10.3-2021.10.win32_1.0.0.202111181127/tools/bin/../lib/gcc/arm-none-eabi/10.3.1/../../../../arm-none-eabi/lib/thumb/v7e-m+dp/hard\librdimon_nano.a
LOAD c:/st/stm32cubeide_1.9.0/stm32cubeide/plugins/com.st.stm32cube.ide.mcu.externaltools.gnu-tools-for-stm32.10.3-2021.10.win32_1.0.0.202111181127/tools/bin/../lib/gcc/arm-none-eabi/10.3.1/../../../../arm-none-eabi/lib/thumb/v7e-m+dp/hard\libnosys.a
END GROUP
LOAD c:/st/stm32cubeide_1.9.0/stm32cubeide/plugins/com.st.stm32cube.ide.mcu.externaltools.gnu-tools-for-stm32.10.3-2021.10.win32_1.0.0.202111181127/tools/bin/../lib/gcc/arm-none-eabi/10.3.1/thumb/v7e-m+dp/hard/crtend.o
LOAD c:/st/stm32cubeide_1.9.0/stm32cubeide/plugins/com.st.stm32cube.ide.mcu.externaltools.gnu-tools-for-stm32.10.3-2021.10.win32_1.0.0.202111181127/tools/bin/../lib/gcc/arm-none-eabi/10.3.1/thumb/v7e-m+dp/hard/crtn.o
                0x0000000024050000                _estack = (ORIGIN (RAM_D1) + LENGTH (RAM_D1))
                0x0000000000000200                _Min_Heap_Size = 0x200
                0x0000000000000400                _Min_Stack_Size = 0x400

.isr_vector     0x0000000008000000      0x2cc
                0x0000000008000000                . = ALIGN (0x4)
 *(.isr_vector)
 .isr_vector    0x0000000008000000      0x2cc ./Core/Startup/startup_stm32h723zgtx.o
                0x0000000008000000                g_pfnVectors
                0x00000000080002cc                . = ALIGN (0x4)

.text           0x00000000080002d0     0x9ba8
                0x00000000080002d0                . = ALIGN (0x4)
 *(.text)
 .text          0x00000000080002d0       0x40 c:/st/stm32cubeide_1.9.0/stm32cubeide/plugins/com.st.stm32cube.ide.mcu.externaltools.gnu-tools-for-stm32.10.3-2021.10.win32_1.0.0.202111181127/tools/bin/../lib/gcc/arm-none-eabi/10.3.1/thumb/v7e-m+dp/hard/crtbegin.o
 .text          0x0000000008000310       0x10 c:/st/stm32cubeide_1.9.0/stm32cubeide/plugins/com.st.stm32cube.ide.mcu.externaltools.gnu-tools-for-stm32.10.3-2021.10.win32_1.0.0.202111181127/tools/bin/../lib/gcc/arm-none-eabi/10.3.1/../../../../arm-none-eabi/lib/thumb/v7e-m+dp/hard\libc_nano.a(lib_a-strlen.o)
                0x0000000008000310                strlen
 .text          0x0000000008000320       0xa0 c:/st/stm32cubeide_1.9.0/stm32cubeide/plugins/com.st.stm32cube.ide.mcu.externaltools.gnu-tools-for-stm32.10.3-2021.10.win32_1.0.0.202111181127/tools/bin/../lib/gcc/arm-none-eabi/10.3.1/../../../../arm-none-eabi/lib/thumb/v7e-m+dp/hard\libc_nano.a(lib_a-memchr.o)
                0x0000000008000320                memchr
 .text          0x00000000080003c0       0x30 c:/st/stm32cubeide_1.9.0/stm32cubeide/plugins/com.st.stm32cube.ide.mcu.externaltools.gnu-tools-for-stm32.10.3-2021.10.win32_1.0.0.202111181127/tools/bin/../lib/gcc/arm-none-eabi/10.3.1/thumb/v7e-m+dp/hard\libgcc.a(_aeabi_uldivmod.o)
                0x00000000080003c0                __aeabi_uldivmod
 .text          0x00000000080003f0      0x2d0 c:/st/stm32cubeide_1.9.0/stm32cubeide/plugins/com.st.stm32cube.ide.mcu.externaltools.gnu-tools-for-stm32.10.3-2021.10.win32_1.0.0.202111181127/tools/bin/../lib/gcc/arm-none-eabi/10.3.1/thumb/v7e-m+dp/hard\libgcc.a(_udivmoddi4.o)
                0x00000000080003f0                __udivmoddi4
 .text          0x00000000080006c0        0x4 c:/st/stm32cubeide_1.9.0/stm32cubeide/plugins/com.st.stm32cube.ide.mcu.externaltools.gnu-tools-for-stm32.10.3-2021.10.win32_1.0.0.202111181127/tools/bin/../lib/gcc/arm-none-eabi/10.3.1/thumb/v7e-m+dp/hard\libgcc.a(_dvmd_tls.o)
                0x00000000080006c0                __aeabi_idiv0
                0x00000000080006c0                __aeabi_ldiv0
 *(.text*)
 .text.main     0x00000000080006c4       0xc8 ./Core/Src/main.o
                0x00000000080006c4                main
 .text.SystemClock_Config
                0x000000000800078c       0xe0 ./Core/Src/main.o
                0x000000000800078c                SystemClock_Config
 .text.MX_TIM2_Init
                0x000000000800086c       0x9c ./Core/Src/main.o
 .text.MX_TIM3_Init
                0x0000000008000908       0xac ./Core/Src/main.o
 .text.MX_TIM4_Init
                0x00000000080009b4       0xf0 ./Core/Src/main.o
 .text.MX_TIM5_Init
                0x0000000008000aa4       0xa0 ./Core/Src/main.o
 .text.MX_TIM8_Init
                0x0000000008000b44       0xf0 ./Core/Src/main.o
 .text.MX_TIM23_Init
                0x0000000008000c34       0xa0 ./Core/Src/main.o
 .text.MX_TIM24_Init
                0x0000000008000cd4       0x9c ./Core/Src/main.o
 .text.MX_USART3_UART_Init
                0x0000000008000d70       0x98 ./Core/Src/main.o
 .text.MX_USB_OTG_HS_USB_Init
                0x0000000008000e08        0xe ./Core/Src/main.o
 *fill*         0x0000000008000e16        0x2 
 .text.MX_GPIO_Init
                0x0000000008000e18      0x2d4 ./Core/Src/main.o
 *fill*         0x00000000080010ec        0x4 
 .text.pulses   0x00000000080010f0       0x80 ./Core/Src/main.o
                0x00000000080010f0                pulses
 .text.speed_aq
                0x0000000008001170       0x80 ./Core/Src/main.o
                0x0000000008001170                speed_aq
 .text.Data_Aqc
                0x00000000080011f0       0xec ./Core/Src/main.o
                0x00000000080011f0                Data_Aqc
 *fill*         0x00000000080012dc        0x4 
 .text.HAL_TIM_PeriodElapsedCallback
                0x00000000080012e0      0x204 ./Core/Src/main.o
                0x00000000080012e0                HAL_TIM_PeriodElapsedCallback
 .text.Error_Handler
                0x00000000080014e4        0xa ./Core/Src/main.o
                0x00000000080014e4                Error_Handler
 *fill*         0x00000000080014ee        0x2 
 .text.HAL_MspInit
                0x00000000080014f0       0x34 ./Core/Src/stm32h7xx_hal_msp.o
                0x00000000080014f0                HAL_MspInit
 .text.HAL_TIM_Base_MspInit
                0x0000000008001524      0x1a8 ./Core/Src/stm32h7xx_hal_msp.o
                0x0000000008001524                HAL_TIM_Base_MspInit
 .text.HAL_TIM_Encoder_MspInit
                0x00000000080016cc       0x94 ./Core/Src/stm32h7xx_hal_msp.o
                0x00000000080016cc                HAL_TIM_Encoder_MspInit
 .text.HAL_TIM_MspPostInit
                0x0000000008001760       0x78 ./Core/Src/stm32h7xx_hal_msp.o
                0x0000000008001760                HAL_TIM_MspPostInit
 .text.HAL_UART_MspInit
                0x00000000080017d8       0xcc ./Core/Src/stm32h7xx_hal_msp.o
                0x00000000080017d8                HAL_UART_MspInit
 .text.NMI_Handler
                0x00000000080018a4        0x6 ./Core/Src/stm32h7xx_it.o
                0x00000000080018a4                NMI_Handler
 .text.HardFault_Handler
                0x00000000080018aa        0x6 ./Core/Src/stm32h7xx_it.o
                0x00000000080018aa                HardFault_Handler
 .text.MemManage_Handler
                0x00000000080018b0        0x6 ./Core/Src/stm32h7xx_it.o
                0x00000000080018b0                MemManage_Handler
 .text.BusFault_Handler
                0x00000000080018b6        0x6 ./Core/Src/stm32h7xx_it.o
                0x00000000080018b6                BusFault_Handler
 .text.UsageFault_Handler
                0x00000000080018bc        0x6 ./Core/Src/stm32h7xx_it.o
                0x00000000080018bc                UsageFault_Handler
 .text.SVC_Handler
                0x00000000080018c2        0xe ./Core/Src/stm32h7xx_it.o
                0x00000000080018c2                SVC_Handler
 .text.DebugMon_Handler
                0x00000000080018d0        0xe ./Core/Src/stm32h7xx_it.o
                0x00000000080018d0                DebugMon_Handler
 .text.PendSV_Handler
                0x00000000080018de        0xe ./Core/Src/stm32h7xx_it.o
                0x00000000080018de                PendSV_Handler
 .text.SysTick_Handler
                0x00000000080018ec        0xc ./Core/Src/stm32h7xx_it.o
                0x00000000080018ec                SysTick_Handler
 .text.TIM2_IRQHandler
                0x00000000080018f8       0x14 ./Core/Src/stm32h7xx_it.o
                0x00000000080018f8                TIM2_IRQHandler
 .text.EXTI15_10_IRQHandler
                0x000000000800190c       0x10 ./Core/Src/stm32h7xx_it.o
                0x000000000800190c                EXTI15_10_IRQHandler
 .text.TIM23_IRQHandler
                0x000000000800191c       0x14 ./Core/Src/stm32h7xx_it.o
                0x000000000800191c                TIM23_IRQHandler
 .text.TIM24_IRQHandler
                0x0000000008001930       0x14 ./Core/Src/stm32h7xx_it.o
                0x0000000008001930                TIM24_IRQHandler
 .text._sbrk    0x0000000008001944       0x6c ./Core/Src/sysmem.o
                0x0000000008001944                _sbrk
 .text.SystemInit
                0x00000000080019b0       0xf0 ./Core/Src/system_stm32h7xx.o
                0x00000000080019b0                SystemInit
 .text.Reset_Handler
                0x0000000008001aa0       0x50 ./Core/Startup/startup_stm32h723zgtx.o
                0x0000000008001aa0                Reset_Handler
 .text.Default_Handler
                0x0000000008001af0        0x2 ./Core/Startup/startup_stm32h723zgtx.o
                0x0000000008001af0                RTC_Alarm_IRQHandler
                0x0000000008001af0                EXTI2_IRQHandler
                0x0000000008001af0                TIM8_CC_IRQHandler
                0x0000000008001af0                UART8_IRQHandler
                0x0000000008001af0                SPI4_IRQHandler
                0x0000000008001af0                FDCAN3_IT0_IRQHandler
                0x0000000008001af0                TIM1_CC_IRQHandler
                0x0000000008001af0                BDMA_Channel6_IRQHandler
                0x0000000008001af0                DMA2_Stream5_IRQHandler
                0x0000000008001af0                DMA1_Stream5_IRQHandler
                0x0000000008001af0                CORDIC_IRQHandler
                0x0000000008001af0                BDMA_Channel1_IRQHandler
                0x0000000008001af0                TAMP_STAMP_IRQHandler
                0x0000000008001af0                EXTI3_IRQHandler
                0x0000000008001af0                LPTIM4_IRQHandler
                0x0000000008001af0                TIM8_TRG_COM_TIM14_IRQHandler
                0x0000000008001af0                LPTIM2_IRQHandler
                0x0000000008001af0                DFSDM1_FLT1_IRQHandler
                0x0000000008001af0                DMAMUX2_OVR_IRQHandler
                0x0000000008001af0                TIM8_UP_TIM13_IRQHandler
                0x0000000008001af0                I2C3_ER_IRQHandler
                0x0000000008001af0                DFSDM1_FLT2_IRQHandler
                0x0000000008001af0                I2C5_EV_IRQHandler
                0x0000000008001af0                USART10_IRQHandler
                0x0000000008001af0                MDMA_IRQHandler
                0x0000000008001af0                LPTIM3_IRQHandler
                0x0000000008001af0                HSEM1_IRQHandler
                0x0000000008001af0                EXTI0_IRQHandler
                0x0000000008001af0                I2C2_EV_IRQHandler
                0x0000000008001af0                DMA1_Stream2_IRQHandler
                0x0000000008001af0                FPU_IRQHandler
                0x0000000008001af0                OTG_HS_WKUP_IRQHandler
                0x0000000008001af0                FDCAN1_IT1_IRQHandler
                0x0000000008001af0                LTDC_ER_IRQHandler
                0x0000000008001af0                DMA2_Stream2_IRQHandler
                0x0000000008001af0                SPI1_IRQHandler
                0x0000000008001af0                OCTOSPI1_IRQHandler
                0x0000000008001af0                TIM6_DAC_IRQHandler
                0x0000000008001af0                DMA2_Stream3_IRQHandler
                0x0000000008001af0                OCTOSPI2_IRQHandler
                0x0000000008001af0                DFSDM1_FLT3_IRQHandler
                0x0000000008001af0                USART6_IRQHandler
                0x0000000008001af0                TIM17_IRQHandler
                0x0000000008001af0                USART3_IRQHandler
                0x0000000008001af0                BDMA_Channel7_IRQHandler
                0x0000000008001af0                LPTIM5_IRQHandler
                0x0000000008001af0                UART5_IRQHandler
                0x0000000008001af0                ADC3_IRQHandler
                0x0000000008001af0                DMA2_Stream0_IRQHandler
                0x0000000008001af0                TIM4_IRQHandler
                0x0000000008001af0                BDMA_Channel2_IRQHandler
                0x0000000008001af0                I2C1_EV_IRQHandler
                0x0000000008001af0                DMA1_Stream6_IRQHandler
                0x0000000008001af0                DMAMUX1_OVR_IRQHandler
                0x0000000008001af0                DMA1_Stream1_IRQHandler
                0x0000000008001af0                TIM16_IRQHandler
                0x0000000008001af0                UART4_IRQHandler
                0x0000000008001af0                BDMA_Channel5_IRQHandler
                0x0000000008001af0                TIM3_IRQHandler
                0x0000000008001af0                RCC_IRQHandler
                0x0000000008001af0                UART9_IRQHandler
                0x0000000008001af0                TIM8_BRK_TIM12_IRQHandler
                0x0000000008001af0                TIM1_TRG_COM_IRQHandler
                0x0000000008001af0                Default_Handler
                0x0000000008001af0                ECC_IRQHandler
                0x0000000008001af0                FMAC_IRQHandler
                0x0000000008001af0                CEC_IRQHandler
                0x0000000008001af0                BDMA_Channel0_IRQHandler
                0x0000000008001af0                ADC_IRQHandler
                0x0000000008001af0                I2C5_ER_IRQHandler
                0x0000000008001af0                DMA1_Stream7_IRQHandler
                0x0000000008001af0                SPI5_IRQHandler
                0x0000000008001af0                TIM7_IRQHandler
                0x0000000008001af0                FDCAN3_IT1_IRQHandler
                0x0000000008001af0                SDMMC1_IRQHandler
                0x0000000008001af0                TIM5_IRQHandler
                0x0000000008001af0                DMA2_Stream7_IRQHandler
                0x0000000008001af0                TIM15_IRQHandler
                0x0000000008001af0                PVD_AVD_IRQHandler
                0x0000000008001af0                I2C3_EV_IRQHandler
                0x0000000008001af0                EXTI9_5_IRQHandler
                0x0000000008001af0                RTC_WKUP_IRQHandler
                0x0000000008001af0                LTDC_IRQHandler
                0x0000000008001af0                ETH_WKUP_IRQHandler
                0x0000000008001af0                SPDIF_RX_IRQHandler
                0x0000000008001af0                SPI2_IRQHandler
                0x0000000008001af0                OTG_HS_EP1_IN_IRQHandler
                0x0000000008001af0                DMA1_Stream0_IRQHandler
                0x0000000008001af0                CRS_IRQHandler
                0x0000000008001af0                EXTI4_IRQHandler
                0x0000000008001af0                RNG_IRQHandler
                0x0000000008001af0                FDCAN2_IT1_IRQHandler
                0x0000000008001af0                ETH_IRQHandler
                0x0000000008001af0                TIM1_UP_IRQHandler
                0x0000000008001af0                BDMA_Channel4_IRQHandler
                0x0000000008001af0                OTG_HS_EP1_OUT_IRQHandler
                0x0000000008001af0                WWDG_IRQHandler
                0x0000000008001af0                SPI6_IRQHandler
                0x0000000008001af0                MDIOS_IRQHandler
                0x0000000008001af0                I2C4_EV_IRQHandler
                0x0000000008001af0                FDCAN2_IT0_IRQHandler
                0x0000000008001af0                LPUART1_IRQHandler
                0x0000000008001af0                FDCAN1_IT0_IRQHandler
                0x0000000008001af0                OTG_HS_IRQHandler
                0x0000000008001af0                DMA2D_IRQHandler
                0x0000000008001af0                TIM1_BRK_IRQHandler
                0x0000000008001af0                EXTI1_IRQHandler
                0x0000000008001af0                SDMMC2_IRQHandler
                0x0000000008001af0                BDMA_Channel3_IRQHandler
                0x0000000008001af0                DTS_IRQHandler
                0x0000000008001af0                UART7_IRQHandler
                0x0000000008001af0                MDIOS_WKUP_IRQHandler
                0x0000000008001af0                USART2_IRQHandler
                0x0000000008001af0                DFSDM1_FLT0_IRQHandler
                0x0000000008001af0                SAI4_IRQHandler
                0x0000000008001af0                I2C2_ER_IRQHandler
                0x0000000008001af0                DMA2_Stream1_IRQHandler
                0x0000000008001af0                FLASH_IRQHandler
                0x0000000008001af0                DMA2_Stream4_IRQHandler
                0x0000000008001af0                USART1_IRQHandler
                0x0000000008001af0                SPI3_IRQHandler
                0x0000000008001af0                WAKEUP_PIN_IRQHandler
                0x0000000008001af0                DMA1_Stream4_IRQHandler
                0x0000000008001af0                I2C1_ER_IRQHandler
                0x0000000008001af0                FMC_IRQHandler
                0x0000000008001af0                FDCAN_CAL_IRQHandler
                0x0000000008001af0                SWPMI1_IRQHandler
                0x0000000008001af0                COMP1_IRQHandler
                0x0000000008001af0                LPTIM1_IRQHandler
                0x0000000008001af0                DCMI_PSSI_IRQHandler
                0x0000000008001af0                I2C4_ER_IRQHandler
                0x0000000008001af0                DMA2_Stream6_IRQHandler
                0x0000000008001af0                SAI1_IRQHandler
                0x0000000008001af0                DMA1_Stream3_IRQHandler
 *fill*         0x0000000008001af2        0x2 
 .text.HAL_Init
                0x0000000008001af4       0x78 ./Drivers/STM32H7xx_HAL_Driver/Src/stm32h7xx_hal.o
                0x0000000008001af4                HAL_Init
 .text.HAL_InitTick
                0x0000000008001b6c       0x6c ./Drivers/STM32H7xx_HAL_Driver/Src/stm32h7xx_hal.o
                0x0000000008001b6c                HAL_InitTick
 .text.HAL_IncTick
                0x0000000008001bd8       0x28 ./Drivers/STM32H7xx_HAL_Driver/Src/stm32h7xx_hal.o
                0x0000000008001bd8                HAL_IncTick
 .text.HAL_GetTick
                0x0000000008001c00       0x18 ./Drivers/STM32H7xx_HAL_Driver/Src/stm32h7xx_hal.o
                0x0000000008001c00                HAL_GetTick
 .text.__NVIC_SetPriorityGrouping
                0x0000000008001c18       0x48 ./Drivers/STM32H7xx_HAL_Driver/Src/stm32h7xx_hal_cortex.o
 .text.__NVIC_GetPriorityGrouping
                0x0000000008001c60       0x1c ./Drivers/STM32H7xx_HAL_Driver/Src/stm32h7xx_hal_cortex.o
 .text.__NVIC_EnableIRQ
                0x0000000008001c7c       0x3c ./Drivers/STM32H7xx_HAL_Driver/Src/stm32h7xx_hal_cortex.o
 .text.__NVIC_SetPriority
                0x0000000008001cb8       0x54 ./Drivers/STM32H7xx_HAL_Driver/Src/stm32h7xx_hal_cortex.o
 .text.NVIC_EncodePriority
                0x0000000008001d0c       0x66 ./Drivers/STM32H7xx_HAL_Driver/Src/stm32h7xx_hal_cortex.o
 *fill*         0x0000000008001d72        0x2 
 .text.SysTick_Config
                0x0000000008001d74       0x44 ./Drivers/STM32H7xx_HAL_Driver/Src/stm32h7xx_hal_cortex.o
 .text.HAL_NVIC_SetPriorityGrouping
                0x0000000008001db8       0x16 ./Drivers/STM32H7xx_HAL_Driver/Src/stm32h7xx_hal_cortex.o
                0x0000000008001db8                HAL_NVIC_SetPriorityGrouping
 .text.HAL_NVIC_SetPriority
                0x0000000008001dce       0x34 ./Drivers/STM32H7xx_HAL_Driver/Src/stm32h7xx_hal_cortex.o
                0x0000000008001dce                HAL_NVIC_SetPriority
 .text.HAL_NVIC_EnableIRQ
                0x0000000008001e02       0x1c ./Drivers/STM32H7xx_HAL_Driver/Src/stm32h7xx_hal_cortex.o
                0x0000000008001e02                HAL_NVIC_EnableIRQ
 .text.HAL_SYSTICK_Config
                0x0000000008001e1e       0x18 ./Drivers/STM32H7xx_HAL_Driver/Src/stm32h7xx_hal_cortex.o
                0x0000000008001e1e                HAL_SYSTICK_Config
 *fill*         0x0000000008001e36        0x2 
 .text.HAL_GPIO_Init
                0x0000000008001e38      0x350 ./Drivers/STM32H7xx_HAL_Driver/Src/stm32h7xx_hal_gpio.o
                0x0000000008001e38                HAL_GPIO_Init
 .text.HAL_GPIO_WritePin
                0x0000000008002188       0x32 ./Drivers/STM32H7xx_HAL_Driver/Src/stm32h7xx_hal_gpio.o
                0x0000000008002188                HAL_GPIO_WritePin
 .text.HAL_GPIO_EXTI_IRQHandler
                0x00000000080021ba       0x34 ./Drivers/STM32H7xx_HAL_Driver/Src/stm32h7xx_hal_gpio.o
                0x00000000080021ba                HAL_GPIO_EXTI_IRQHandler
 .text.HAL_GPIO_EXTI_Callback
                0x00000000080021ee       0x16 ./Drivers/STM32H7xx_HAL_Driver/Src/stm32h7xx_hal_gpio.o
                0x00000000080021ee                HAL_GPIO_EXTI_Callback
 .text.HAL_PWREx_ConfigSupply
                0x0000000008002204       0x74 ./Drivers/STM32H7xx_HAL_Driver/Src/stm32h7xx_hal_pwr_ex.o
                0x0000000008002204                HAL_PWREx_ConfigSupply
 .text.HAL_RCC_OscConfig
                0x0000000008002278      0x75c ./Drivers/STM32H7xx_HAL_Driver/Src/stm32h7xx_hal_rcc.o
                0x0000000008002278                HAL_RCC_OscConfig
 .text.HAL_RCC_ClockConfig
                0x00000000080029d4      0x36c ./Drivers/STM32H7xx_HAL_Driver/Src/stm32h7xx_hal_rcc.o
                0x00000000080029d4                HAL_RCC_ClockConfig
 .text.HAL_RCC_GetSysClockFreq
                0x0000000008002d40      0x2f4 ./Drivers/STM32H7xx_HAL_Driver/Src/stm32h7xx_hal_rcc.o
                0x0000000008002d40                HAL_RCC_GetSysClockFreq
 .text.HAL_RCC_GetHCLKFreq
                0x0000000008003034       0x60 ./Drivers/STM32H7xx_HAL_Driver/Src/stm32h7xx_hal_rcc.o
                0x0000000008003034                HAL_RCC_GetHCLKFreq
 .text.HAL_RCC_GetPCLK1Freq
                0x0000000008003094       0x2c ./Drivers/STM32H7xx_HAL_Driver/Src/stm32h7xx_hal_rcc.o
                0x0000000008003094                HAL_RCC_GetPCLK1Freq
 .text.HAL_RCC_GetPCLK2Freq
                0x00000000080030c0       0x2c ./Drivers/STM32H7xx_HAL_Driver/Src/stm32h7xx_hal_rcc.o
                0x00000000080030c0                HAL_RCC_GetPCLK2Freq
 .text.HAL_RCCEx_PeriphCLKConfig
                0x00000000080030ec      0xdf4 ./Drivers/STM32H7xx_HAL_Driver/Src/stm32h7xx_hal_rcc_ex.o
                0x00000000080030ec                HAL_RCCEx_PeriphCLKConfig
 .text.HAL_RCCEx_GetD3PCLK1Freq
                0x0000000008003ee0       0x2c ./Drivers/STM32H7xx_HAL_Driver/Src/stm32h7xx_hal_rcc_ex.o
                0x0000000008003ee0                HAL_RCCEx_GetD3PCLK1Freq
 .text.HAL_RCCEx_GetPLL2ClockFreq
                0x0000000008003f0c      0x2a8 ./Drivers/STM32H7xx_HAL_Driver/Src/stm32h7xx_hal_rcc_ex.o
                0x0000000008003f0c                HAL_RCCEx_GetPLL2ClockFreq
 .text.HAL_RCCEx_GetPLL3ClockFreq
                0x00000000080041b4      0x2a8 ./Drivers/STM32H7xx_HAL_Driver/Src/stm32h7xx_hal_rcc_ex.o
                0x00000000080041b4                HAL_RCCEx_GetPLL3ClockFreq
 .text.RCCEx_PLL2_Config
                0x000000000800445c      0x164 ./Drivers/STM32H7xx_HAL_Driver/Src/stm32h7xx_hal_rcc_ex.o
 .text.RCCEx_PLL3_Config
                0x00000000080045c0      0x164 ./Drivers/STM32H7xx_HAL_Driver/Src/stm32h7xx_hal_rcc_ex.o
 .text.HAL_TIM_Base_Init
                0x0000000008004724       0xae ./Drivers/STM32H7xx_HAL_Driver/Src/stm32h7xx_hal_tim.o
                0x0000000008004724                HAL_TIM_Base_Init
 *fill*         0x00000000080047d2        0x2 
 .text.HAL_TIM_Base_Start_IT
                0x00000000080047d4      0x10c ./Drivers/STM32H7xx_HAL_Driver/Src/stm32h7xx_hal_tim.o
                0x00000000080047d4                HAL_TIM_Base_Start_IT
 .text.HAL_TIM_PWM_Init
                0x00000000080048e0       0xae ./Drivers/STM32H7xx_HAL_Driver/Src/stm32h7xx_hal_tim.o
                0x00000000080048e0                HAL_TIM_PWM_Init
 .text.HAL_TIM_PWM_MspInit
                0x000000000800498e       0x14 ./Drivers/STM32H7xx_HAL_Driver/Src/stm32h7xx_hal_tim.o
                0x000000000800498e                HAL_TIM_PWM_MspInit
 *fill*         0x00000000080049a2        0x2 
 .text.HAL_TIM_PWM_Start
                0x00000000080049a4      0x238 ./Drivers/STM32H7xx_HAL_Driver/Src/stm32h7xx_hal_tim.o
                0x00000000080049a4                HAL_TIM_PWM_Start
 .text.HAL_TIM_IC_Init
                0x0000000008004bdc       0xae ./Drivers/STM32H7xx_HAL_Driver/Src/stm32h7xx_hal_tim.o
                0x0000000008004bdc                HAL_TIM_IC_Init
 .text.HAL_TIM_IC_MspInit
                0x0000000008004c8a       0x14 ./Drivers/STM32H7xx_HAL_Driver/Src/stm32h7xx_hal_tim.o
                0x0000000008004c8a                HAL_TIM_IC_MspInit
 *fill*         0x0000000008004c9e        0x2 
 .text.HAL_TIM_IC_Start
                0x0000000008004ca0      0x224 ./Drivers/STM32H7xx_HAL_Driver/Src/stm32h7xx_hal_tim.o
                0x0000000008004ca0                HAL_TIM_IC_Start
 .text.HAL_TIM_Encoder_Init
                0x0000000008004ec4      0x14c ./Drivers/STM32H7xx_HAL_Driver/Src/stm32h7xx_hal_tim.o
                0x0000000008004ec4                HAL_TIM_Encoder_Init
 .text.HAL_TIM_Encoder_Start
                0x0000000008005010      0x11c ./Drivers/STM32H7xx_HAL_Driver/Src/stm32h7xx_hal_tim.o
                0x0000000008005010                HAL_TIM_Encoder_Start
 .text.HAL_TIM_IRQHandler
                0x000000000800512c      0x23e ./Drivers/STM32H7xx_HAL_Driver/Src/stm32h7xx_hal_tim.o
                0x000000000800512c                HAL_TIM_IRQHandler
 .text.HAL_TIM_IC_ConfigChannel
                0x000000000800536a      0x138 ./Drivers/STM32H7xx_HAL_Driver/Src/stm32h7xx_hal_tim.o
                0x000000000800536a                HAL_TIM_IC_ConfigChannel
 *fill*         0x00000000080054a2        0x2 
 .text.HAL_TIM_PWM_ConfigChannel
                0x00000000080054a4      0x228 ./Drivers/STM32H7xx_HAL_Driver/Src/stm32h7xx_hal_tim.o
                0x00000000080054a4                HAL_TIM_PWM_ConfigChannel
 .text.HAL_TIM_ConfigClockSource
                0x00000000080056cc      0x1f0 ./Drivers/STM32H7xx_HAL_Driver/Src/stm32h7xx_hal_tim.o
                0x00000000080056cc                HAL_TIM_ConfigClockSource
 .text.HAL_TIM_OC_DelayElapsedCallback
                0x00000000080058bc       0x14 ./Drivers/STM32H7xx_HAL_Driver/Src/stm32h7xx_hal_tim.o
                0x00000000080058bc                HAL_TIM_OC_DelayElapsedCallback
 .text.HAL_TIM_IC_CaptureCallback
                0x00000000080058d0       0x14 ./Drivers/STM32H7xx_HAL_Driver/Src/stm32h7xx_hal_tim.o
                0x00000000080058d0                HAL_TIM_IC_CaptureCallback
 .text.HAL_TIM_PWM_PulseFinishedCallback
                0x00000000080058e4       0x14 ./Drivers/STM32H7xx_HAL_Driver/Src/stm32h7xx_hal_tim.o
                0x00000000080058e4                HAL_TIM_PWM_PulseFinishedCallback
 .text.HAL_TIM_TriggerCallback
                0x00000000080058f8       0x14 ./Drivers/STM32H7xx_HAL_Driver/Src/stm32h7xx_hal_tim.o
                0x00000000080058f8                HAL_TIM_TriggerCallback
 .text.TIM_Base_SetConfig
                0x000000000800590c      0x14c ./Drivers/STM32H7xx_HAL_Driver/Src/stm32h7xx_hal_tim.o
                0x000000000800590c                TIM_Base_SetConfig
 .text.TIM_OC1_SetConfig
                0x0000000008005a58      0x120 ./Drivers/STM32H7xx_HAL_Driver/Src/stm32h7xx_hal_tim.o
 .text.TIM_OC2_SetConfig
                0x0000000008005b78      0x114 ./Drivers/STM32H7xx_HAL_Driver/Src/stm32h7xx_hal_tim.o
                0x0000000008005b78                TIM_OC2_SetConfig
 .text.TIM_OC3_SetConfig
                0x0000000008005c8c      0x110 ./Drivers/STM32H7xx_HAL_Driver/Src/stm32h7xx_hal_tim.o
 .text.TIM_OC4_SetConfig
                0x0000000008005d9c       0xd4 ./Drivers/STM32H7xx_HAL_Driver/Src/stm32h7xx_hal_tim.o
 .text.TIM_OC5_SetConfig
                0x0000000008005e70       0xc8 ./Drivers/STM32H7xx_HAL_Driver/Src/stm32h7xx_hal_tim.o
 .text.TIM_OC6_SetConfig
                0x0000000008005f38       0xcc ./Drivers/STM32H7xx_HAL_Driver/Src/stm32h7xx_hal_tim.o
 .text.TIM_TI1_SetConfig
                0x0000000008006004      0x100 ./Drivers/STM32H7xx_HAL_Driver/Src/stm32h7xx_hal_tim.o
                0x0000000008006004                TIM_TI1_SetConfig
 .text.TIM_TI1_ConfigInputStage
                0x0000000008006104       0x5e ./Drivers/STM32H7xx_HAL_Driver/Src/stm32h7xx_hal_tim.o
 .text.TIM_TI2_SetConfig
                0x0000000008006162       0x7a ./Drivers/STM32H7xx_HAL_Driver/Src/stm32h7xx_hal_tim.o
 .text.TIM_TI2_ConfigInputStage
                0x00000000080061dc       0x60 ./Drivers/STM32H7xx_HAL_Driver/Src/stm32h7xx_hal_tim.o
 .text.TIM_TI3_SetConfig
                0x000000000800623c       0x78 ./Drivers/STM32H7xx_HAL_Driver/Src/stm32h7xx_hal_tim.o
 .text.TIM_TI4_SetConfig
                0x00000000080062b4       0x7a ./Drivers/STM32H7xx_HAL_Driver/Src/stm32h7xx_hal_tim.o
 *fill*         0x000000000800632e        0x2 
 .text.TIM_ITRx_SetConfig
                0x0000000008006330       0x3c ./Drivers/STM32H7xx_HAL_Driver/Src/stm32h7xx_hal_tim.o
 .text.TIM_ETR_SetConfig
                0x000000000800636c       0x40 ./Drivers/STM32H7xx_HAL_Driver/Src/stm32h7xx_hal_tim.o
                0x000000000800636c                TIM_ETR_SetConfig
 .text.TIM_CCxChannelCmd
                0x00000000080063ac       0x4a ./Drivers/STM32H7xx_HAL_Driver/Src/stm32h7xx_hal_tim.o
                0x00000000080063ac                TIM_CCxChannelCmd
 *fill*         0x00000000080063f6        0x2 
 .text.HAL_TIMEx_MasterConfigSynchronization
                0x00000000080063f8      0x138 ./Drivers/STM32H7xx_HAL_Driver/Src/stm32h7xx_hal_tim_ex.o
                0x00000000080063f8                HAL_TIMEx_MasterConfigSynchronization
 .text.HAL_TIMEx_CommutCallback
                0x0000000008006530       0x14 ./Drivers/STM32H7xx_HAL_Driver/Src/stm32h7xx_hal_tim_ex.o
                0x0000000008006530                HAL_TIMEx_CommutCallback
 .text.HAL_TIMEx_BreakCallback
                0x0000000008006544       0x14 ./Drivers/STM32H7xx_HAL_Driver/Src/stm32h7xx_hal_tim_ex.o
                0x0000000008006544                HAL_TIMEx_BreakCallback
 .text.HAL_TIMEx_Break2Callback
                0x0000000008006558       0x14 ./Drivers/STM32H7xx_HAL_Driver/Src/stm32h7xx_hal_tim_ex.o
                0x0000000008006558                HAL_TIMEx_Break2Callback
 .text.HAL_UART_Init
                0x000000000800656c       0xa0 ./Drivers/STM32H7xx_HAL_Driver/Src/stm32h7xx_hal_uart.o
                0x000000000800656c                HAL_UART_Init
 .text.UART_SetConfig
                0x000000000800660c      0xcd8 ./Drivers/STM32H7xx_HAL_Driver/Src/stm32h7xx_hal_uart.o
                0x000000000800660c                UART_SetConfig
 .text.UART_AdvFeatureConfig
                0x00000000080072e4      0x144 ./Drivers/STM32H7xx_HAL_Driver/Src/stm32h7xx_hal_uart.o
                0x00000000080072e4                UART_AdvFeatureConfig
 .text.UART_CheckIdleState
                0x0000000008007428       0x96 ./Drivers/STM32H7xx_HAL_Driver/Src/stm32h7xx_hal_uart.o
                0x0000000008007428                UART_CheckIdleState
 .text.UART_WaitOnFlagUntilTimeout
                0x00000000080074be      0x190 ./Drivers/STM32H7xx_HAL_Driver/Src/stm32h7xx_hal_uart.o
                0x00000000080074be                UART_WaitOnFlagUntilTimeout
 .text.HAL_UARTEx_DisableFifoMode
                0x000000000800764e       0x72 ./Drivers/STM32H7xx_HAL_Driver/Src/stm32h7xx_hal_uart_ex.o
                0x000000000800764e                HAL_UARTEx_DisableFifoMode
 .text.HAL_UARTEx_SetTxFifoThreshold
                0x00000000080076c0       0x7c ./Drivers/STM32H7xx_HAL_Driver/Src/stm32h7xx_hal_uart_ex.o
                0x00000000080076c0                HAL_UARTEx_SetTxFifoThreshold
 .text.HAL_UARTEx_SetRxFifoThreshold
                0x000000000800773c       0x7c ./Drivers/STM32H7xx_HAL_Driver/Src/stm32h7xx_hal_uart_ex.o
                0x000000000800773c                HAL_UARTEx_SetRxFifoThreshold
 .text.UARTEx_SetNbDataToProcess
                0x00000000080077b8       0x9c ./Drivers/STM32H7xx_HAL_Driver/Src/stm32h7xx_hal_uart_ex.o
 .text.findslot
                0x0000000008007854       0x34 c:/st/stm32cubeide_1.9.0/stm32cubeide/plugins/com.st.stm32cube.ide.mcu.externaltools.gnu-tools-for-stm32.10.3-2021.10.win32_1.0.0.202111181127/tools/bin/../lib/gcc/arm-none-eabi/10.3.1/../../../../arm-none-eabi/lib/thumb/v7e-m+dp/hard\librdimon_nano.a(rdimon-syscalls.o)
 .text.error    0x0000000008007888       0x1c c:/st/stm32cubeide_1.9.0/stm32cubeide/plugins/com.st.stm32cube.ide.mcu.externaltools.gnu-tools-for-stm32.10.3-2021.10.win32_1.0.0.202111181127/tools/bin/../lib/gcc/arm-none-eabi/10.3.1/../../../../arm-none-eabi/lib/thumb/v7e-m+dp/hard\librdimon_nano.a(rdimon-syscalls.o)
 .text.checkerror
                0x00000000080078a4        0xa c:/st/stm32cubeide_1.9.0/stm32cubeide/plugins/com.st.stm32cube.ide.mcu.externaltools.gnu-tools-for-stm32.10.3-2021.10.win32_1.0.0.202111181127/tools/bin/../lib/gcc/arm-none-eabi/10.3.1/../../../../arm-none-eabi/lib/thumb/v7e-m+dp/hard\librdimon_nano.a(rdimon-syscalls.o)
 .text._swiread
                0x00000000080078ae       0x20 c:/st/stm32cubeide_1.9.0/stm32cubeide/plugins/com.st.stm32cube.ide.mcu.externaltools.gnu-tools-for-stm32.10.3-2021.10.win32_1.0.0.202111181127/tools/bin/../lib/gcc/arm-none-eabi/10.3.1/../../../../arm-none-eabi/lib/thumb/v7e-m+dp/hard\librdimon_nano.a(rdimon-syscalls.o)
                0x00000000080078ae                _swiread
 .text._read    0x00000000080078ce       0x38 c:/st/stm32cubeide_1.9.0/stm32cubeide/plugins/com.st.stm32cube.ide.mcu.externaltools.gnu-tools-for-stm32.10.3-2021.10.win32_1.0.0.202111181127/tools/bin/../lib/gcc/arm-none-eabi/10.3.1/../../../../arm-none-eabi/lib/thumb/v7e-m+dp/hard\librdimon_nano.a(rdimon-syscalls.o)
                0x00000000080078ce                _read
 .text._swilseek
                0x0000000008007906       0x78 c:/st/stm32cubeide_1.9.0/stm32cubeide/plugins/com.st.stm32cube.ide.mcu.externaltools.gnu-tools-for-stm32.10.3-2021.10.win32_1.0.0.202111181127/tools/bin/../lib/gcc/arm-none-eabi/10.3.1/../../../../arm-none-eabi/lib/thumb/v7e-m+dp/hard\librdimon_nano.a(rdimon-syscalls.o)
                0x0000000008007906                _swilseek
 .text._lseek   0x000000000800797e        0x4 c:/st/stm32cubeide_1.9.0/stm32cubeide/plugins/com.st.stm32cube.ide.mcu.externaltools.gnu-tools-for-stm32.10.3-2021.10.win32_1.0.0.202111181127/tools/bin/../lib/gcc/arm-none-eabi/10.3.1/../../../../arm-none-eabi/lib/thumb/v7e-m+dp/hard\librdimon_nano.a(rdimon-syscalls.o)
                0x000000000800797e                _lseek
 .text._swiwrite
                0x0000000008007982       0x20 c:/st/stm32cubeide_1.9.0/stm32cubeide/plugins/com.st.stm32cube.ide.mcu.externaltools.gnu-tools-for-stm32.10.3-2021.10.win32_1.0.0.202111181127/tools/bin/../lib/gcc/arm-none-eabi/10.3.1/../../../../arm-none-eabi/lib/thumb/v7e-m+dp/hard\librdimon_nano.a(rdimon-syscalls.o)
                0x0000000008007982                _swiwrite
 .text._write   0x00000000080079a2       0x48 c:/st/stm32cubeide_1.9.0/stm32cubeide/plugins/com.st.stm32cube.ide.mcu.externaltools.gnu-tools-for-stm32.10.3-2021.10.win32_1.0.0.202111181127/tools/bin/../lib/gcc/arm-none-eabi/10.3.1/../../../../arm-none-eabi/lib/thumb/v7e-m+dp/hard\librdimon_nano.a(rdimon-syscalls.o)
                0x00000000080079a2                _write
 .text._swiclose
                0x00000000080079ea       0x1a c:/st/stm32cubeide_1.9.0/stm32cubeide/plugins/com.st.stm32cube.ide.mcu.externaltools.gnu-tools-for-stm32.10.3-2021.10.win32_1.0.0.202111181127/tools/bin/../lib/gcc/arm-none-eabi/10.3.1/../../../../arm-none-eabi/lib/thumb/v7e-m+dp/hard\librdimon_nano.a(rdimon-syscalls.o)
                0x00000000080079ea                _swiclose
 .text._close   0x0000000008007a04       0x4c c:/st/stm32cubeide_1.9.0/stm32cubeide/plugins/com.st.stm32cube.ide.mcu.externaltools.gnu-tools-for-stm32.10.3-2021.10.win32_1.0.0.202111181127/tools/bin/../lib/gcc/arm-none-eabi/10.3.1/../../../../arm-none-eabi/lib/thumb/v7e-m+dp/hard\librdimon_nano.a(rdimon-syscalls.o)
                0x0000000008007a04                _close
 .text._swistat
                0x0000000008007a50       0x42 c:/st/stm32cubeide_1.9.0/stm32cubeide/plugins/com.st.stm32cube.ide.mcu.externaltools.gnu-tools-for-stm32.10.3-2021.10.win32_1.0.0.202111181127/tools/bin/../lib/gcc/arm-none-eabi/10.3.1/../../../../arm-none-eabi/lib/thumb/v7e-m+dp/hard\librdimon_nano.a(rdimon-syscalls.o)
                0x0000000008007a50                _swistat
 .text._fstat   0x0000000008007a92       0x1c c:/st/stm32cubeide_1.9.0/stm32cubeide/plugins/com.st.stm32cube.ide.mcu.externaltools.gnu-tools-for-stm32.10.3-2021.10.win32_1.0.0.202111181127/tools/bin/../lib/gcc/arm-none-eabi/10.3.1/../../../../arm-none-eabi/lib/thumb/v7e-m+dp/hard\librdimon_nano.a(rdimon-syscalls.o)
                0x0000000008007a92                _fstat
 .text._stat    0x0000000008007aae       0x3a c:/st/stm32cubeide_1.9.0/stm32cubeide/plugins/com.st.stm32cube.ide.mcu.externaltools.gnu-tools-for-stm32.10.3-2021.10.win32_1.0.0.202111181127/tools/bin/../lib/gcc/arm-none-eabi/10.3.1/../../../../arm-none-eabi/lib/thumb/v7e-m+dp/hard\librdimon_nano.a(rdimon-syscalls.o)
                0x0000000008007aae                _stat
 .text._swiopen
                0x0000000008007ae8       0xb4 c:/st/stm32cubeide_1.9.0/stm32cubeide/plugins/com.st.stm32cube.ide.mcu.externaltools.gnu-tools-for-stm32.10.3-2021.10.win32_1.0.0.202111181127/tools/bin/../lib/gcc/arm-none-eabi/10.3.1/../../../../arm-none-eabi/lib/thumb/v7e-m+dp/hard\librdimon_nano.a(rdimon-syscalls.o)
                0x0000000008007ae8                _swiopen
 .text._open    0x0000000008007b9c       0x12 c:/st/stm32cubeide_1.9.0/stm32cubeide/plugins/com.st.stm32cube.ide.mcu.externaltools.gnu-tools-for-stm32.10.3-2021.10.win32_1.0.0.202111181127/tools/bin/../lib/gcc/arm-none-eabi/10.3.1/../../../../arm-none-eabi/lib/thumb/v7e-m+dp/hard\librdimon_nano.a(rdimon-syscalls.o)
                0x0000000008007b9c                _open
 *fill*         0x0000000008007bae        0x2 
 .text._get_semihosting_exts
                0x0000000008007bb0       0xb8 c:/st/stm32cubeide_1.9.0/stm32cubeide/plugins/com.st.stm32cube.ide.mcu.externaltools.gnu-tools-for-stm32.10.3-2021.10.win32_1.0.0.202111181127/tools/bin/../lib/gcc/arm-none-eabi/10.3.1/../../../../arm-none-eabi/lib/thumb/v7e-m+dp/hard\librdimon_nano.a(rdimon-syscalls.o)
                0x0000000008007bb0                _get_semihosting_exts
 .text.initialise_semihosting_exts
                0x0000000008007c68       0x34 c:/st/stm32cubeide_1.9.0/stm32cubeide/plugins/com.st.stm32cube.ide.mcu.externaltools.gnu-tools-for-stm32.10.3-2021.10.win32_1.0.0.202111181127/tools/bin/../lib/gcc/arm-none-eabi/10.3.1/../../../../arm-none-eabi/lib/thumb/v7e-m+dp/hard\librdimon_nano.a(rdimon-syscalls.o)
 .text._has_ext_stdout_stderr
                0x0000000008007c9c       0x18 c:/st/stm32cubeide_1.9.0/stm32cubeide/plugins/com.st.stm32cube.ide.mcu.externaltools.gnu-tools-for-stm32.10.3-2021.10.win32_1.0.0.202111181127/tools/bin/../lib/gcc/arm-none-eabi/10.3.1/../../../../arm-none-eabi/lib/thumb/v7e-m+dp/hard\librdimon_nano.a(rdimon-syscalls.o)
                0x0000000008007c9c                _has_ext_stdout_stderr
 .text.initialise_monitor_handles
                0x0000000008007cb4       0xc0 c:/st/stm32cubeide_1.9.0/stm32cubeide/plugins/com.st.stm32cube.ide.mcu.externaltools.gnu-tools-for-stm32.10.3-2021.10.win32_1.0.0.202111181127/tools/bin/../lib/gcc/arm-none-eabi/10.3.1/../../../../arm-none-eabi/lib/thumb/v7e-m+dp/hard\librdimon_nano.a(rdimon-syscalls.o)
                0x0000000008007cb4                initialise_monitor_handles
 .text._isatty  0x0000000008007d74       0x38 c:/st/stm32cubeide_1.9.0/stm32cubeide/plugins/com.st.stm32cube.ide.mcu.externaltools.gnu-tools-for-stm32.10.3-2021.10.win32_1.0.0.202111181127/tools/bin/../lib/gcc/arm-none-eabi/10.3.1/../../../../arm-none-eabi/lib/thumb/v7e-m+dp/hard\librdimon_nano.a(rdimon-syscalls.o)
                0x0000000008007d74                _isatty
 .text.__errno  0x0000000008007dac        0xc c:/st/stm32cubeide_1.9.0/stm32cubeide/plugins/com.st.stm32cube.ide.mcu.externaltools.gnu-tools-for-stm32.10.3-2021.10.win32_1.0.0.202111181127/tools/bin/../lib/gcc/arm-none-eabi/10.3.1/../../../../arm-none-eabi/lib/thumb/v7e-m+dp/hard\libc_nano.a(lib_a-errno.o)
                0x0000000008007dac                __errno
 .text.exit     0x0000000008007db8       0x28 c:/st/stm32cubeide_1.9.0/stm32cubeide/plugins/com.st.stm32cube.ide.mcu.externaltools.gnu-tools-for-stm32.10.3-2021.10.win32_1.0.0.202111181127/tools/bin/../lib/gcc/arm-none-eabi/10.3.1/../../../../arm-none-eabi/lib/thumb/v7e-m+dp/hard\libc_nano.a(lib_a-exit.o)
                0x0000000008007db8                exit
 .text._fclose_r
                0x0000000008007de0       0xd8 c:/st/stm32cubeide_1.9.0/stm32cubeide/plugins/com.st.stm32cube.ide.mcu.externaltools.gnu-tools-for-stm32.10.3-2021.10.win32_1.0.0.202111181127/tools/bin/../lib/gcc/arm-none-eabi/10.3.1/../../../../arm-none-eabi/lib/thumb/v7e-m+dp/hard\libc_nano.a(lib_a-fclose.o)
                0x0000000008007de0                _fclose_r
 .text.fclose   0x0000000008007eb8       0x10 c:/st/stm32cubeide_1.9.0/stm32cubeide/plugins/com.st.stm32cube.ide.mcu.externaltools.gnu-tools-for-stm32.10.3-2021.10.win32_1.0.0.202111181127/tools/bin/../lib/gcc/arm-none-eabi/10.3.1/../../../../arm-none-eabi/lib/thumb/v7e-m+dp/hard\libc_nano.a(lib_a-fclose.o)
                0x0000000008007eb8                fclose
 .text.__sflush_r
                0x0000000008007ec8      0x10c c:/st/stm32cubeide_1.9.0/stm32cubeide/plugins/com.st.stm32cube.ide.mcu.externaltools.gnu-tools-for-stm32.10.3-2021.10.win32_1.0.0.202111181127/tools/bin/../lib/gcc/arm-none-eabi/10.3.1/../../../../arm-none-eabi/lib/thumb/v7e-m+dp/hard\libc_nano.a(lib_a-fflush.o)
                0x0000000008007ec8                __sflush_r
 .text._fflush_r
                0x0000000008007fd4       0x78 c:/st/stm32cubeide_1.9.0/stm32cubeide/plugins/com.st.stm32cube.ide.mcu.externaltools.gnu-tools-for-stm32.10.3-2021.10.win32_1.0.0.202111181127/tools/bin/../lib/gcc/arm-none-eabi/10.3.1/../../../../arm-none-eabi/lib/thumb/v7e-m+dp/hard\libc_nano.a(lib_a-fflush.o)
                0x0000000008007fd4                _fflush_r
 .text.std      0x000000000800804c       0x48 c:/st/stm32cubeide_1.9.0/stm32cubeide/plugins/com.st.stm32cube.ide.mcu.externaltools.gnu-tools-for-stm32.10.3-2021.10.win32_1.0.0.202111181127/tools/bin/../lib/gcc/arm-none-eabi/10.3.1/../../../../arm-none-eabi/lib/thumb/v7e-m+dp/hard\libc_nano.a(lib_a-findfp.o)
 .text._cleanup_r
                0x0000000008008094        0xc c:/st/stm32cubeide_1.9.0/stm32cubeide/plugins/com.st.stm32cube.ide.mcu.externaltools.gnu-tools-for-stm32.10.3-2021.10.win32_1.0.0.202111181127/tools/bin/../lib/gcc/arm-none-eabi/10.3.1/../../../../arm-none-eabi/lib/thumb/v7e-m+dp/hard\libc_nano.a(lib_a-findfp.o)
                0x0000000008008094                _cleanup_r
 .text.__sfmoreglue
                0x00000000080080a0       0x2c c:/st/stm32cubeide_1.9.0/stm32cubeide/plugins/com.st.stm32cube.ide.mcu.externaltools.gnu-tools-for-stm32.10.3-2021.10.win32_1.0.0.202111181127/tools/bin/../lib/gcc/arm-none-eabi/10.3.1/../../../../arm-none-eabi/lib/thumb/v7e-m+dp/hard\libc_nano.a(lib_a-findfp.o)
                0x00000000080080a0                __sfmoreglue
 .text.__sfp_lock_acquire
                0x00000000080080cc        0xc c:/st/stm32cubeide_1.9.0/stm32cubeide/plugins/com.st.stm32cube.ide.mcu.externaltools.gnu-tools-for-stm32.10.3-2021.10.win32_1.0.0.202111181127/tools/bin/../lib/gcc/arm-none-eabi/10.3.1/../../../../arm-none-eabi/lib/thumb/v7e-m+dp/hard\libc_nano.a(lib_a-findfp.o)
                0x00000000080080cc                __sfp_lock_acquire
 .text.__sfp_lock_release
                0x00000000080080d8        0xc c:/st/stm32cubeide_1.9.0/stm32cubeide/plugins/com.st.stm32cube.ide.mcu.externaltools.gnu-tools-for-stm32.10.3-2021.10.win32_1.0.0.202111181127/tools/bin/../lib/gcc/arm-none-eabi/10.3.1/../../../../arm-none-eabi/lib/thumb/v7e-m+dp/hard\libc_nano.a(lib_a-findfp.o)
                0x00000000080080d8                __sfp_lock_release
 .text.__sinit_lock_acquire
                0x00000000080080e4        0xc c:/st/stm32cubeide_1.9.0/stm32cubeide/plugins/com.st.stm32cube.ide.mcu.externaltools.gnu-tools-for-stm32.10.3-2021.10.win32_1.0.0.202111181127/tools/bin/../lib/gcc/arm-none-eabi/10.3.1/../../../../arm-none-eabi/lib/thumb/v7e-m+dp/hard\libc_nano.a(lib_a-findfp.o)
                0x00000000080080e4                __sinit_lock_acquire
 .text.__sinit_lock_release
                0x00000000080080f0        0xc c:/st/stm32cubeide_1.9.0/stm32cubeide/plugins/com.st.stm32cube.ide.mcu.externaltools.gnu-tools-for-stm32.10.3-2021.10.win32_1.0.0.202111181127/tools/bin/../lib/gcc/arm-none-eabi/10.3.1/../../../../arm-none-eabi/lib/thumb/v7e-m+dp/hard\libc_nano.a(lib_a-findfp.o)
                0x00000000080080f0                __sinit_lock_release
 .text.__sinit  0x00000000080080fc       0x70 c:/st/stm32cubeide_1.9.0/stm32cubeide/plugins/com.st.stm32cube.ide.mcu.externaltools.gnu-tools-for-stm32.10.3-2021.10.win32_1.0.0.202111181127/tools/bin/../lib/gcc/arm-none-eabi/10.3.1/../../../../arm-none-eabi/lib/thumb/v7e-m+dp/hard\libc_nano.a(lib_a-findfp.o)
                0x00000000080080fc                __sinit
 .text.__sfp    0x000000000800816c       0x8c c:/st/stm32cubeide_1.9.0/stm32cubeide/plugins/com.st.stm32cube.ide.mcu.externaltools.gnu-tools-for-stm32.10.3-2021.10.win32_1.0.0.202111181127/tools/bin/../lib/gcc/arm-none-eabi/10.3.1/../../../../arm-none-eabi/lib/thumb/v7e-m+dp/hard\libc_nano.a(lib_a-findfp.o)
                0x000000000800816c                __sfp
 .text._fopen_r
                0x00000000080081f8       0xa8 c:/st/stm32cubeide_1.9.0/stm32cubeide/plugins/com.st.stm32cube.ide.mcu.externaltools.gnu-tools-for-stm32.10.3-2021.10.win32_1.0.0.202111181127/tools/bin/../lib/gcc/arm-none-eabi/10.3.1/../../../../arm-none-eabi/lib/thumb/v7e-m+dp/hard\libc_nano.a(lib_a-fopen.o)
                0x00000000080081f8                _fopen_r
 .text.fopen    0x00000000080082a0       0x10 c:/st/stm32cubeide_1.9.0/stm32cubeide/plugins/com.st.stm32cube.ide.mcu.externaltools.gnu-tools-for-stm32.10.3-2021.10.win32_1.0.0.202111181127/tools/bin/../lib/gcc/arm-none-eabi/10.3.1/../../../../arm-none-eabi/lib/thumb/v7e-m+dp/hard\libc_nano.a(lib_a-fopen.o)
                0x00000000080082a0                fopen
 .text._fseek_r
                0x00000000080082b0        0x4 c:/st/stm32cubeide_1.9.0/stm32cubeide/plugins/com.st.stm32cube.ide.mcu.externaltools.gnu-tools-for-stm32.10.3-2021.10.win32_1.0.0.202111181127/tools/bin/../lib/gcc/arm-none-eabi/10.3.1/../../../../arm-none-eabi/lib/thumb/v7e-m+dp/hard\libc_nano.a(lib_a-fseek.o)
                0x00000000080082b0                _fseek_r
 .text._fseeko_r
                0x00000000080082b4      0x168 c:/st/stm32cubeide_1.9.0/stm32cubeide/plugins/com.st.stm32cube.ide.mcu.externaltools.gnu-tools-for-stm32.10.3-2021.10.win32_1.0.0.202111181127/tools/bin/../lib/gcc/arm-none-eabi/10.3.1/../../../../arm-none-eabi/lib/thumb/v7e-m+dp/hard\libc_nano.a(lib_a-fseeko.o)
                0x00000000080082b4                _fseeko_r
 .text._fwalk_reent
                0x000000000800841c       0x3e c:/st/stm32cubeide_1.9.0/stm32cubeide/plugins/com.st.stm32cube.ide.mcu.externaltools.gnu-tools-for-stm32.10.3-2021.10.win32_1.0.0.202111181127/tools/bin/../lib/gcc/arm-none-eabi/10.3.1/../../../../arm-none-eabi/lib/thumb/v7e-m+dp/hard\libc_nano.a(lib_a-fwalk.o)
                0x000000000800841c                _fwalk_reent
 *fill*         0x000000000800845a        0x2 
 .text._fwrite_r
                0x000000000800845c       0xc0 c:/st/stm32cubeide_1.9.0/stm32cubeide/plugins/com.st.stm32cube.ide.mcu.externaltools.gnu-tools-for-stm32.10.3-2021.10.win32_1.0.0.202111181127/tools/bin/../lib/gcc/arm-none-eabi/10.3.1/../../../../arm-none-eabi/lib/thumb/v7e-m+dp/hard\libc_nano.a(lib_a-fwrite.o)
                0x000000000800845c                _fwrite_r
 .text.fwrite   0x000000000800851c       0x1c c:/st/stm32cubeide_1.9.0/stm32cubeide/plugins/com.st.stm32cube.ide.mcu.externaltools.gnu-tools-for-stm32.10.3-2021.10.win32_1.0.0.202111181127/tools/bin/../lib/gcc/arm-none-eabi/10.3.1/../../../../arm-none-eabi/lib/thumb/v7e-m+dp/hard\libc_nano.a(lib_a-fwrite.o)
                0x000000000800851c                fwrite
 .text.__libc_init_array
                0x0000000008008538       0x48 c:/st/stm32cubeide_1.9.0/stm32cubeide/plugins/com.st.stm32cube.ide.mcu.externaltools.gnu-tools-for-stm32.10.3-2021.10.win32_1.0.0.202111181127/tools/bin/../lib/gcc/arm-none-eabi/10.3.1/../../../../arm-none-eabi/lib/thumb/v7e-m+dp/hard\libc_nano.a(lib_a-init.o)
                0x0000000008008538                __libc_init_array
 .text.__retarget_lock_init_recursive
                0x0000000008008580        0x2 c:/st/stm32cubeide_1.9.0/stm32cubeide/plugins/com.st.stm32cube.ide.mcu.externaltools.gnu-tools-for-stm32.10.3-2021.10.win32_1.0.0.202111181127/tools/bin/../lib/gcc/arm-none-eabi/10.3.1/../../../../arm-none-eabi/lib/thumb/v7e-m+dp/hard\libc_nano.a(lib_a-lock.o)
                0x0000000008008580                __retarget_lock_init_recursive
 .text.__retarget_lock_close_recursive
                0x0000000008008582        0x2 c:/st/stm32cubeide_1.9.0/stm32cubeide/plugins/com.st.stm32cube.ide.mcu.externaltools.gnu-tools-for-stm32.10.3-2021.10.win32_1.0.0.202111181127/tools/bin/../lib/gcc/arm-none-eabi/10.3.1/../../../../arm-none-eabi/lib/thumb/v7e-m+dp/hard\libc_nano.a(lib_a-lock.o)
                0x0000000008008582                __retarget_lock_close_recursive
 .text.__retarget_lock_acquire_recursive
                0x0000000008008584        0x2 c:/st/stm32cubeide_1.9.0/stm32cubeide/plugins/com.st.stm32cube.ide.mcu.externaltools.gnu-tools-for-stm32.10.3-2021.10.win32_1.0.0.202111181127/tools/bin/../lib/gcc/arm-none-eabi/10.3.1/../../../../arm-none-eabi/lib/thumb/v7e-m+dp/hard\libc_nano.a(lib_a-lock.o)
                0x0000000008008584                __retarget_lock_acquire_recursive
 .text.__retarget_lock_release_recursive
                0x0000000008008586        0x2 c:/st/stm32cubeide_1.9.0/stm32cubeide/plugins/com.st.stm32cube.ide.mcu.externaltools.gnu-tools-for-stm32.10.3-2021.10.win32_1.0.0.202111181127/tools/bin/../lib/gcc/arm-none-eabi/10.3.1/../../../../arm-none-eabi/lib/thumb/v7e-m+dp/hard\libc_nano.a(lib_a-lock.o)
                0x0000000008008586                __retarget_lock_release_recursive
 .text.__swhatbuf_r
                0x0000000008008588       0x4a c:/st/stm32cubeide_1.9.0/stm32cubeide/plugins/com.st.stm32cube.ide.mcu.externaltools.gnu-tools-for-stm32.10.3-2021.10.win32_1.0.0.202111181127/tools/bin/../lib/gcc/arm-none-eabi/10.3.1/../../../../arm-none-eabi/lib/thumb/v7e-m+dp/hard\libc_nano.a(lib_a-makebuf.o)
                0x0000000008008588                __swhatbuf_r
 *fill*         0x00000000080085d2        0x2 
 .text.__smakebuf_r
                0x00000000080085d4       0x80 c:/st/stm32cubeide_1.9.0/stm32cubeide/plugins/com.st.stm32cube.ide.mcu.externaltools.gnu-tools-for-stm32.10.3-2021.10.win32_1.0.0.202111181127/tools/bin/../lib/gcc/arm-none-eabi/10.3.1/../../../../arm-none-eabi/lib/thumb/v7e-m+dp/hard\libc_nano.a(lib_a-makebuf.o)
                0x00000000080085d4                __smakebuf_r
 .text.malloc   0x0000000008008654       0x10 c:/st/stm32cubeide_1.9.0/stm32cubeide/plugins/com.st.stm32cube.ide.mcu.externaltools.gnu-tools-for-stm32.10.3-2021.10.win32_1.0.0.202111181127/tools/bin/../lib/gcc/arm-none-eabi/10.3.1/../../../../arm-none-eabi/lib/thumb/v7e-m+dp/hard\libc_nano.a(lib_a-malloc.o)
                0x0000000008008654                malloc
 .text.memset   0x0000000008008664       0x10 c:/st/stm32cubeide_1.9.0/stm32cubeide/plugins/com.st.stm32cube.ide.mcu.externaltools.gnu-tools-for-stm32.10.3-2021.10.win32_1.0.0.202111181127/tools/bin/../lib/gcc/arm-none-eabi/10.3.1/../../../../arm-none-eabi/lib/thumb/v7e-m+dp/hard\libc_nano.a(lib_a-memset.o)
                0x0000000008008664                memset
 .text._free_r  0x0000000008008674       0x98 c:/st/stm32cubeide_1.9.0/stm32cubeide/plugins/com.st.stm32cube.ide.mcu.externaltools.gnu-tools-for-stm32.10.3-2021.10.win32_1.0.0.202111181127/tools/bin/../lib/gcc/arm-none-eabi/10.3.1/../../../../arm-none-eabi/lib/thumb/v7e-m+dp/hard\libc_nano.a(lib_a-nano-freer.o)
                0x0000000008008674                _free_r
 .text.sbrk_aligned
                0x000000000800870c       0x40 c:/st/stm32cubeide_1.9.0/stm32cubeide/plugins/com.st.stm32cube.ide.mcu.externaltools.gnu-tools-for-stm32.10.3-2021.10.win32_1.0.0.202111181127/tools/bin/../lib/gcc/arm-none-eabi/10.3.1/../../../../arm-none-eabi/lib/thumb/v7e-m+dp/hard\libc_nano.a(lib_a-nano-mallocr.o)
 .text._malloc_r
                0x000000000800874c       0xe8 c:/st/stm32cubeide_1.9.0/stm32cubeide/plugins/com.st.stm32cube.ide.mcu.externaltools.gnu-tools-for-stm32.10.3-2021.10.win32_1.0.0.202111181127/tools/bin/../lib/gcc/arm-none-eabi/10.3.1/../../../../arm-none-eabi/lib/thumb/v7e-m+dp/hard\libc_nano.a(lib_a-nano-mallocr.o)
                0x000000000800874c                _malloc_r
 .text._open_r  0x0000000008008834       0x24 c:/st/stm32cubeide_1.9.0/stm32cubeide/plugins/com.st.stm32cube.ide.mcu.externaltools.gnu-tools-for-stm32.10.3-2021.10.win32_1.0.0.202111181127/tools/bin/../lib/gcc/arm-none-eabi/10.3.1/../../../../arm-none-eabi/lib/thumb/v7e-m+dp/hard\libc_nano.a(lib_a-openr.o)
                0x0000000008008834                _open_r
 .text.printf   0x0000000008008858       0x30 c:/st/stm32cubeide_1.9.0/stm32cubeide/plugins/com.st.stm32cube.ide.mcu.externaltools.gnu-tools-for-stm32.10.3-2021.10.win32_1.0.0.202111181127/tools/bin/../lib/gcc/arm-none-eabi/10.3.1/../../../../arm-none-eabi/lib/thumb/v7e-m+dp/hard\libc_nano.a(lib_a-printf.o)
                0x0000000008008858                iprintf
                0x0000000008008858                printf
 .text._sbrk_r  0x0000000008008888       0x20 c:/st/stm32cubeide_1.9.0/stm32cubeide/plugins/com.st.stm32cube.ide.mcu.externaltools.gnu-tools-for-stm32.10.3-2021.10.win32_1.0.0.202111181127/tools/bin/../lib/gcc/arm-none-eabi/10.3.1/../../../../arm-none-eabi/lib/thumb/v7e-m+dp/hard\libc_nano.a(lib_a-sbrkr.o)
                0x0000000008008888                _sbrk_r
 .text.__sread  0x00000000080088a8       0x22 c:/st/stm32cubeide_1.9.0/stm32cubeide/plugins/com.st.stm32cube.ide.mcu.externaltools.gnu-tools-for-stm32.10.3-2021.10.win32_1.0.0.202111181127/tools/bin/../lib/gcc/arm-none-eabi/10.3.1/../../../../arm-none-eabi/lib/thumb/v7e-m+dp/hard\libc_nano.a(lib_a-stdio.o)
                0x00000000080088a8                __sread
 .text.__swrite
                0x00000000080088ca       0x38 c:/st/stm32cubeide_1.9.0/stm32cubeide/plugins/com.st.stm32cube.ide.mcu.externaltools.gnu-tools-for-stm32.10.3-2021.10.win32_1.0.0.202111181127/tools/bin/../lib/gcc/arm-none-eabi/10.3.1/../../../../arm-none-eabi/lib/thumb/v7e-m+dp/hard\libc_nano.a(lib_a-stdio.o)
                0x00000000080088ca                __swrite
 .text.__sseek  0x0000000008008902       0x24 c:/st/stm32cubeide_1.9.0/stm32cubeide/plugins/com.st.stm32cube.ide.mcu.externaltools.gnu-tools-for-stm32.10.3-2021.10.win32_1.0.0.202111181127/tools/bin/../lib/gcc/arm-none-eabi/10.3.1/../../../../arm-none-eabi/lib/thumb/v7e-m+dp/hard\libc_nano.a(lib_a-stdio.o)
                0x0000000008008902                __sseek
 .text.__sclose
                0x0000000008008926        0x8 c:/st/stm32cubeide_1.9.0/stm32cubeide/plugins/com.st.stm32cube.ide.mcu.externaltools.gnu-tools-for-stm32.10.3-2021.10.win32_1.0.0.202111181127/tools/bin/../lib/gcc/arm-none-eabi/10.3.1/../../../../arm-none-eabi/lib/thumb/v7e-m+dp/hard\libc_nano.a(lib_a-stdio.o)
                0x0000000008008926                __sclose
 *fill*         0x000000000800892e        0x2 
 .text.__swbuf_r
                0x0000000008008930       0xa4 c:/st/stm32cubeide_1.9.0/stm32cubeide/plugins/com.st.stm32cube.ide.mcu.externaltools.gnu-tools-for-stm32.10.3-2021.10.win32_1.0.0.202111181127/tools/bin/../lib/gcc/arm-none-eabi/10.3.1/../../../../arm-none-eabi/lib/thumb/v7e-m+dp/hard\libc_nano.a(lib_a-wbuf.o)
                0x0000000008008930                __swbuf_r
 .text._write_r
                0x00000000080089d4       0x24 c:/st/stm32cubeide_1.9.0/stm32cubeide/plugins/com.st.stm32cube.ide.mcu.externaltools.gnu-tools-for-stm32.10.3-2021.10.win32_1.0.0.202111181127/tools/bin/../lib/gcc/arm-none-eabi/10.3.1/../../../../arm-none-eabi/lib/thumb/v7e-m+dp/hard\libc_nano.a(lib_a-writer.o)
                0x00000000080089d4                _write_r
 .text.__swsetup_r
                0x00000000080089f8       0xdc c:/st/stm32cubeide_1.9.0/stm32cubeide/plugins/com.st.stm32cube.ide.mcu.externaltools.gnu-tools-for-stm32.10.3-2021.10.win32_1.0.0.202111181127/tools/bin/../lib/gcc/arm-none-eabi/10.3.1/../../../../arm-none-eabi/lib/thumb/v7e-m+dp/hard\libc_nano.a(lib_a-wsetup.o)
                0x00000000080089f8                __swsetup_r
 .text._close_r
                0x0000000008008ad4       0x20 c:/st/stm32cubeide_1.9.0/stm32cubeide/plugins/com.st.stm32cube.ide.mcu.externaltools.gnu-tools-for-stm32.10.3-2021.10.win32_1.0.0.202111181127/tools/bin/../lib/gcc/arm-none-eabi/10.3.1/../../../../arm-none-eabi/lib/thumb/v7e-m+dp/hard\libc_nano.a(lib_a-closer.o)
                0x0000000008008ad4                _close_r
 .text.__sflags
                0x0000000008008af4       0x6c c:/st/stm32cubeide_1.9.0/stm32cubeide/plugins/com.st.stm32cube.ide.mcu.externaltools.gnu-tools-for-stm32.10.3-2021.10.win32_1.0.0.202111181127/tools/bin/../lib/gcc/arm-none-eabi/10.3.1/../../../../arm-none-eabi/lib/thumb/v7e-m+dp/hard\libc_nano.a(lib_a-flags.o)
                0x0000000008008af4                __sflags
 .text._fstat_r
                0x0000000008008b60       0x24 c:/st/stm32cubeide_1.9.0/stm32cubeide/plugins/com.st.stm32cube.ide.mcu.externaltools.gnu-tools-for-stm32.10.3-2021.10.win32_1.0.0.202111181127/tools/bin/../lib/gcc/arm-none-eabi/10.3.1/../../../../arm-none-eabi/lib/thumb/v7e-m+dp/hard\libc_nano.a(lib_a-fstatr.o)
                0x0000000008008b60                _fstat_r
 .text._isatty_r
                0x0000000008008b84       0x20 c:/st/stm32cubeide_1.9.0/stm32cubeide/plugins/com.st.stm32cube.ide.mcu.externaltools.gnu-tools-for-stm32.10.3-2021.10.win32_1.0.0.202111181127/tools/bin/../lib/gcc/arm-none-eabi/10.3.1/../../../../arm-none-eabi/lib/thumb/v7e-m+dp/hard\libc_nano.a(lib_a-isattyr.o)
                0x0000000008008b84                _isatty_r
 .text._lseek_r
                0x0000000008008ba4       0x24 c:/st/stm32cubeide_1.9.0/stm32cubeide/plugins/com.st.stm32cube.ide.mcu.externaltools.gnu-tools-for-stm32.10.3-2021.10.win32_1.0.0.202111181127/tools/bin/../lib/gcc/arm-none-eabi/10.3.1/../../../../arm-none-eabi/lib/thumb/v7e-m+dp/hard\libc_nano.a(lib_a-lseekr.o)
                0x0000000008008ba4                _lseek_r
 .text.__malloc_lock
                0x0000000008008bc8        0xc c:/st/stm32cubeide_1.9.0/stm32cubeide/plugins/com.st.stm32cube.ide.mcu.externaltools.gnu-tools-for-stm32.10.3-2021.10.win32_1.0.0.202111181127/tools/bin/../lib/gcc/arm-none-eabi/10.3.1/../../../../arm-none-eabi/lib/thumb/v7e-m+dp/hard\libc_nano.a(lib_a-mlock.o)
                0x0000000008008bc8                __malloc_lock
 .text.__malloc_unlock
                0x0000000008008bd4        0xc c:/st/stm32cubeide_1.9.0/stm32cubeide/plugins/com.st.stm32cube.ide.mcu.externaltools.gnu-tools-for-stm32.10.3-2021.10.win32_1.0.0.202111181127/tools/bin/../lib/gcc/arm-none-eabi/10.3.1/../../../../arm-none-eabi/lib/thumb/v7e-m+dp/hard\libc_nano.a(lib_a-mlock.o)
                0x0000000008008bd4                __malloc_unlock
 .text.__sfputc_r
                0x0000000008008be0       0x2e c:/st/stm32cubeide_1.9.0/stm32cubeide/plugins/com.st.stm32cube.ide.mcu.externaltools.gnu-tools-for-stm32.10.3-2021.10.win32_1.0.0.202111181127/tools/bin/../lib/gcc/arm-none-eabi/10.3.1/../../../../arm-none-eabi/lib/thumb/v7e-m+dp/hard\libc_nano.a(lib_a-nano-vfprintf.o)
 .text.__sfputs_r
                0x0000000008008c0e       0x24 c:/st/stm32cubeide_1.9.0/stm32cubeide/plugins/com.st.stm32cube.ide.mcu.externaltools.gnu-tools-for-stm32.10.3-2021.10.win32_1.0.0.202111181127/tools/bin/../lib/gcc/arm-none-eabi/10.3.1/../../../../arm-none-eabi/lib/thumb/v7e-m+dp/hard\libc_nano.a(lib_a-nano-vfprintf.o)
                0x0000000008008c0e                __sfputs_r
 *fill*         0x0000000008008c32        0x2 
 .text._vfprintf_r
                0x0000000008008c34      0x260 c:/st/stm32cubeide_1.9.0/stm32cubeide/plugins/com.st.stm32cube.ide.mcu.externaltools.gnu-tools-for-stm32.10.3-2021.10.win32_1.0.0.202111181127/tools/bin/../lib/gcc/arm-none-eabi/10.3.1/../../../../arm-none-eabi/lib/thumb/v7e-m+dp/hard\libc_nano.a(lib_a-nano-vfprintf.o)
                0x0000000008008c34                _vfprintf_r
                0x0000000008008c34                _vfiprintf_r
 .text._printf_common
                0x0000000008008e94       0xda c:/st/stm32cubeide_1.9.0/stm32cubeide/plugins/com.st.stm32cube.ide.mcu.externaltools.gnu-tools-for-stm32.10.3-2021.10.win32_1.0.0.202111181127/tools/bin/../lib/gcc/arm-none-eabi/10.3.1/../../../../arm-none-eabi/lib/thumb/v7e-m+dp/hard\libc_nano.a(lib_a-nano-vfprintf_i.o)
                0x0000000008008e94                _printf_common
 *fill*         0x0000000008008f6e        0x2 
 .text._printf_i
                0x0000000008008f70      0x24c c:/st/stm32cubeide_1.9.0/stm32cubeide/plugins/com.st.stm32cube.ide.mcu.externaltools.gnu-tools-for-stm32.10.3-2021.10.win32_1.0.0.202111181127/tools/bin/../lib/gcc/arm-none-eabi/10.3.1/../../../../arm-none-eabi/lib/thumb/v7e-m+dp/hard\libc_nano.a(lib_a-nano-vfprintf_i.o)
                0x0000000008008f70                _printf_i
 .text._read_r  0x00000000080091bc       0x24 c:/st/stm32cubeide_1.9.0/stm32cubeide/plugins/com.st.stm32cube.ide.mcu.externaltools.gnu-tools-for-stm32.10.3-2021.10.win32_1.0.0.202111181127/tools/bin/../lib/gcc/arm-none-eabi/10.3.1/../../../../arm-none-eabi/lib/thumb/v7e-m+dp/hard\libc_nano.a(lib_a-readr.o)
                0x00000000080091bc                _read_r
 .text.round    0x00000000080091e0       0x8c c:/st/stm32cubeide_1.9.0/stm32cubeide/plugins/com.st.stm32cube.ide.mcu.externaltools.gnu-tools-for-stm32.10.3-2021.10.win32_1.0.0.202111181127/tools/bin/../lib/gcc/arm-none-eabi/10.3.1/../../../../arm-none-eabi/lib/thumb/v7e-m+dp/hard\libm.a(lib_a-s_round.o)
                0x00000000080091e0                round
 *fill*         0x000000000800926c        0x4 
 .text.sin      0x0000000008009270       0x98 c:/st/stm32cubeide_1.9.0/stm32cubeide/plugins/com.st.stm32cube.ide.mcu.externaltools.gnu-tools-for-stm32.10.3-2021.10.win32_1.0.0.202111181127/tools/bin/../lib/gcc/arm-none-eabi/10.3.1/../../../../arm-none-eabi/lib/thumb/v7e-m+dp/hard\libm.a(lib_a-s_sin.o)
                0x0000000008009270                sin
 .text.__ieee754_rem_pio2
                0x0000000008009308      0x288 c:/st/stm32cubeide_1.9.0/stm32cubeide/plugins/com.st.stm32cube.ide.mcu.externaltools.gnu-tools-for-stm32.10.3-2021.10.win32_1.0.0.202111181127/tools/bin/../lib/gcc/arm-none-eabi/10.3.1/../../../../arm-none-eabi/lib/thumb/v7e-m+dp/hard\libm.a(lib_a-e_rem_pio2.o)
                0x0000000008009308                __ieee754_rem_pio2
 .text.__kernel_cos
                0x0000000008009590       0xd8 c:/st/stm32cubeide_1.9.0/stm32cubeide/plugins/com.st.stm32cube.ide.mcu.externaltools.gnu-tools-for-stm32.10.3-2021.10.win32_1.0.0.202111181127/tools/bin/../lib/gcc/arm-none-eabi/10.3.1/../../../../arm-none-eabi/lib/thumb/v7e-m+dp/hard\libm.a(lib_a-k_cos.o)
                0x0000000008009590                __kernel_cos
 .text.__kernel_rem_pio2
                0x0000000008009668      0x530 c:/st/stm32cubeide_1.9.0/stm32cubeide/plugins/com.st.stm32cube.ide.mcu.externaltools.gnu-tools-for-stm32.10.3-2021.10.win32_1.0.0.202111181127/tools/bin/../lib/gcc/arm-none-eabi/10.3.1/../../../../arm-none-eabi/lib/thumb/v7e-m+dp/hard\libm.a(lib_a-k_rem_pio2.o)
                0x0000000008009668                __kernel_rem_pio2
 .text.__kernel_sin
                0x0000000008009b98       0xb0 c:/st/stm32cubeide_1.9.0/stm32cubeide/plugins/com.st.stm32cube.ide.mcu.externaltools.gnu-tools-for-stm32.10.3-2021.10.win32_1.0.0.202111181127/tools/bin/../lib/gcc/arm-none-eabi/10.3.1/../../../../arm-none-eabi/lib/thumb/v7e-m+dp/hard\libm.a(lib_a-k_sin.o)
                0x0000000008009b98                __kernel_sin
 .text.fabs     0x0000000008009c48       0x12 c:/st/stm32cubeide_1.9.0/stm32cubeide/plugins/com.st.stm32cube.ide.mcu.externaltools.gnu-tools-for-stm32.10.3-2021.10.win32_1.0.0.202111181127/tools/bin/../lib/gcc/arm-none-eabi/10.3.1/../../../../arm-none-eabi/lib/thumb/v7e-m+dp/hard\libm.a(lib_a-s_fabs.o)
                0x0000000008009c48                fabs
 *fill*         0x0000000008009c5a        0x6 
 .text.floor    0x0000000008009c60       0xe8 c:/st/stm32cubeide_1.9.0/stm32cubeide/plugins/com.st.stm32cube.ide.mcu.externaltools.gnu-tools-for-stm32.10.3-2021.10.win32_1.0.0.202111181127/tools/bin/../lib/gcc/arm-none-eabi/10.3.1/../../../../arm-none-eabi/lib/thumb/v7e-m+dp/hard\libm.a(lib_a-s_floor.o)
                0x0000000008009c60                floor
 .text.scalbn   0x0000000008009d48      0x114 c:/st/stm32cubeide_1.9.0/stm32cubeide/plugins/com.st.stm32cube.ide.mcu.externaltools.gnu-tools-for-stm32.10.3-2021.10.win32_1.0.0.202111181127/tools/bin/../lib/gcc/arm-none-eabi/10.3.1/../../../../arm-none-eabi/lib/thumb/v7e-m+dp/hard\libm.a(lib_a-s_scalbn.o)
                0x0000000008009d48                scalbn
 .text._exit    0x0000000008009e5c        0x2 c:/st/stm32cubeide_1.9.0/stm32cubeide/plugins/com.st.stm32cube.ide.mcu.externaltools.gnu-tools-for-stm32.10.3-2021.10.win32_1.0.0.202111181127/tools/bin/../lib/gcc/arm-none-eabi/10.3.1/../../../../arm-none-eabi/lib/thumb/v7e-m+dp/hard\libnosys.a(_exit.o)
                0x0000000008009e5c                _exit
 *(.glue_7)
 .glue_7        0x0000000008009e5e        0x0 linker stubs
 *(.glue_7t)
 .glue_7t       0x0000000008009e5e        0x0 linker stubs
 *(.eh_frame)
 *fill*         0x0000000008009e5e        0x2 
 .eh_frame      0x0000000008009e60        0x0 c:/st/stm32cubeide_1.9.0/stm32cubeide/plugins/com.st.stm32cube.ide.mcu.externaltools.gnu-tools-for-stm32.10.3-2021.10.win32_1.0.0.202111181127/tools/bin/../lib/gcc/arm-none-eabi/10.3.1/thumb/v7e-m+dp/hard/crtbegin.o
 *(.init)
 .init          0x0000000008009e60        0x4 c:/st/stm32cubeide_1.9.0/stm32cubeide/plugins/com.st.stm32cube.ide.mcu.externaltools.gnu-tools-for-stm32.10.3-2021.10.win32_1.0.0.202111181127/tools/bin/../lib/gcc/arm-none-eabi/10.3.1/thumb/v7e-m+dp/hard/crti.o
                0x0000000008009e60                _init
 .init          0x0000000008009e64        0x8 c:/st/stm32cubeide_1.9.0/stm32cubeide/plugins/com.st.stm32cube.ide.mcu.externaltools.gnu-tools-for-stm32.10.3-2021.10.win32_1.0.0.202111181127/tools/bin/../lib/gcc/arm-none-eabi/10.3.1/thumb/v7e-m+dp/hard/crtn.o
 *(.fini)
 .fini          0x0000000008009e6c        0x4 c:/st/stm32cubeide_1.9.0/stm32cubeide/plugins/com.st.stm32cube.ide.mcu.externaltools.gnu-tools-for-stm32.10.3-2021.10.win32_1.0.0.202111181127/tools/bin/../lib/gcc/arm-none-eabi/10.3.1/thumb/v7e-m+dp/hard/crti.o
                0x0000000008009e6c                _fini
 .fini          0x0000000008009e70        0x8 c:/st/stm32cubeide_1.9.0/stm32cubeide/plugins/com.st.stm32cube.ide.mcu.externaltools.gnu-tools-for-stm32.10.3-2021.10.win32_1.0.0.202111181127/tools/bin/../lib/gcc/arm-none-eabi/10.3.1/thumb/v7e-m+dp/hard/crtn.o
                0x0000000008009e78                . = ALIGN (0x4)
                0x0000000008009e78                _etext = .

.vfp11_veneer   0x0000000008009e78        0x0
 .vfp11_veneer  0x0000000008009e78        0x0 linker stubs

.v4_bx          0x0000000008009e78        0x0
 .v4_bx         0x0000000008009e78        0x0 linker stubs

.iplt           0x0000000008009e78        0x0
 .iplt          0x0000000008009e78        0x0 c:/st/stm32cubeide_1.9.0/stm32cubeide/plugins/com.st.stm32cube.ide.mcu.externaltools.gnu-tools-for-stm32.10.3-2021.10.win32_1.0.0.202111181127/tools/bin/../lib/gcc/arm-none-eabi/10.3.1/thumb/v7e-m+dp/hard/crtbegin.o

.rodata         0x0000000008009e78      0x318
                0x0000000008009e78                . = ALIGN (0x4)
 *(.rodata)
 .rodata        0x0000000008009e78       0x4d ./Core/Src/main.o
 *(.rodata*)
 *fill*         0x0000000008009ec5        0x3 
 .rodata.D1CorePrescTable
                0x0000000008009ec8       0x10 ./Core/Src/system_stm32h7xx.o
                0x0000000008009ec8                D1CorePrescTable
 .rodata.UARTPrescTable
                0x0000000008009ed8       0x18 ./Drivers/STM32H7xx_HAL_Driver/Src/stm32h7xx_hal_uart.o
                0x0000000008009ed8                UARTPrescTable
 .rodata.numerator.1
                0x0000000008009ef0        0x8 ./Drivers/STM32H7xx_HAL_Driver/Src/stm32h7xx_hal_uart_ex.o
 .rodata.denominator.0
                0x0000000008009ef8        0x8 ./Drivers/STM32H7xx_HAL_Driver/Src/stm32h7xx_hal_uart_ex.o
 .rodata._get_semihosting_exts.str1.1
                0x0000000008009f00       0x16 c:/st/stm32cubeide_1.9.0/stm32cubeide/plugins/com.st.stm32cube.ide.mcu.externaltools.gnu-tools-for-stm32.10.3-2021.10.win32_1.0.0.202111181127/tools/bin/../lib/gcc/arm-none-eabi/10.3.1/../../../../arm-none-eabi/lib/thumb/v7e-m+dp/hard\librdimon_nano.a(rdimon-syscalls.o)
 .rodata.initialise_monitor_handles.str1.1
                0x0000000008009f16        0x4 c:/st/stm32cubeide_1.9.0/stm32cubeide/plugins/com.st.stm32cube.ide.mcu.externaltools.gnu-tools-for-stm32.10.3-2021.10.win32_1.0.0.202111181127/tools/bin/../lib/gcc/arm-none-eabi/10.3.1/../../../../arm-none-eabi/lib/thumb/v7e-m+dp/hard\librdimon_nano.a(rdimon-syscalls.o)
 *fill*         0x0000000008009f1a        0x2 
 .rodata.__sf_fake_stderr
                0x0000000008009f1c       0x20 c:/st/stm32cubeide_1.9.0/stm32cubeide/plugins/com.st.stm32cube.ide.mcu.externaltools.gnu-tools-for-stm32.10.3-2021.10.win32_1.0.0.202111181127/tools/bin/../lib/gcc/arm-none-eabi/10.3.1/../../../../arm-none-eabi/lib/thumb/v7e-m+dp/hard\libc_nano.a(lib_a-findfp.o)
                0x0000000008009f1c                __sf_fake_stderr
 .rodata.__sf_fake_stdin
                0x0000000008009f3c       0x20 c:/st/stm32cubeide_1.9.0/stm32cubeide/plugins/com.st.stm32cube.ide.mcu.externaltools.gnu-tools-for-stm32.10.3-2021.10.win32_1.0.0.202111181127/tools/bin/../lib/gcc/arm-none-eabi/10.3.1/../../../../arm-none-eabi/lib/thumb/v7e-m+dp/hard\libc_nano.a(lib_a-findfp.o)
                0x0000000008009f3c                __sf_fake_stdin
 .rodata.__sf_fake_stdout
                0x0000000008009f5c       0x20 c:/st/stm32cubeide_1.9.0/stm32cubeide/plugins/com.st.stm32cube.ide.mcu.externaltools.gnu-tools-for-stm32.10.3-2021.10.win32_1.0.0.202111181127/tools/bin/../lib/gcc/arm-none-eabi/10.3.1/../../../../arm-none-eabi/lib/thumb/v7e-m+dp/hard\libc_nano.a(lib_a-findfp.o)
                0x0000000008009f5c                __sf_fake_stdout
 .rodata._global_impure_ptr
                0x0000000008009f7c        0x4 c:/st/stm32cubeide_1.9.0/stm32cubeide/plugins/com.st.stm32cube.ide.mcu.externaltools.gnu-tools-for-stm32.10.3-2021.10.win32_1.0.0.202111181127/tools/bin/../lib/gcc/arm-none-eabi/10.3.1/../../../../arm-none-eabi/lib/thumb/v7e-m+dp/hard\libc_nano.a(lib_a-impure.o)
                0x0000000008009f7c                _global_impure_ptr
 .rodata._vfprintf_r.str1.1
                0x0000000008009f80       0x11 c:/st/stm32cubeide_1.9.0/stm32cubeide/plugins/com.st.stm32cube.ide.mcu.externaltools.gnu-tools-for-stm32.10.3-2021.10.win32_1.0.0.202111181127/tools/bin/../lib/gcc/arm-none-eabi/10.3.1/../../../../arm-none-eabi/lib/thumb/v7e-m+dp/hard\libc_nano.a(lib_a-nano-vfprintf.o)
 .rodata._printf_i.str1.1
                0x0000000008009f91       0x22 c:/st/stm32cubeide_1.9.0/stm32cubeide/plugins/com.st.stm32cube.ide.mcu.externaltools.gnu-tools-for-stm32.10.3-2021.10.win32_1.0.0.202111181127/tools/bin/../lib/gcc/arm-none-eabi/10.3.1/../../../../arm-none-eabi/lib/thumb/v7e-m+dp/hard\libc_nano.a(lib_a-nano-vfprintf_i.o)
 *fill*         0x0000000008009fb3        0x1 
 .rodata.npio2_hw
                0x0000000008009fb4       0x80 c:/st/stm32cubeide_1.9.0/stm32cubeide/plugins/com.st.stm32cube.ide.mcu.externaltools.gnu-tools-for-stm32.10.3-2021.10.win32_1.0.0.202111181127/tools/bin/../lib/gcc/arm-none-eabi/10.3.1/../../../../arm-none-eabi/lib/thumb/v7e-m+dp/hard\libm.a(lib_a-e_rem_pio2.o)
 .rodata.two_over_pi
                0x000000000800a034      0x108 c:/st/stm32cubeide_1.9.0/stm32cubeide/plugins/com.st.stm32cube.ide.mcu.externaltools.gnu-tools-for-stm32.10.3-2021.10.win32_1.0.0.202111181127/tools/bin/../lib/gcc/arm-none-eabi/10.3.1/../../../../arm-none-eabi/lib/thumb/v7e-m+dp/hard\libm.a(lib_a-e_rem_pio2.o)
 *fill*         0x000000000800a13c        0x4 
 .rodata.PIo2   0x000000000800a140       0x40 c:/st/stm32cubeide_1.9.0/stm32cubeide/plugins/com.st.stm32cube.ide.mcu.externaltools.gnu-tools-for-stm32.10.3-2021.10.win32_1.0.0.202111181127/tools/bin/../lib/gcc/arm-none-eabi/10.3.1/../../../../arm-none-eabi/lib/thumb/v7e-m+dp/hard\libm.a(lib_a-k_rem_pio2.o)
 .rodata.init_jk
                0x000000000800a180       0x10 c:/st/stm32cubeide_1.9.0/stm32cubeide/plugins/com.st.stm32cube.ide.mcu.externaltools.gnu-tools-for-stm32.10.3-2021.10.win32_1.0.0.202111181127/tools/bin/../lib/gcc/arm-none-eabi/10.3.1/../../../../arm-none-eabi/lib/thumb/v7e-m+dp/hard\libm.a(lib_a-k_rem_pio2.o)
                0x000000000800a190                . = ALIGN (0x4)

.ARM.extab
 *(.ARM.extab* .gnu.linkonce.armextab.*)

.ARM            0x000000000800a190        0x8
                0x000000000800a190                __exidx_start = .
 *(.ARM.exidx*)
 .ARM.exidx     0x000000000800a190        0x8 c:/st/stm32cubeide_1.9.0/stm32cubeide/plugins/com.st.stm32cube.ide.mcu.externaltools.gnu-tools-for-stm32.10.3-2021.10.win32_1.0.0.202111181127/tools/bin/../lib/gcc/arm-none-eabi/10.3.1/thumb/v7e-m+dp/hard\libgcc.a(_udivmoddi4.o)
                0x000000000800a198                __exidx_end = .

.rel.dyn        0x000000000800a198        0x0
 .rel.iplt      0x000000000800a198        0x0 c:/st/stm32cubeide_1.9.0/stm32cubeide/plugins/com.st.stm32cube.ide.mcu.externaltools.gnu-tools-for-stm32.10.3-2021.10.win32_1.0.0.202111181127/tools/bin/../lib/gcc/arm-none-eabi/10.3.1/thumb/v7e-m+dp/hard/crtbegin.o

.preinit_array  0x000000000800a198        0x0
                0x000000000800a198                PROVIDE (__preinit_array_start = .)
 *(.preinit_array*)
                0x000000000800a198                PROVIDE (__preinit_array_end = .)

.init_array     0x000000000800a198        0x4
                0x000000000800a198                PROVIDE (__init_array_start = .)
 *(SORT_BY_NAME(.init_array.*))
 *(.init_array*)
 .init_array    0x000000000800a198        0x4 c:/st/stm32cubeide_1.9.0/stm32cubeide/plugins/com.st.stm32cube.ide.mcu.externaltools.gnu-tools-for-stm32.10.3-2021.10.win32_1.0.0.202111181127/tools/bin/../lib/gcc/arm-none-eabi/10.3.1/thumb/v7e-m+dp/hard/crtbegin.o
                0x000000000800a19c                PROVIDE (__init_array_end = .)

.fini_array     0x000000000800a19c        0x4
                [!provide]                        PROVIDE (__fini_array_start = .)
 *(SORT_BY_NAME(.fini_array.*))
 *(.fini_array*)
 .fini_array    0x000000000800a19c        0x4 c:/st/stm32cubeide_1.9.0/stm32cubeide/plugins/com.st.stm32cube.ide.mcu.externaltools.gnu-tools-for-stm32.10.3-2021.10.win32_1.0.0.202111181127/tools/bin/../lib/gcc/arm-none-eabi/10.3.1/thumb/v7e-m+dp/hard/crtbegin.o
                [!provide]                        PROVIDE (__fini_array_end = .)
                0x000000000800a1a0                _sidata = LOADADDR (.data)

.data           0x0000000024000000       0x84 load address 0x000000000800a1a0
                0x0000000024000000                . = ALIGN (0x4)
                0x0000000024000000                _sdata = .
 *(.data)
 *(.data*)
 .data.Fe       0x0000000024000000        0x4 ./Core/Src/main.o
                0x0000000024000000                Fe
 .data.ARR      0x0000000024000004        0x4 ./Core/Src/main.o
                0x0000000024000004                ARR
 .data.SystemCoreClock
                0x0000000024000008        0x4 ./Core/Src/system_stm32h7xx.o
                0x0000000024000008                SystemCoreClock
 .data.SystemD2Clock
                0x000000002400000c        0x4 ./Core/Src/system_stm32h7xx.o
                0x000000002400000c                SystemD2Clock
 .data.uwTickPrio
                0x0000000024000010        0x4 ./Drivers/STM32H7xx_HAL_Driver/Src/stm32h7xx_hal.o
                0x0000000024000010                uwTickPrio
 .data.uwTickFreq
                0x0000000024000014        0x1 ./Drivers/STM32H7xx_HAL_Driver/Src/stm32h7xx_hal.o
                0x0000000024000014                uwTickFreq
 *fill*         0x0000000024000015        0x3 
 .data.supports_ext_exit_extended
                0x0000000024000018        0x4 c:/st/stm32cubeide_1.9.0/stm32cubeide/plugins/com.st.stm32cube.ide.mcu.externaltools.gnu-tools-for-stm32.10.3-2021.10.win32_1.0.0.202111181127/tools/bin/../lib/gcc/arm-none-eabi/10.3.1/../../../../arm-none-eabi/lib/thumb/v7e-m+dp/hard\librdimon_nano.a(rdimon-syscalls.o)
 .data.supports_ext_stdout_stderr
                0x000000002400001c        0x4 c:/st/stm32cubeide_1.9.0/stm32cubeide/plugins/com.st.stm32cube.ide.mcu.externaltools.gnu-tools-for-stm32.10.3-2021.10.win32_1.0.0.202111181127/tools/bin/../lib/gcc/arm-none-eabi/10.3.1/../../../../arm-none-eabi/lib/thumb/v7e-m+dp/hard\librdimon_nano.a(rdimon-syscalls.o)
 .data._impure_ptr
                0x0000000024000020        0x4 c:/st/stm32cubeide_1.9.0/stm32cubeide/plugins/com.st.stm32cube.ide.mcu.externaltools.gnu-tools-for-stm32.10.3-2021.10.win32_1.0.0.202111181127/tools/bin/../lib/gcc/arm-none-eabi/10.3.1/../../../../arm-none-eabi/lib/thumb/v7e-m+dp/hard\libc_nano.a(lib_a-impure.o)
                0x0000000024000020                _impure_ptr
 .data.impure_data
                0x0000000024000024       0x60 c:/st/stm32cubeide_1.9.0/stm32cubeide/plugins/com.st.stm32cube.ide.mcu.externaltools.gnu-tools-for-stm32.10.3-2021.10.win32_1.0.0.202111181127/tools/bin/../lib/gcc/arm-none-eabi/10.3.1/../../../../arm-none-eabi/lib/thumb/v7e-m+dp/hard\libc_nano.a(lib_a-impure.o)
 *(.RamFunc)
 *(.RamFunc*)
                0x0000000024000084                . = ALIGN (0x4)
                0x0000000024000084                _edata = .

.igot.plt       0x0000000024000084        0x0 load address 0x000000000800a224
 .igot.plt      0x0000000024000084        0x0 c:/st/stm32cubeide_1.9.0/stm32cubeide/plugins/com.st.stm32cube.ide.mcu.externaltools.gnu-tools-for-stm32.10.3-2021.10.win32_1.0.0.202111181127/tools/bin/../lib/gcc/arm-none-eabi/10.3.1/thumb/v7e-m+dp/hard/crtbegin.o
                0x0000000024000084                . = ALIGN (0x4)

.bss            0x0000000024000088      0x3c4 load address 0x000000000800a224
                0x0000000024000088                _sbss = .
                0x0000000024000088                __bss_start__ = _sbss
 *(.bss)
 .bss           0x0000000024000088       0x1c c:/st/stm32cubeide_1.9.0/stm32cubeide/plugins/com.st.stm32cube.ide.mcu.externaltools.gnu-tools-for-stm32.10.3-2021.10.win32_1.0.0.202111181127/tools/bin/../lib/gcc/arm-none-eabi/10.3.1/thumb/v7e-m+dp/hard/crtbegin.o
 *(.bss*)
 .bss.htim2     0x00000000240000a4       0x4c ./Core/Src/main.o
                0x00000000240000a4                htim2
 .bss.htim3     0x00000000240000f0       0x4c ./Core/Src/main.o
                0x00000000240000f0                htim3
 .bss.htim4     0x000000002400013c       0x4c ./Core/Src/main.o
                0x000000002400013c                htim4
 .bss.htim5     0x0000000024000188       0x4c ./Core/Src/main.o
                0x0000000024000188                htim5
 .bss.htim8     0x00000000240001d4       0x4c ./Core/Src/main.o
                0x00000000240001d4                htim8
 .bss.htim23    0x0000000024000220       0x4c ./Core/Src/main.o
                0x0000000024000220                htim23
 .bss.htim24    0x000000002400026c       0x4c ./Core/Src/main.o
                0x000000002400026c                htim24
 .bss.huart3    0x00000000240002b8       0x90 ./Core/Src/main.o
                0x00000000240002b8                huart3
 .bss.Pulses    0x0000000024000348        0x4 ./Core/Src/main.o
                0x0000000024000348                Pulses
 .bss.speed     0x000000002400034c        0x4 ./Core/Src/main.o
                0x000000002400034c                speed
 .bss.N         0x0000000024000350        0x4 ./Core/Src/main.o
                0x0000000024000350                N
 .bss.input_val
                0x0000000024000354        0x4 ./Core/Src/main.o
                0x0000000024000354                input_val
 .bss.out_speed
                0x0000000024000358        0x4 ./Core/Src/main.o
                0x0000000024000358                out_speed
 .bss.Input     0x000000002400035c        0x4 ./Core/Src/main.o
                0x000000002400035c                Input
 .bss.DutyC     0x0000000024000360        0x8 ./Core/Src/main.o
                0x0000000024000360                DutyC
 .bss.ccr_reg   0x0000000024000368        0x4 ./Core/Src/main.o
                0x0000000024000368                ccr_reg
 .bss.F_sp      0x000000002400036c        0x4 ./Core/Src/main.o
                0x000000002400036c                F_sp
 .bss.F_in      0x0000000024000370        0x4 ./Core/Src/main.o
                0x0000000024000370                F_in
 .bss.CCR_old   0x0000000024000374        0x4 ./Core/Src/main.o
                0x0000000024000374                CCR_old
 .bss.CCR_new   0x0000000024000378        0x4 ./Core/Src/main.o
                0x0000000024000378                CCR_new
 .bss.i         0x000000002400037c        0x4 ./Core/Src/main.o
                0x000000002400037c                i
 .bss.old_pulse
                0x0000000024000380        0x4 ./Core/Src/main.o
                0x0000000024000380                old_pulse
 .bss.New_pulse
                0x0000000024000384        0x4 ./Core/Src/main.o
                0x0000000024000384                New_pulse
 .bss.__sbrk_heap_end
                0x0000000024000388        0x4 ./Core/Src/sysmem.o
 .bss.uwTick    0x000000002400038c        0x4 ./Drivers/STM32H7xx_HAL_Driver/Src/stm32h7xx_hal.o
                0x000000002400038c                uwTick
 .bss.monitor_stderr
                0x0000000024000390        0x4 c:/st/stm32cubeide_1.9.0/stm32cubeide/plugins/com.st.stm32cube.ide.mcu.externaltools.gnu-tools-for-stm32.10.3-2021.10.win32_1.0.0.202111181127/tools/bin/../lib/gcc/arm-none-eabi/10.3.1/../../../../arm-none-eabi/lib/thumb/v7e-m+dp/hard\librdimon_nano.a(rdimon-syscalls.o)
 .bss.monitor_stdin
                0x0000000024000394        0x4 c:/st/stm32cubeide_1.9.0/stm32cubeide/plugins/com.st.stm32cube.ide.mcu.externaltools.gnu-tools-for-stm32.10.3-2021.10.win32_1.0.0.202111181127/tools/bin/../lib/gcc/arm-none-eabi/10.3.1/../../../../arm-none-eabi/lib/thumb/v7e-m+dp/hard\librdimon_nano.a(rdimon-syscalls.o)
 .bss.monitor_stdout
                0x0000000024000398        0x4 c:/st/stm32cubeide_1.9.0/stm32cubeide/plugins/com.st.stm32cube.ide.mcu.externaltools.gnu-tools-for-stm32.10.3-2021.10.win32_1.0.0.202111181127/tools/bin/../lib/gcc/arm-none-eabi/10.3.1/../../../../arm-none-eabi/lib/thumb/v7e-m+dp/hard\librdimon_nano.a(rdimon-syscalls.o)
 .bss.openfiles
                0x000000002400039c       0xa0 c:/st/stm32cubeide_1.9.0/stm32cubeide/plugins/com.st.stm32cube.ide.mcu.externaltools.gnu-tools-for-stm32.10.3-2021.10.win32_1.0.0.202111181127/tools/bin/../lib/gcc/arm-none-eabi/10.3.1/../../../../arm-none-eabi/lib/thumb/v7e-m+dp/hard\librdimon_nano.a(rdimon-syscalls.o)
 .bss.__lock___malloc_recursive_mutex
                0x000000002400043c        0x1 c:/st/stm32cubeide_1.9.0/stm32cubeide/plugins/com.st.stm32cube.ide.mcu.externaltools.gnu-tools-for-stm32.10.3-2021.10.win32_1.0.0.202111181127/tools/bin/../lib/gcc/arm-none-eabi/10.3.1/../../../../arm-none-eabi/lib/thumb/v7e-m+dp/hard\libc_nano.a(lib_a-lock.o)
                0x000000002400043c                __lock___malloc_recursive_mutex
 .bss.__lock___sfp_recursive_mutex
                0x000000002400043d        0x1 c:/st/stm32cubeide_1.9.0/stm32cubeide/plugins/com.st.stm32cube.ide.mcu.externaltools.gnu-tools-for-stm32.10.3-2021.10.win32_1.0.0.202111181127/tools/bin/../lib/gcc/arm-none-eabi/10.3.1/../../../../arm-none-eabi/lib/thumb/v7e-m+dp/hard\libc_nano.a(lib_a-lock.o)
                0x000000002400043d                __lock___sfp_recursive_mutex
 .bss.__lock___sinit_recursive_mutex
                0x000000002400043e        0x1 c:/st/stm32cubeide_1.9.0/stm32cubeide/plugins/com.st.stm32cube.ide.mcu.externaltools.gnu-tools-for-stm32.10.3-2021.10.win32_1.0.0.202111181127/tools/bin/../lib/gcc/arm-none-eabi/10.3.1/../../../../arm-none-eabi/lib/thumb/v7e-m+dp/hard\libc_nano.a(lib_a-lock.o)
                0x000000002400043e                __lock___sinit_recursive_mutex
 *fill*         0x000000002400043f        0x1 
 .bss.__malloc_free_list
                0x0000000024000440        0x4 c:/st/stm32cubeide_1.9.0/stm32cubeide/plugins/com.st.stm32cube.ide.mcu.externaltools.gnu-tools-for-stm32.10.3-2021.10.win32_1.0.0.202111181127/tools/bin/../lib/gcc/arm-none-eabi/10.3.1/../../../../arm-none-eabi/lib/thumb/v7e-m+dp/hard\libc_nano.a(lib_a-nano-mallocr.o)
                0x0000000024000440                __malloc_free_list
 .bss.__malloc_sbrk_start
                0x0000000024000444        0x4 c:/st/stm32cubeide_1.9.0/stm32cubeide/plugins/com.st.stm32cube.ide.mcu.externaltools.gnu-tools-for-stm32.10.3-2021.10.win32_1.0.0.202111181127/tools/bin/../lib/gcc/arm-none-eabi/10.3.1/../../../../arm-none-eabi/lib/thumb/v7e-m+dp/hard\libc_nano.a(lib_a-nano-mallocr.o)
                0x0000000024000444                __malloc_sbrk_start
 .bss.errno     0x0000000024000448        0x4 c:/st/stm32cubeide_1.9.0/stm32cubeide/plugins/com.st.stm32cube.ide.mcu.externaltools.gnu-tools-for-stm32.10.3-2021.10.win32_1.0.0.202111181127/tools/bin/../lib/gcc/arm-none-eabi/10.3.1/../../../../arm-none-eabi/lib/thumb/v7e-m+dp/hard\libc_nano.a(lib_a-reent.o)
                0x0000000024000448                errno
 *(COMMON)
                0x000000002400044c                . = ALIGN (0x4)
                0x000000002400044c                _ebss = .
                0x000000002400044c                __bss_end__ = _ebss

._user_heap_stack
                0x000000002400044c      0x604 load address 0x000000000800a224
                0x0000000024000450                . = ALIGN (0x8)
 *fill*         0x000000002400044c        0x4 
                0x0000000024000450                PROVIDE (end = .)
                0x0000000024000450                PROVIDE (_end = .)
                0x0000000024000650                . = (. + _Min_Heap_Size)
 *fill*         0x0000000024000450      0x200 
                0x0000000024000a50                . = (. + _Min_Stack_Size)
 *fill*         0x0000000024000650      0x400 
                0x0000000024000a50                . = ALIGN (0x8)

/DISCARD/
 libc.a(*)
 libm.a(*)
 libgcc.a(*)

.ARM.attributes
                0x0000000000000000       0x2e
 *(.ARM.attributes)
 .ARM.attributes