Archive member included to satisfy reference by file (symbol)

C:/Users/aymen/STM32Cube/Repository/STM32Cube_FW_H7_V1.10.0/Drivers/CMSIS/DSP/Lib/GCC\libarm_cortexM7lfdp_math.a(arm_mat_trans_f32.o)
                              ./Core/Inc/RLS.o (arm_mat_trans_f32)
C:/Users/aymen/STM32Cube/Repository/STM32Cube_FW_H7_V1.10.0/Drivers/CMSIS/DSP/Lib/GCC\libarm_cortexM7lfdp_math.a(arm_mat_sub_f32.o)
                              ./Core/Inc/RLS.o (arm_mat_sub_f32)
C:/Users/aymen/STM32Cube/Repository/STM32Cube_FW_H7_V1.10.0/Drivers/CMSIS/DSP/Lib/GCC\libarm_cortexM7lfdp_math.a(arm_mat_mult_f32.o)
                              ./Core/Inc/RLS.o (arm_mat_mult_f32)
C:/Users/aymen/STM32Cube/Repository/STM32Cube_FW_H7_V1.10.0/Drivers/CMSIS/DSP/Lib/GCC\libarm_cortexM7lfdp_math.a(arm_mat_init_f32.o)
                              ./Core/Inc/RLS.o (arm_mat_init_f32)
C:/Users/aymen/STM32Cube/Repository/STM32Cube_FW_H7_V1.10.0/Drivers/CMSIS/DSP/Lib/GCC\libarm_cortexM7lfdp_math.a(arm_mat_add_f32.o)
                              ./Core/Inc/RLS.o (arm_mat_add_f32)
c:/st/stm32cubeide_1.9.0/stm32cubeide/plugins/com.st.stm32cube.ide.mcu.externaltools.gnu-tools-for-stm32.10.3-2021.10.win32_1.0.0.202111181127/tools/bin/../lib/gcc/arm-none-eabi/10.3.1/../../../../arm-none-eabi/lib/thumb/v7e-m+dp/hard\libc_nano.a(lib_a-errno.o)
                              ./Core/Src/syscalls.o (__errno)
c:/st/stm32cubeide_1.9.0/stm32cubeide/plugins/com.st.stm32cube.ide.mcu.externaltools.gnu-tools-for-stm32.10.3-2021.10.win32_1.0.0.202111181127/tools/bin/../lib/gcc/arm-none-eabi/10.3.1/../../../../arm-none-eabi/lib/thumb/v7e-m+dp/hard\libc_nano.a(lib_a-exit.o)
                              c:/st/stm32cubeide_1.9.0/stm32cubeide/plugins/com.st.stm32cube.ide.mcu.externaltools.gnu-tools-for-stm32.10.3-2021.10.win32_1.0.0.202111181127/tools/bin/../lib/gcc/arm-none-eabi/10.3.1/../../../../arm-none-eabi/lib/thumb/v7e-m+dp/hard/crt0.o (exit)
c:/st/stm32cubeide_1.9.0/stm32cubeide/plugins/com.st.stm32cube.ide.mcu.externaltools.gnu-tools-for-stm32.10.3-2021.10.win32_1.0.0.202111181127/tools/bin/../lib/gcc/arm-none-eabi/10.3.1/../../../../arm-none-eabi/lib/thumb/v7e-m+dp/hard\libc_nano.a(lib_a-impure.o)
                              c:/st/stm32cubeide_1.9.0/stm32cubeide/plugins/com.st.stm32cube.ide.mcu.externaltools.gnu-tools-for-stm32.10.3-2021.10.win32_1.0.0.202111181127/tools/bin/../lib/gcc/arm-none-eabi/10.3.1/../../../../arm-none-eabi/lib/thumb/v7e-m+dp/hard\libc_nano.a(lib_a-exit.o) (_global_impure_ptr)
c:/st/stm32cubeide_1.9.0/stm32cubeide/plugins/com.st.stm32cube.ide.mcu.externaltools.gnu-tools-for-stm32.10.3-2021.10.win32_1.0.0.202111181127/tools/bin/../lib/gcc/arm-none-eabi/10.3.1/../../../../arm-none-eabi/lib/thumb/v7e-m+dp/hard\libc_nano.a(lib_a-init.o)
                              c:/st/stm32cubeide_1.9.0/stm32cubeide/plugins/com.st.stm32cube.ide.mcu.externaltools.gnu-tools-for-stm32.10.3-2021.10.win32_1.0.0.202111181127/tools/bin/../lib/gcc/arm-none-eabi/10.3.1/../../../../arm-none-eabi/lib/thumb/v7e-m+dp/hard/crt0.o (__libc_init_array)
c:/st/stm32cubeide_1.9.0/stm32cubeide/plugins/com.st.stm32cube.ide.mcu.externaltools.gnu-tools-for-stm32.10.3-2021.10.win32_1.0.0.202111181127/tools/bin/../lib/gcc/arm-none-eabi/10.3.1/../../../../arm-none-eabi/lib/thumb/v7e-m+dp/hard\libc_nano.a(lib_a-malloc.o)
                              ./Core/Inc/RLS.o (malloc)
c:/st/stm32cubeide_1.9.0/stm32cubeide/plugins/com.st.stm32cube.ide.mcu.externaltools.gnu-tools-for-stm32.10.3-2021.10.win32_1.0.0.202111181127/tools/bin/../lib/gcc/arm-none-eabi/10.3.1/../../../../arm-none-eabi/lib/thumb/v7e-m+dp/hard\libc_nano.a(lib_a-memset.o)
                              c:/st/stm32cubeide_1.9.0/stm32cubeide/plugins/com.st.stm32cube.ide.mcu.externaltools.gnu-tools-for-stm32.10.3-2021.10.win32_1.0.0.202111181127/tools/bin/../lib/gcc/arm-none-eabi/10.3.1/../../../../arm-none-eabi/lib/thumb/v7e-m+dp/hard/crt0.o (memset)
c:/st/stm32cubeide_1.9.0/stm32cubeide/plugins/com.st.stm32cube.ide.mcu.externaltools.gnu-tools-for-stm32.10.3-2021.10.win32_1.0.0.202111181127/tools/bin/../lib/gcc/arm-none-eabi/10.3.1/../../../../arm-none-eabi/lib/thumb/v7e-m+dp/hard\libc_nano.a(lib_a-nano-freer.o)
                              c:/st/stm32cubeide_1.9.0/stm32cubeide/plugins/com.st.stm32cube.ide.mcu.externaltools.gnu-tools-for-stm32.10.3-2021.10.win32_1.0.0.202111181127/tools/bin/../lib/gcc/arm-none-eabi/10.3.1/../../../../arm-none-eabi/lib/thumb/v7e-m+dp/hard\libc_nano.a(lib_a-malloc.o) (_free_r)
c:/st/stm32cubeide_1.9.0/stm32cubeide/plugins/com.st.stm32cube.ide.mcu.externaltools.gnu-tools-for-stm32.10.3-2021.10.win32_1.0.0.202111181127/tools/bin/../lib/gcc/arm-none-eabi/10.3.1/../../../../arm-none-eabi/lib/thumb/v7e-m+dp/hard\libc_nano.a(lib_a-nano-mallocr.o)
[...]
Memory Configuration

Name             Origin             Length             Attributes
ITCMRAM          0x0000000000000000 0x0000000000010000 xrw
DTCMRAM          0x0000000020000000 0x0000000000020000 xrw
FLASH            0x0000000008000000 0x0000000000100000 xr
RAM_D1           0x0000000024000000 0x0000000000050000 xrw
RAM_D2           0x0000000030000000 0x0000000000008000 xrw
RAM_D3           0x0000000038000000 0x0000000000004000 xrw
*default*        0x0000000000000000 0xffffffffffffffff

Linker script and memory map

LOAD c:/st/stm32cubeide_1.9.0/stm32cubeide/plugins/com.st.stm32cube.ide.mcu.externaltools.gnu-tools-for-stm32.10.3-2021.10.win32_1.0.0.202111181127/tools/bin/../lib/gcc/arm-none-eabi/10.3.1/thumb/v7e-m+dp/hard/crti.o
LOAD c:/st/stm32cubeide_1.9.0/stm32cubeide/plugins/com.st.stm32cube.ide.mcu.externaltools.gnu-tools-for-stm32.10.3-2021.10.win32_1.0.0.202111181127/tools/bin/../lib/gcc/arm-none-eabi/10.3.1/thumb/v7e-m+dp/hard/crtbegin.o
LOAD c:/st/stm32cubeide_1.9.0/stm32cubeide/plugins/com.st.stm32cube.ide.mcu.externaltools.gnu-tools-for-stm32.10.3-2021.10.win32_1.0.0.202111181127/tools/bin/../lib/gcc/arm-none-eabi/10.3.1/../../../../arm-none-eabi/lib/thumb/v7e-m+dp/hard/crt0.o
LOAD ./Core/Inc/RLS.o
LOAD ./Core/Src/main.o
LOAD ./Core/Src/stm32h7xx_hal_msp.o
LOAD ./Core/Src/stm32h7xx_it.o
LOAD ./Core/Src/syscalls.o
LOAD ./Core/Src/sysmem.o
LOAD ./Core/Src/system_stm32h7xx.o
LOAD ./Core/Startup/startup_stm32h723zgtx.o
LOAD ./Drivers/STM32H7xx_HAL_Driver/Src/stm32h7xx_hal.o
LOAD ./Drivers/STM32H7xx_HAL_Driver/Src/stm32h7xx_hal_cortex.o
LOAD ./Drivers/STM32H7xx_HAL_Driver/Src/stm32h7xx_hal_dma.o
LOAD ./Drivers/STM32H7xx_HAL_Driver/Src/stm32h7xx_hal_dma_ex.o
LOAD ./Drivers/STM32H7xx_HAL_Driver/Src/stm32h7xx_hal_exti.o
LOAD ./Drivers/STM32H7xx_HAL_Driver/Src/stm32h7xx_hal_flash.o
LOAD ./Drivers/STM32H7xx_HAL_Driver/Src/stm32h7xx_hal_flash_ex.o
LOAD ./Drivers/STM32H7xx_HAL_Driver/Src/stm32h7xx_hal_gpio.o
LOAD ./Drivers/STM32H7xx_HAL_Driver/Src/stm32h7xx_hal_hsem.o
LOAD ./Drivers/STM32H7xx_HAL_Driver/Src/stm32h7xx_hal_i2c.o
LOAD ./Drivers/STM32H7xx_HAL_Driver/Src/stm32h7xx_hal_i2c_ex.o
LOAD ./Drivers/STM32H7xx_HAL_Driver/Src/stm32h7xx_hal_mdma.o
LOAD ./Drivers/STM32H7xx_HAL_Driver/Src/stm32h7xx_hal_pwr.o
LOAD ./Drivers/STM32H7xx_HAL_Driver/Src/stm32h7xx_hal_pwr_ex.o
LOAD ./Drivers/STM32H7xx_HAL_Driver/Src/stm32h7xx_hal_rcc.o
LOAD ./Drivers/STM32H7xx_HAL_Driver/Src/stm32h7xx_hal_rcc_ex.o
LOAD ./Drivers/STM32H7xx_HAL_Driver/Src/stm32h7xx_hal_tim.o
LOAD ./Drivers/STM32H7xx_HAL_Driver/Src/stm32h7xx_hal_tim_ex.o
LOAD ./Drivers/STM32H7xx_HAL_Driver/Src/stm32h7xx_hal_uart.o
LOAD ./Drivers/STM32H7xx_HAL_Driver/Src/stm32h7xx_hal_uart_ex.o
LOAD C:/Users/aymen/STM32Cube/Repository/STM32Cube_FW_H7_V1.10.0/Drivers/CMSIS/DSP/Lib/GCC\libarm_cortexM7lfdp_math.a
START GROUP
LOAD c:/st/stm32cubeide_1.9.0/stm32cubeide/plugins/com.st.stm32cube.ide.mcu.externaltools.gnu-tools-for-stm32.10.3-2021.10.win32_1.0.0.202111181127/tools/bin/../lib/gcc/arm-none-eabi/10.3.1/../../../../arm-none-eabi/lib/thumb/v7e-m+dp/hard\libc_nano.a
LOAD c:/st/stm32cubeide_1.9.0/stm32cubeide/plugins/com.st.stm32cube.ide.mcu.externaltools.gnu-tools-for-stm32.10.3-2021.10.win32_1.0.0.202111181127/tools/bin/../lib/gcc/arm-none-eabi/10.3.1/../../../../arm-none-eabi/lib/thumb/v7e-m+dp/hard\libm.a
END GROUP
START GROUP
LOAD c:/st/stm32cubeide_1.9.0/stm32cubeide/plugins/com.st.stm32cube.ide.mcu.externaltools.gnu-tools-for-stm32.10.3-2021.10.win32_1.0.0.202111181127/tools/bin/../lib/gcc/arm-none-eabi/10.3.1/thumb/v7e-m+dp/hard\libgcc.a
LOAD c:/st/stm32cubeide_1.9.0/stm32cubeide/plugins/com.st.stm32cube.ide.mcu.externaltools.gnu-tools-for-stm32.10.3-2021.10.win32_1.0.0.202111181127/tools/bin/../lib/gcc/arm-none-eabi/10.3.1/../../../../arm-none-eabi/lib/thumb/v7e-m+dp/hard\libc_nano.a
END GROUP
START GROUP
LOAD c:/st/stm32cubeide_1.9.0/stm32cubeide/plugins/com.st.stm32cube.ide.mcu.externaltools.gnu-tools-for-stm32.10.3-2021.10.win32_1.0.0.202111181127/tools/bin/../lib/gcc/arm-none-eabi/10.3.1/thumb/v7e-m+dp/hard\libgcc.a
LOAD c:/st/stm32cubeide_1.9.0/stm32cubeide/plugins/com.st.stm32cube.ide.mcu.externaltools.gnu-tools-for-stm32.10.3-2021.10.win32_1.0.0.202111181127/tools/bin/../lib/gcc/arm-none-eabi/10.3.1/../../../../arm-none-eabi/lib/thumb/v7e-m+dp/hard\libc_nano.a
LOAD c:/st/stm32cubeide_1.9.0/stm32cubeide/plugins/com.st.stm32cube.ide.mcu.externaltools.gnu-tools-for-stm32.10.3-2021.10.win32_1.0.0.202111181127/tools/bin/../lib/gcc/arm-none-eabi/10.3.1/../../../../arm-none-eabi/lib/thumb/v7e-m+dp/hard\libnosys.a
END GROUP
START GROUP
LOAD c:/st/stm32cubeide_1.9.0/stm32cubeide/plugins/com.st.stm32cube.ide.mcu.externaltools.gnu-tools-for-stm32.10.3-2021.10.win32_1.0.0.202111181127/tools/bin/../lib/gcc/arm-none-eabi/10.3.1/thumb/v7e-m+dp/hard\libgcc.a
LOAD c:/st/stm32cubeide_1.9.0/stm32cubeide/plugins/com.st.stm32cube.ide.mcu.externaltools.gnu-tools-for-stm32.10.3-2021.10.win32_1.0.0.202111181127/tools/bin/../lib/gcc/arm-none-eabi/10.3.1/../../../../arm-none-eabi/lib/thumb/v7e-m+dp/hard\libc_nano.a
LOAD c:/st/stm32cubeide_1.9.0/stm32cubeide/plugins/com.st.stm32cube.ide.mcu.externaltools.gnu-tools-for-stm32.10.3-2021.10.win32_1.0.0.202111181127/tools/bin/../lib/gcc/arm-none-eabi/10.3.1/../../../../arm-none-eabi/lib/thumb/v7e-m+dp/hard\libnosys.a
END GROUP
LOAD c:/st/stm32cubeide_1.9.0/stm32cubeide/plugins/com.st.stm32cube.ide.mcu.externaltools.gnu-tools-for-stm32.10.3-2021.10.win32_1.0.0.202111181127/tools/bin/../lib/gcc/arm-none-eabi/10.3.1/thumb/v7e-m+dp/hard/crtend.o
LOAD c:/st/stm32cubeide_1.9.0/stm32cubeide/plugins/com.st.stm32cube.ide.mcu.externaltools.gnu-tools-for-stm32.10.3-2021.10.win32_1.0.0.202111181127/tools/bin/../lib/gcc/arm-none-eabi/10.3.1/thumb/v7e-m+dp/hard/crtn.o
                0x0000000024050000                _estack = (ORIGIN (RAM_D1) + LENGTH (RAM_D1))
                0x0000000000000200                _Min_Heap_Size = 0x200
                0x0000000000000400                _Min_Stack_Size = 0x400

.isr_vector     0x0000000008000000      0x2cc
                0x0000000008000000                . = ALIGN (0x4)
 *(.isr_vector)
 .isr_vector    0x0000000008000000      0x2cc ./Core/Startup/startup_stm32h723zgtx.o
                0x0000000008000000                g_pfnVectors
                0x00000000080002cc                . = ALIGN (0x4)

.text           0x00000000080002d0     0x92b4
                0x00000000080002d0                . = ALIGN (0x4)
 *(.text)
 .text          0x00000000080002d0       0x40 c:/st/stm32cubeide_1.9.0/stm32cubeide/plugins/com.st.stm32cube.ide.mcu.externaltools.gnu-tools-for-stm32.10.3-2021.10.win32_1.0.0.202111181127/tools/bin/../lib/gcc/arm-none-eabi/10.3.1/thumb/v7e-m+dp/hard/crtbegin.o
 .text          0x0000000008000310       0x30 c:/st/stm32cubeide_1.9.0/stm32cubeide/plugins/com.st.stm32cube.ide.mcu.externaltools.gnu-tools-for-stm32.10.3-2021.10.win32_1.0.0.202111181127/tools/bin/../lib/gcc/arm-none-eabi/10.3.1/thumb/v7e-m+dp/hard\libgcc.a(_aeabi_uldivmod.o)
                0x0000000008000310                __aeabi_uldivmod
 .text          0x0000000008000340      0x2d0 c:/st/stm32cubeide_1.9.0/stm32cubeide/plugins/com.st.stm32cube.ide.mcu.externaltools.gnu-tools-for-stm32.10.3-2021.10.win32_1.0.0.202111181127/tools/bin/../lib/gcc/arm-none-eabi/10.3.1/thumb/v7e-m+dp/hard\libgcc.a(_udivmoddi4.o)
                0x0000000008000340                __udivmoddi4
 .text          0x0000000008000610        0x4 c:/st/stm32cubeide_1.9.0/stm32cubeide/plugins/com.st.stm32cube.ide.mcu.externaltools.gnu-tools-for-stm32.10.3-2021.10.win32_1.0.0.202111181127/tools/bin/../lib/gcc/arm-none-eabi/10.3.1/thumb/v7e-m+dp/hard\libgcc.a(_dvmd_tls.o)
                0x0000000008000610                __aeabi_idiv0
                0x0000000008000610                __aeabi_ldiv0
 *(.text*)
 .text.init_rls
                0x0000000008000614      0x174 ./Core/Inc/RLS.o
                0x0000000008000614                init_rls
 .text.init_param_calcul_teta
                0x0000000008000788      0x2c4 ./Core/Inc/RLS.o
                0x0000000008000788                init_param_calcul_teta
 .text.teta_calc
                0x0000000008000a4c      0x1f4 ./Core/Inc/RLS.o
                0x0000000008000a4c                teta_calc
 .text.update_X
                0x0000000008000c40       0xac ./Core/Inc/RLS.o
                0x0000000008000c40                update_X
 .text.rep_sys  0x0000000008000cec       0x3c ./Core/Inc/RLS.o
                0x0000000008000cec                rep_sys
 .text.main     0x0000000008000d28       0xe0 ./Core/Src/main.o
                0x0000000008000d28                main
 .text.SystemClock_Config
                0x0000000008000e08       0xe0 ./Core/Src/main.o
                0x0000000008000e08                SystemClock_Config
 .text.MX_TIM2_Init
                0x0000000008000ee8       0x9c ./Core/Src/main.o
 .text.MX_TIM3_Init
                0x0000000008000f84       0xac ./Core/Src/main.o
 .text.MX_TIM4_Init
                0x0000000008001030       0xf0 ./Core/Src/main.o
 .text.MX_TIM5_Init
                0x0000000008001120       0xa0 ./Core/Src/main.o
 .text.MX_TIM8_Init
                0x00000000080011c0       0xf0 ./Core/Src/main.o
 .text.MX_TIM23_Init
                0x00000000080012b0       0xa0 ./Core/Src/main.o
 .text.MX_TIM24_Init
                0x0000000008001350       0x9c ./Core/Src/main.o
 .text.MX_USART3_UART_Init
                0x00000000080013ec       0x98 ./Core/Src/main.o
 .text.MX_USB_OTG_HS_USB_Init
                0x0000000008001484        0xe ./Core/Src/main.o
 *fill*         0x0000000008001492        0x2 
 .text.MX_GPIO_Init
                0x0000000008001494      0x2cc ./Core/Src/main.o
 .text.speed_aq
                0x0000000008001760       0x80 ./Core/Src/main.o
                0x0000000008001760                speed_aq
 .text.HAL_TIM_PeriodElapsedCallback
                0x00000000080017e0      0x228 ./Core/Src/main.o
                0x00000000080017e0                HAL_TIM_PeriodElapsedCallback
 .text.Error_Handler
                0x0000000008001a08        0xa ./Core/Src/main.o
                0x0000000008001a08                Error_Handler
 *fill*         0x0000000008001a12        0x2 
 .text.HAL_MspInit
                0x0000000008001a14       0x34 ./Core/Src/stm32h7xx_hal_msp.o
                0x0000000008001a14                HAL_MspInit
 .text.HAL_TIM_Base_MspInit
                0x0000000008001a48      0x1a8 ./Core/Src/stm32h7xx_hal_msp.o
                0x0000000008001a48                HAL_TIM_Base_MspInit
 .text.HAL_TIM_Encoder_MspInit
                0x0000000008001bf0       0x94 ./Core/Src/stm32h7xx_hal_msp.o
                0x0000000008001bf0                HAL_TIM_Encoder_MspInit
 .text.HAL_TIM_MspPostInit
                0x0000000008001c84       0x78 ./Core/Src/stm32h7xx_hal_msp.o
                0x0000000008001c84                HAL_TIM_MspPostInit
 .text.HAL_UART_MspInit
                0x0000000008001cfc       0xcc ./Core/Src/stm32h7xx_hal_msp.o
                0x0000000008001cfc                HAL_UART_MspInit
 .text.NMI_Handler
                0x0000000008001dc8        0x6 ./Core/Src/stm32h7xx_it.o
                0x0000000008001dc8                NMI_Handler
 .text.HardFault_Handler
                0x0000000008001dce        0x6 ./Core/Src/stm32h7xx_it.o
                0x0000000008001dce                HardFault_Handler
 .text.MemManage_Handler
                0x0000000008001dd4        0x6 ./Core/Src/stm32h7xx_it.o
                0x0000000008001dd4                MemManage_Handler
 .text.BusFault_Handler
                0x0000000008001dda        0x6 ./Core/Src/stm32h7xx_it.o
                0x0000000008001dda                BusFault_Handler
 .text.UsageFault_Handler
                0x0000000008001de0        0x6 ./Core/Src/stm32h7xx_it.o
                0x0000000008001de0                UsageFault_Handler
 .text.SVC_Handler
                0x0000000008001de6        0xe ./Core/Src/stm32h7xx_it.o
                0x0000000008001de6                SVC_Handler
 .text.DebugMon_Handler
                0x0000000008001df4        0xe ./Core/Src/stm32h7xx_it.o
                0x0000000008001df4                DebugMon_Handler
 .text.PendSV_Handler
                0x0000000008001e02        0xe ./Core/Src/stm32h7xx_it.o
                0x0000000008001e02                PendSV_Handler
 .text.SysTick_Handler
                0x0000000008001e10        0xc ./Core/Src/stm32h7xx_it.o
                0x0000000008001e10                SysTick_Handler
 .text.TIM2_IRQHandler
                0x0000000008001e1c       0x14 ./Core/Src/stm32h7xx_it.o
                0x0000000008001e1c                TIM2_IRQHandler
 .text.EXTI15_10_IRQHandler
                0x0000000008001e30       0x10 ./Core/Src/stm32h7xx_it.o
                0x0000000008001e30                EXTI15_10_IRQHandler
 .text.TIM23_IRQHandler
                0x0000000008001e40       0x14 ./Core/Src/stm32h7xx_it.o
                0x0000000008001e40                TIM23_IRQHandler
 .text.TIM24_IRQHandler
                0x0000000008001e54       0x14 ./Core/Src/stm32h7xx_it.o
                0x0000000008001e54                TIM24_IRQHandler
 .text._sbrk    0x0000000008001e68       0x6c ./Core/Src/sysmem.o
                0x0000000008001e68                _sbrk
 .text.SystemInit
                0x0000000008001ed4       0xf0 ./Core/Src/system_stm32h7xx.o
                0x0000000008001ed4                SystemInit
 .text.Reset_Handler
                0x0000000008001fc4       0x50 ./Core/Startup/startup_stm32h723zgtx.o
                0x0000000008001fc4                Reset_Handler
 .text.Default_Handler
                0x0000000008002014        0x2 ./Core/Startup/startup_stm32h723zgtx.o
                0x0000000008002014                RTC_Alarm_IRQHandler
                0x0000000008002014                EXTI2_IRQHandler
                0x0000000008002014                TIM8_CC_IRQHandler
                0x0000000008002014                UART8_IRQHandler
                0x0000000008002014                SPI4_IRQHandler
                0x0000000008002014                FDCAN3_IT0_IRQHandler
                0x0000000008002014                TIM1_CC_IRQHandler
                0x0000000008002014                BDMA_Channel6_IRQHandler
                0x0000000008002014                DMA2_Stream5_IRQHandler
                0x0000000008002014                DMA1_Stream5_IRQHandler
                0x0000000008002014                CORDIC_IRQHandler
                0x0000000008002014                BDMA_Channel1_IRQHandler
                0x0000000008002014                TAMP_STAMP_IRQHandler
                0x0000000008002014                EXTI3_IRQHandler
                0x0000000008002014                LPTIM4_IRQHandler
                0x0000000008002014                TIM8_TRG_COM_TIM14_IRQHandler
                0x0000000008002014                LPTIM2_IRQHandler
                0x0000000008002014                DFSDM1_FLT1_IRQHandler
                0x0000000008002014                DMAMUX2_OVR_IRQHandler
                0x0000000008002014                TIM8_UP_TIM13_IRQHandler
                0x0000000008002014                I2C3_ER_IRQHandler
                0x0000000008002014                DFSDM1_FLT2_IRQHandler
                0x0000000008002014                I2C5_EV_IRQHandler
                0x0000000008002014                USART10_IRQHandler
                0x0000000008002014                MDMA_IRQHandler
                0x0000000008002014                LPTIM3_IRQHandler
                0x0000000008002014                HSEM1_IRQHandler
                0x0000000008002014                EXTI0_IRQHandler
                0x0000000008002014                I2C2_EV_IRQHandler
                0x0000000008002014                DMA1_Stream2_IRQHandler
                0x0000000008002014                FPU_IRQHandler
                0x0000000008002014                OTG_HS_WKUP_IRQHandler
                0x0000000008002014                FDCAN1_IT1_IRQHandler
                0x0000000008002014                LTDC_ER_IRQHandler
                0x0000000008002014                DMA2_Stream2_IRQHandler
                0x0000000008002014                SPI1_IRQHandler
                0x0000000008002014                OCTOSPI1_IRQHandler
                0x0000000008002014                TIM6_DAC_IRQHandler
                0x0000000008002014                DMA2_Stream3_IRQHandler
                0x0000000008002014                OCTOSPI2_IRQHandler
                0x0000000008002014                DFSDM1_FLT3_IRQHandler
                0x0000000008002014                USART6_IRQHandler
                0x0000000008002014                TIM17_IRQHandler
                0x0000000008002014                USART3_IRQHandler
                0x0000000008002014                BDMA_Channel7_IRQHandler
                0x0000000008002014                LPTIM5_IRQHandler
                0x0000000008002014                UART5_IRQHandler
                0x0000000008002014                ADC3_IRQHandler
                0x0000000008002014                DMA2_Stream0_IRQHandler
                0x0000000008002014                TIM4_IRQHandler
                0x0000000008002014                BDMA_Channel2_IRQHandler
                0x0000000008002014                I2C1_EV_IRQHandler
                0x0000000008002014                DMA1_Stream6_IRQHandler
                0x0000000008002014                DMAMUX1_OVR_IRQHandler
                0x0000000008002014                DMA1_Stream1_IRQHandler
                0x0000000008002014                TIM16_IRQHandler
                0x0000000008002014                UART4_IRQHandler
                0x0000000008002014                BDMA_Channel5_IRQHandler
                0x0000000008002014                TIM3_IRQHandler
                0x0000000008002014                RCC_IRQHandler
                0x0000000008002014                UART9_IRQHandler
                0x0000000008002014                TIM8_BRK_TIM12_IRQHandler
                0x0000000008002014                TIM1_TRG_COM_IRQHandler
                0x0000000008002014                Default_Handler
                0x0000000008002014                ECC_IRQHandler
                0x0000000008002014                FMAC_IRQHandler
                0x0000000008002014                CEC_IRQHandler
                0x0000000008002014                BDMA_Channel0_IRQHandler
                0x0000000008002014                ADC_IRQHandler
                0x0000000008002014                I2C5_ER_IRQHandler
                0x0000000008002014                DMA1_Stream7_IRQHandler
                0x0000000008002014                SPI5_IRQHandler
                0x0000000008002014                TIM7_IRQHandler
                0x0000000008002014                FDCAN3_IT1_IRQHandler
                0x0000000008002014                SDMMC1_IRQHandler
                0x0000000008002014                TIM5_IRQHandler
                0x0000000008002014                DMA2_Stream7_IRQHandler
                0x0000000008002014                TIM15_IRQHandler
                0x0000000008002014                PVD_AVD_IRQHandler
                0x0000000008002014                I2C3_EV_IRQHandler
                0x0000000008002014                EXTI9_5_IRQHandler
                0x0000000008002014                RTC_WKUP_IRQHandler
                0x0000000008002014                LTDC_IRQHandler
                0x0000000008002014                ETH_WKUP_IRQHandler
                0x0000000008002014                SPDIF_RX_IRQHandler
                0x0000000008002014                SPI2_IRQHandler
                0x0000000008002014                OTG_HS_EP1_IN_IRQHandler
                0x0000000008002014                DMA1_Stream0_IRQHandler
                0x0000000008002014                CRS_IRQHandler
                0x0000000008002014                EXTI4_IRQHandler
                0x0000000008002014                RNG_IRQHandler
                0x0000000008002014                FDCAN2_IT1_IRQHandler
                0x0000000008002014                ETH_IRQHandler
                0x0000000008002014                TIM1_UP_IRQHandler
                0x0000000008002014                BDMA_Channel4_IRQHandler
                0x0000000008002014                OTG_HS_EP1_OUT_IRQHandler
                0x0000000008002014                WWDG_IRQHandler
                0x0000000008002014                SPI6_IRQHandler
                0x0000000008002014                MDIOS_IRQHandler
                0x0000000008002014                I2C4_EV_IRQHandler
                0x0000000008002014                FDCAN2_IT0_IRQHandler
                0x0000000008002014                LPUART1_IRQHandler
                0x0000000008002014                FDCAN1_IT0_IRQHandler
                0x0000000008002014                OTG_HS_IRQHandler
                0x0000000008002014                DMA2D_IRQHandler
                0x0000000008002014                TIM1_BRK_IRQHandler
                0x0000000008002014                EXTI1_IRQHandler
                0x0000000008002014                SDMMC2_IRQHandler
                0x0000000008002014                BDMA_Channel3_IRQHandler
                0x0000000008002014                DTS_IRQHandler
                0x0000000008002014                UART7_IRQHandler
                0x0000000008002014                MDIOS_WKUP_IRQHandler
                0x0000000008002014                USART2_IRQHandler
                0x0000000008002014                DFSDM1_FLT0_IRQHandler
                0x0000000008002014                SAI4_IRQHandler
                0x0000000008002014                I2C2_ER_IRQHandler
                0x0000000008002014                DMA2_Stream1_IRQHandler
                0x0000000008002014                FLASH_IRQHandler
                0x0000000008002014                DMA2_Stream4_IRQHandler
                0x0000000008002014                USART1_IRQHandler
                0x0000000008002014                SPI3_IRQHandler
                0x0000000008002014                WAKEUP_PIN_IRQHandler
                0x0000000008002014                DMA1_Stream4_IRQHandler
                0x0000000008002014                I2C1_ER_IRQHandler
                0x0000000008002014                FMC_IRQHandler
                0x0000000008002014                FDCAN_CAL_IRQHandler
                0x0000000008002014                SWPMI1_IRQHandler
                0x0000000008002014                COMP1_IRQHandler
                0x0000000008002014                LPTIM1_IRQHandler
                0x0000000008002014                DCMI_PSSI_IRQHandler
                0x0000000008002014                I2C4_ER_IRQHandler
                0x0000000008002014                DMA2_Stream6_IRQHandler
                0x0000000008002014                SAI1_IRQHandler
                0x0000000008002014                DMA1_Stream3_IRQHandler
 *fill*         0x0000000008002016        0x2 
 .text.HAL_Init
                0x0000000008002018       0x78 ./Drivers/STM32H7xx_HAL_Driver/Src/stm32h7xx_hal.o
                0x0000000008002018                HAL_Init
 .text.HAL_InitTick
                0x0000000008002090       0x6c ./Drivers/STM32H7xx_HAL_Driver/Src/stm32h7xx_hal.o
                0x0000000008002090                HAL_InitTick
 .text.HAL_IncTick
                0x00000000080020fc       0x28 ./Drivers/STM32H7xx_HAL_Driver/Src/stm32h7xx_hal.o
                0x00000000080020fc                HAL_IncTick
 .text.HAL_GetTick
                0x0000000008002124       0x18 ./Drivers/STM32H7xx_HAL_Driver/Src/stm32h7xx_hal.o
                0x0000000008002124                HAL_GetTick
 .text.__NVIC_SetPriorityGrouping
                0x000000000800213c       0x48 ./Drivers/STM32H7xx_HAL_Driver/Src/stm32h7xx_hal_cortex.o
 .text.__NVIC_GetPriorityGrouping
                0x0000000008002184       0x1c ./Drivers/STM32H7xx_HAL_Driver/Src/stm32h7xx_hal_cortex.o
 .text.__NVIC_EnableIRQ
                0x00000000080021a0       0x3c ./Drivers/STM32H7xx_HAL_Driver/Src/stm32h7xx_hal_cortex.o
 .text.__NVIC_SetPriority
                0x00000000080021dc       0x54 ./Drivers/STM32H7xx_HAL_Driver/Src/stm32h7xx_hal_cortex.o
 .text.NVIC_EncodePriority
                0x0000000008002230       0x66 ./Drivers/STM32H7xx_HAL_Driver/Src/stm32h7xx_hal_cortex.o
 *fill*         0x0000000008002296        0x2 
 .text.SysTick_Config
                0x0000000008002298       0x44 ./Drivers/STM32H7xx_HAL_Driver/Src/stm32h7xx_hal_cortex.o
 .text.HAL_NVIC_SetPriorityGrouping
                0x00000000080022dc       0x16 ./Drivers/STM32H7xx_HAL_Driver/Src/stm32h7xx_hal_cortex.o
                0x00000000080022dc                HAL_NVIC_SetPriorityGrouping
 .text.HAL_NVIC_SetPriority
                0x00000000080022f2       0x34 ./Drivers/STM32H7xx_HAL_Driver/Src/stm32h7xx_hal_cortex.o
                0x00000000080022f2                HAL_NVIC_SetPriority
 .text.HAL_NVIC_EnableIRQ
                0x0000000008002326       0x1c ./Drivers/STM32H7xx_HAL_Driver/Src/stm32h7xx_hal_cortex.o
                0x0000000008002326                HAL_NVIC_EnableIRQ
 .text.HAL_SYSTICK_Config
                0x0000000008002342       0x18 ./Drivers/STM32H7xx_HAL_Driver/Src/stm32h7xx_hal_cortex.o
                0x0000000008002342                HAL_SYSTICK_Config
 *fill*         0x000000000800235a        0x2 
 .text.HAL_GPIO_Init
                0x000000000800235c      0x350 ./Drivers/STM32H7xx_HAL_Driver/Src/stm32h7xx_hal_gpio.o
                0x000000000800235c                HAL_GPIO_Init
 .text.HAL_GPIO_WritePin
                0x00000000080026ac       0x32 ./Drivers/STM32H7xx_HAL_Driver/Src/stm32h7xx_hal_gpio.o
                0x00000000080026ac                HAL_GPIO_WritePin
 .text.HAL_GPIO_EXTI_IRQHandler
                0x00000000080026de       0x34 ./Drivers/STM32H7xx_HAL_Driver/Src/stm32h7xx_hal_gpio.o
                0x00000000080026de                HAL_GPIO_EXTI_IRQHandler
 .text.HAL_GPIO_EXTI_Callback
                0x0000000008002712       0x16 ./Drivers/STM32H7xx_HAL_Driver/Src/stm32h7xx_hal_gpio.o
                0x0000000008002712                HAL_GPIO_EXTI_Callback
 .text.HAL_PWREx_ConfigSupply
                0x0000000008002728       0x74 ./Drivers/STM32H7xx_HAL_Driver/Src/stm32h7xx_hal_pwr_ex.o
                0x0000000008002728                HAL_PWREx_ConfigSupply
 .text.HAL_RCC_OscConfig
                0x000000000800279c      0x75c ./Drivers/STM32H7xx_HAL_Driver/Src/stm32h7xx_hal_rcc.o
                0x000000000800279c                HAL_RCC_OscConfig
 .text.HAL_RCC_ClockConfig
                0x0000000008002ef8      0x36c ./Drivers/STM32H7xx_HAL_Driver/Src/stm32h7xx_hal_rcc.o
                0x0000000008002ef8                HAL_RCC_ClockConfig
 .text.HAL_RCC_GetSysClockFreq
                0x0000000008003264      0x2f4 ./Drivers/STM32H7xx_HAL_Driver/Src/stm32h7xx_hal_rcc.o
                0x0000000008003264                HAL_RCC_GetSysClockFreq
 .text.HAL_RCC_GetHCLKFreq
                0x0000000008003558       0x60 ./Drivers/STM32H7xx_HAL_Driver/Src/stm32h7xx_hal_rcc.o
                0x0000000008003558                HAL_RCC_GetHCLKFreq
 .text.HAL_RCC_GetPCLK1Freq
                0x00000000080035b8       0x2c ./Drivers/STM32H7xx_HAL_Driver/Src/stm32h7xx_hal_rcc.o
                0x00000000080035b8                HAL_RCC_GetPCLK1Freq
 .text.HAL_RCC_GetPCLK2Freq
                0x00000000080035e4       0x2c ./Drivers/STM32H7xx_HAL_Driver/Src/stm32h7xx_hal_rcc.o
                0x00000000080035e4                HAL_RCC_GetPCLK2Freq
 .text.HAL_RCCEx_PeriphCLKConfig
                0x0000000008003610      0xdf4 ./Drivers/STM32H7xx_HAL_Driver/Src/stm32h7xx_hal_rcc_ex.o
                0x0000000008003610                HAL_RCCEx_PeriphCLKConfig
 .text.HAL_RCCEx_GetD3PCLK1Freq
                0x0000000008004404       0x2c ./Drivers/STM32H7xx_HAL_Driver/Src/stm32h7xx_hal_rcc_ex.o
                0x0000000008004404                HAL_RCCEx_GetD3PCLK1Freq
 .text.HAL_RCCEx_GetPLL2ClockFreq
                0x0000000008004430      0x2a8 ./Drivers/STM32H7xx_HAL_Driver/Src/stm32h7xx_hal_rcc_ex.o
                0x0000000008004430                HAL_RCCEx_GetPLL2ClockFreq
 .text.HAL_RCCEx_GetPLL3ClockFreq
                0x00000000080046d8      0x2a8 ./Drivers/STM32H7xx_HAL_Driver/Src/stm32h7xx_hal_rcc_ex.o
                0x00000000080046d8                HAL_RCCEx_GetPLL3ClockFreq
 .text.RCCEx_PLL2_Config
                0x0000000008004980      0x164 ./Drivers/STM32H7xx_HAL_Driver/Src/stm32h7xx_hal_rcc_ex.o
 .text.RCCEx_PLL3_Config
                0x0000000008004ae4      0x164 ./Drivers/STM32H7xx_HAL_Driver/Src/stm32h7xx_hal_rcc_ex.o
 .text.HAL_TIM_Base_Init
                0x0000000008004c48       0xae ./Drivers/STM32H7xx_HAL_Driver/Src/stm32h7xx_hal_tim.o
                0x0000000008004c48                HAL_TIM_Base_Init
 *fill*         0x0000000008004cf6        0x2 
 .text.HAL_TIM_Base_Start_IT
                0x0000000008004cf8      0x10c ./Drivers/STM32H7xx_HAL_Driver/Src/stm32h7xx_hal_tim.o
                0x0000000008004cf8                HAL_TIM_Base_Start_IT
 .text.HAL_TIM_PWM_Init
                0x0000000008004e04       0xae ./Drivers/STM32H7xx_HAL_Driver/Src/stm32h7xx_hal_tim.o
                0x0000000008004e04                HAL_TIM_PWM_Init
 .text.HAL_TIM_PWM_MspInit
                0x0000000008004eb2       0x14 ./Drivers/STM32H7xx_HAL_Driver/Src/stm32h7xx_hal_tim.o
                0x0000000008004eb2                HAL_TIM_PWM_MspInit
 *fill*         0x0000000008004ec6        0x2 
 .text.HAL_TIM_PWM_Start
                0x0000000008004ec8      0x238 ./Drivers/STM32H7xx_HAL_Driver/Src/stm32h7xx_hal_tim.o
                0x0000000008004ec8                HAL_TIM_PWM_Start
 .text.HAL_TIM_IC_Init
                0x0000000008005100       0xae ./Drivers/STM32H7xx_HAL_Driver/Src/stm32h7xx_hal_tim.o
                0x0000000008005100                HAL_TIM_IC_Init
 .text.HAL_TIM_IC_MspInit
                0x00000000080051ae       0x14 ./Drivers/STM32H7xx_HAL_Driver/Src/stm32h7xx_hal_tim.o
                0x00000000080051ae                HAL_TIM_IC_MspInit
 *fill*         0x00000000080051c2        0x2 
 .text.HAL_TIM_IC_Start
                0x00000000080051c4      0x224 ./Drivers/STM32H7xx_HAL_Driver/Src/stm32h7xx_hal_tim.o
                0x00000000080051c4                HAL_TIM_IC_Start
 .text.HAL_TIM_Encoder_Init
                0x00000000080053e8      0x14c ./Drivers/STM32H7xx_HAL_Driver/Src/stm32h7xx_hal_tim.o
                0x00000000080053e8                HAL_TIM_Encoder_Init
 .text.HAL_TIM_Encoder_Start
                0x0000000008005534      0x11c ./Drivers/STM32H7xx_HAL_Driver/Src/stm32h7xx_hal_tim.o
                0x0000000008005534                HAL_TIM_Encoder_Start
 .text.HAL_TIM_IRQHandler
                0x0000000008005650      0x23e ./Drivers/STM32H7xx_HAL_Driver/Src/stm32h7xx_hal_tim.o
                0x0000000008005650                HAL_TIM_IRQHandler
 .text.HAL_TIM_IC_ConfigChannel
                0x000000000800588e      0x138 ./Drivers/STM32H7xx_HAL_Driver/Src/stm32h7xx_hal_tim.o
                0x000000000800588e                HAL_TIM_IC_ConfigChannel
 *fill*         0x00000000080059c6        0x2 
 .text.HAL_TIM_PWM_ConfigChannel
                0x00000000080059c8      0x228 ./Drivers/STM32H7xx_HAL_Driver/Src/stm32h7xx_hal_tim.o
                0x00000000080059c8                HAL_TIM_PWM_ConfigChannel
 .text.HAL_TIM_ConfigClockSource
                0x0000000008005bf0      0x1f0 ./Drivers/STM32H7xx_HAL_Driver/Src/stm32h7xx_hal_tim.o
                0x0000000008005bf0                HAL_TIM_ConfigClockSource
 .text.HAL_TIM_OC_DelayElapsedCallback
                0x0000000008005de0       0x14 ./Drivers/STM32H7xx_HAL_Driver/Src/stm32h7xx_hal_tim.o
                0x0000000008005de0                HAL_TIM_OC_DelayElapsedCallback
 .text.HAL_TIM_IC_CaptureCallback
                0x0000000008005df4       0x14 ./Drivers/STM32H7xx_HAL_Driver/Src/stm32h7xx_hal_tim.o
                0x0000000008005df4                HAL_TIM_IC_CaptureCallback
 .text.HAL_TIM_PWM_PulseFinishedCallback
                0x0000000008005e08       0x14 ./Drivers/STM32H7xx_HAL_Driver/Src/stm32h7xx_hal_tim.o
                0x0000000008005e08                HAL_TIM_PWM_PulseFinishedCallback
 .text.HAL_TIM_TriggerCallback
                0x0000000008005e1c       0x14 ./Drivers/STM32H7xx_HAL_Driver/Src/stm32h7xx_hal_tim.o
                0x0000000008005e1c                HAL_TIM_TriggerCallback
 .text.TIM_Base_SetConfig
                0x0000000008005e30      0x14c ./Drivers/STM32H7xx_HAL_Driver/Src/stm32h7xx_hal_tim.o
                0x0000000008005e30                TIM_Base_SetConfig
 .text.TIM_OC1_SetConfig
                0x0000000008005f7c      0x120 ./Drivers/STM32H7xx_HAL_Driver/Src/stm32h7xx_hal_tim.o
 .text.TIM_OC2_SetConfig
                0x000000000800609c      0x114 ./Drivers/STM32H7xx_HAL_Driver/Src/stm32h7xx_hal_tim.o
                0x000000000800609c                TIM_OC2_SetConfig
 .text.TIM_OC3_SetConfig
                0x00000000080061b0      0x110 ./Drivers/STM32H7xx_HAL_Driver/Src/stm32h7xx_hal_tim.o
 .text.TIM_OC4_SetConfig
                0x00000000080062c0       0xd4 ./Drivers/STM32H7xx_HAL_Driver/Src/stm32h7xx_hal_tim.o
 .text.TIM_OC5_SetConfig
                0x0000000008006394       0xc8 ./Drivers/STM32H7xx_HAL_Driver/Src/stm32h7xx_hal_tim.o
 .text.TIM_OC6_SetConfig
                0x000000000800645c       0xcc ./Drivers/STM32H7xx_HAL_Driver/Src/stm32h7xx_hal_tim.o
 .text.TIM_TI1_SetConfig
                0x0000000008006528      0x100 ./Drivers/STM32H7xx_HAL_Driver/Src/stm32h7xx_hal_tim.o
                0x0000000008006528                TIM_TI1_SetConfig
 .text.TIM_TI1_ConfigInputStage
                0x0000000008006628       0x5e ./Drivers/STM32H7xx_HAL_Driver/Src/stm32h7xx_hal_tim.o
 .text.TIM_TI2_SetConfig
                0x0000000008006686       0x7a ./Drivers/STM32H7xx_HAL_Driver/Src/stm32h7xx_hal_tim.o
 .text.TIM_TI2_ConfigInputStage
                0x0000000008006700       0x60 ./Drivers/STM32H7xx_HAL_Driver/Src/stm32h7xx_hal_tim.o
 .text.TIM_TI3_SetConfig
                0x0000000008006760       0x78 ./Drivers/STM32H7xx_HAL_Driver/Src/stm32h7xx_hal_tim.o
 .text.TIM_TI4_SetConfig
                0x00000000080067d8       0x7a ./Drivers/STM32H7xx_HAL_Driver/Src/stm32h7xx_hal_tim.o
 *fill*         0x0000000008006852        0x2 
 .text.TIM_ITRx_SetConfig
                0x0000000008006854       0x3c ./Drivers/STM32H7xx_HAL_Driver/Src/stm32h7xx_hal_tim.o
 .text.TIM_ETR_SetConfig
                0x0000000008006890       0x40 ./Drivers/STM32H7xx_HAL_Driver/Src/stm32h7xx_hal_tim.o
                0x0000000008006890                TIM_ETR_SetConfig
 .text.TIM_CCxChannelCmd
                0x00000000080068d0       0x4a ./Drivers/STM32H7xx_HAL_Driver/Src/stm32h7xx_hal_tim.o
                0x00000000080068d0                TIM_CCxChannelCmd
 *fill*         0x000000000800691a        0x2 
 .text.HAL_TIMEx_MasterConfigSynchronization
                0x000000000800691c      0x138 ./Drivers/STM32H7xx_HAL_Driver/Src/stm32h7xx_hal_tim_ex.o
                0x000000000800691c                HAL_TIMEx_MasterConfigSynchronization
 .text.HAL_TIMEx_CommutCallback
                0x0000000008006a54       0x14 ./Drivers/STM32H7xx_HAL_Driver/Src/stm32h7xx_hal_tim_ex.o
                0x0000000008006a54                HAL_TIMEx_CommutCallback
 .text.HAL_TIMEx_BreakCallback
                0x0000000008006a68       0x14 ./Drivers/STM32H7xx_HAL_Driver/Src/stm32h7xx_hal_tim_ex.o
                0x0000000008006a68                HAL_TIMEx_BreakCallback
 .text.HAL_TIMEx_Break2Callback
                0x0000000008006a7c       0x14 ./Drivers/STM32H7xx_HAL_Driver/Src/stm32h7xx_hal_tim_ex.o
                0x0000000008006a7c                HAL_TIMEx_Break2Callback
 .text.HAL_UART_Init
                0x0000000008006a90       0xa0 ./Drivers/STM32H7xx_HAL_Driver/Src/stm32h7xx_hal_uart.o
                0x0000000008006a90                HAL_UART_Init
 .text.UART_SetConfig
                0x0000000008006b30      0xcd8 ./Drivers/STM32H7xx_HAL_Driver/Src/stm32h7xx_hal_uart.o
                0x0000000008006b30                UART_SetConfig
 .text.UART_AdvFeatureConfig
                0x0000000008007808      0x144 ./Drivers/STM32H7xx_HAL_Driver/Src/stm32h7xx_hal_uart.o
                0x0000000008007808                UART_AdvFeatureConfig
 .text.UART_CheckIdleState
                0x000000000800794c       0x96 ./Drivers/STM32H7xx_HAL_Driver/Src/stm32h7xx_hal_uart.o
                0x000000000800794c                UART_CheckIdleState
 .text.UART_WaitOnFlagUntilTimeout
                0x00000000080079e2      0x190 ./Drivers/STM32H7xx_HAL_Driver/Src/stm32h7xx_hal_uart.o
                0x00000000080079e2                UART_WaitOnFlagUntilTimeout
 .text.HAL_UARTEx_DisableFifoMode
                0x0000000008007b72       0x72 ./Drivers/STM32H7xx_HAL_Driver/Src/stm32h7xx_hal_uart_ex.o
                0x0000000008007b72                HAL_UARTEx_DisableFifoMode
 .text.HAL_UARTEx_SetTxFifoThreshold
                0x0000000008007be4       0x7c ./Drivers/STM32H7xx_HAL_Driver/Src/stm32h7xx_hal_uart_ex.o
                0x0000000008007be4                HAL_UARTEx_SetTxFifoThreshold
 .text.HAL_UARTEx_SetRxFifoThreshold
                0x0000000008007c60       0x7c ./Drivers/STM32H7xx_HAL_Driver/Src/stm32h7xx_hal_uart_ex.o
                0x0000000008007c60                HAL_UARTEx_SetRxFifoThreshold
 .text.UARTEx_SetNbDataToProcess
                0x0000000008007cdc       0x9c ./Drivers/STM32H7xx_HAL_Driver/Src/stm32h7xx_hal_uart_ex.o
 .text.arm_mat_trans_f32
                0x0000000008007d78       0xbc C:/Users/aymen/STM32Cube/Repository/STM32Cube_FW_H7_V1.10.0/Drivers/CMSIS/DSP/Lib/GCC\libarm_cortexM7lfdp_math.a(arm_mat_trans_f32.o)
                0x0000000008007d78                arm_mat_trans_f32
 .text.arm_mat_sub_f32
                0x0000000008007e34       0xd4 C:/Users/aymen/STM32Cube/Repository/STM32Cube_FW_H7_V1.10.0/Drivers/CMSIS/DSP/Lib/GCC\libarm_cortexM7lfdp_math.a(arm_mat_sub_f32.o)
                0x0000000008007e34                arm_mat_sub_f32
 .text.arm_mat_mult_f32
                0x0000000008007f08      0x148 C:/Users/aymen/STM32Cube/Repository/STM32Cube_FW_H7_V1.10.0/Drivers/CMSIS/DSP/Lib/GCC\libarm_cortexM7lfdp_math.a(arm_mat_mult_f32.o)
                0x0000000008007f08                arm_mat_mult_f32
 .text.arm_mat_init_f32
                0x0000000008008050        0x8 C:/Users/aymen/STM32Cube/Repository/STM32Cube_FW_H7_V1.10.0/Drivers/CMSIS/DSP/Lib/GCC\libarm_cortexM7lfdp_math.a(arm_mat_init_f32.o)
                0x0000000008008050                arm_mat_init_f32
 .text.arm_mat_add_f32
                0x0000000008008058       0xd4 C:/Users/aymen/STM32Cube/Repository/STM32Cube_FW_H7_V1.10.0/Drivers/CMSIS/DSP/Lib/GCC\libarm_cortexM7lfdp_math.a(arm_mat_add_f32.o)
                0x0000000008008058                arm_mat_add_f32
 .text.__errno  0x000000000800812c        0xc c:/st/stm32cubeide_1.9.0/stm32cubeide/plugins/com.st.stm32cube.ide.mcu.externaltools.gnu-tools-for-stm32.10.3-2021.10.win32_1.0.0.202111181127/tools/bin/../lib/gcc/arm-none-eabi/10.3.1/../../../../arm-none-eabi/lib/thumb/v7e-m+dp/hard\libc_nano.a(lib_a-errno.o)
                0x000000000800812c                __errno
 .text.__libc_init_array
                0x0000000008008138       0x48 c:/st/stm32cubeide_1.9.0/stm32cubeide/plugins/com.st.stm32cube.ide.mcu.externaltools.gnu-tools-for-stm32.10.3-2021.10.win32_1.0.0.202111181127/tools/bin/../lib/gcc/arm-none-eabi/10.3.1/../../../../arm-none-eabi/lib/thumb/v7e-m+dp/hard\libc_nano.a(lib_a-init.o)
                0x0000000008008138                __libc_init_array
 .text.malloc   0x0000000008008180       0x10 c:/st/stm32cubeide_1.9.0/stm32cubeide/plugins/com.st.stm32cube.ide.mcu.externaltools.gnu-tools-for-stm32.10.3-2021.10.win32_1.0.0.202111181127/tools/bin/../lib/gcc/arm-none-eabi/10.3.1/../../../../arm-none-eabi/lib/thumb/v7e-m+dp/hard\libc_nano.a(lib_a-malloc.o)
                0x0000000008008180                malloc
 .text.memset   0x0000000008008190       0x10 c:/st/stm32cubeide_1.9.0/stm32cubeide/plugins/com.st.stm32cube.ide.mcu.externaltools.gnu-tools-for-stm32.10.3-2021.10.win32_1.0.0.202111181127/tools/bin/../lib/gcc/arm-none-eabi/10.3.1/../../../../arm-none-eabi/lib/thumb/v7e-m+dp/hard\libc_nano.a(lib_a-memset.o)
                0x0000000008008190                memset
 .text.sbrk_aligned
                0x00000000080081a0       0x40 c:/st/stm32cubeide_1.9.0/stm32cubeide/plugins/com.st.stm32cube.ide.mcu.externaltools.gnu-tools-for-stm32.10.3-2021.10.win32_1.0.0.202111181127/tools/bin/../lib/gcc/arm-none-eabi/10.3.1/../../../../arm-none-eabi/lib/thumb/v7e-m+dp/hard\libc_nano.a(lib_a-nano-mallocr.o)
 .text._malloc_r
                0x00000000080081e0       0xe8 c:/st/stm32cubeide_1.9.0/stm32cubeide/plugins/com.st.stm32cube.ide.mcu.externaltools.gnu-tools-for-stm32.10.3-2021.10.win32_1.0.0.202111181127/tools/bin/../lib/gcc/arm-none-eabi/10.3.1/../../../../arm-none-eabi/lib/thumb/v7e-m+dp/hard\libc_nano.a(lib_a-nano-mallocr.o)
                0x00000000080081e0                _malloc_r
 .text._sbrk_r  0x00000000080082c8       0x20 c:/st/stm32cubeide_1.9.0/stm32cubeide/plugins/com.st.stm32cube.ide.mcu.externaltools.gnu-tools-for-stm32.10.3-2021.10.win32_1.0.0.202111181127/tools/bin/../lib/gcc/arm-none-eabi/10.3.1/../../../../arm-none-eabi/lib/thumb/v7e-m+dp/hard\libc_nano.a(lib_a-sbrkr.o)
                0x00000000080082c8                _sbrk_r
 .text.__malloc_lock
                0x00000000080082e8        0xc c:/st/stm32cubeide_1.9.0/stm32cubeide/plugins/com.st.stm32cube.ide.mcu.externaltools.gnu-tools-for-stm32.10.3-2021.10.win32_1.0.0.202111181127/tools/bin/../lib/gcc/arm-none-eabi/10.3.1/../../../../arm-none-eabi/lib/thumb/v7e-m+dp/hard\libc_nano.a(lib_a-mlock.o)
                0x00000000080082e8                __malloc_lock
 .text.__malloc_unlock
                0x00000000080082f4        0xc c:/st/stm32cubeide_1.9.0/stm32cubeide/plugins/com.st.stm32cube.ide.mcu.externaltools.gnu-tools-for-stm32.10.3-2021.10.win32_1.0.0.202111181127/tools/bin/../lib/gcc/arm-none-eabi/10.3.1/../../../../arm-none-eabi/lib/thumb/v7e-m+dp/hard\libc_nano.a(lib_a-mlock.o)
                0x00000000080082f4                __malloc_unlock
 .text.__retarget_lock_acquire_recursive
                0x0000000008008300        0x2 c:/st/stm32cubeide_1.9.0/stm32cubeide/plugins/com.st.stm32cube.ide.mcu.externaltools.gnu-tools-for-stm32.10.3-2021.10.win32_1.0.0.202111181127/tools/bin/../lib/gcc/arm-none-eabi/10.3.1/../../../../arm-none-eabi/lib/thumb/v7e-m+dp/hard\libc_nano.a(lib_a-lock.o)
                0x0000000008008300                __retarget_lock_acquire_recursive
 .text.__retarget_lock_release_recursive
                0x0000000008008302        0x2 c:/st/stm32cubeide_1.9.0/stm32cubeide/plugins/com.st.stm32cube.ide.mcu.externaltools.gnu-tools-for-stm32.10.3-2021.10.win32_1.0.0.202111181127/tools/bin/../lib/gcc/arm-none-eabi/10.3.1/../../../../arm-none-eabi/lib/thumb/v7e-m+dp/hard\libc_nano.a(lib_a-lock.o)
                0x0000000008008302                __retarget_lock_release_recursive
 .text.checkint
                0x0000000008008304       0x68 c:/st/stm32cubeide_1.9.0/stm32cubeide/plugins/com.st.stm32cube.ide.mcu.externaltools.gnu-tools-for-stm32.10.3-2021.10.win32_1.0.0.202111181127/tools/bin/../lib/gcc/arm-none-eabi/10.3.1/../../../../arm-none-eabi/lib/thumb/v7e-m+dp/hard\libm.a(lib_a-pow.o)
 *fill*         0x000000000800836c        0x4 
 .text.pow      0x0000000008008370      0x4a4 c:/st/stm32cubeide_1.9.0/stm32cubeide/plugins/com.st.stm32cube.ide.mcu.externaltools.gnu-tools-for-stm32.10.3-2021.10.win32_1.0.0.202111181127/tools/bin/../lib/gcc/arm-none-eabi/10.3.1/../../../../arm-none-eabi/lib/thumb/v7e-m+dp/hard\libm.a(lib_a-pow.o)
                0x0000000008008370                pow
 .text.round    0x0000000008008814       0x8c c:/st/stm32cubeide_1.9.0/stm32cubeide/plugins/com.st.stm32cube.ide.mcu.externaltools.gnu-tools-for-stm32.10.3-2021.10.win32_1.0.0.202111181127/tools/bin/../lib/gcc/arm-none-eabi/10.3.1/../../../../arm-none-eabi/lib/thumb/v7e-m+dp/hard\libm.a(lib_a-s_round.o)
                0x0000000008008814                round
 .text.sin      0x00000000080088a0       0x98 c:/st/stm32cubeide_1.9.0/stm32cubeide/plugins/com.st.stm32cube.ide.mcu.externaltools.gnu-tools-for-stm32.10.3-2021.10.win32_1.0.0.202111181127/tools/bin/../lib/gcc/arm-none-eabi/10.3.1/../../../../arm-none-eabi/lib/thumb/v7e-m+dp/hard\libm.a(lib_a-s_sin.o)
                0x00000000080088a0                sin
 .text.__ieee754_rem_pio2
                0x0000000008008938      0x288 c:/st/stm32cubeide_1.9.0/stm32cubeide/plugins/com.st.stm32cube.ide.mcu.externaltools.gnu-tools-for-stm32.10.3-2021.10.win32_1.0.0.202111181127/tools/bin/../lib/gcc/arm-none-eabi/10.3.1/../../../../arm-none-eabi/lib/thumb/v7e-m+dp/hard\libm.a(lib_a-e_rem_pio2.o)
                0x0000000008008938                __ieee754_rem_pio2
 .text.__kernel_cos
                0x0000000008008bc0       0xd8 c:/st/stm32cubeide_1.9.0/stm32cubeide/plugins/com.st.stm32cube.ide.mcu.externaltools.gnu-tools-for-stm32.10.3-2021.10.win32_1.0.0.202111181127/tools/bin/../lib/gcc/arm-none-eabi/10.3.1/../../../../arm-none-eabi/lib/thumb/v7e-m+dp/hard\libm.a(lib_a-k_cos.o)
                0x0000000008008bc0                __kernel_cos
 .text.__kernel_rem_pio2
                0x0000000008008c98      0x530 c:/st/stm32cubeide_1.9.0/stm32cubeide/plugins/com.st.stm32cube.ide.mcu.externaltools.gnu-tools-for-stm32.10.3-2021.10.win32_1.0.0.202111181127/tools/bin/../lib/gcc/arm-none-eabi/10.3.1/../../../../arm-none-eabi/lib/thumb/v7e-m+dp/hard\libm.a(lib_a-k_rem_pio2.o)
                0x0000000008008c98                __kernel_rem_pio2
 .text.__kernel_sin
                0x00000000080091c8       0xb0 c:/st/stm32cubeide_1.9.0/stm32cubeide/plugins/com.st.stm32cube.ide.mcu.externaltools.gnu-tools-for-stm32.10.3-2021.10.win32_1.0.0.202111181127/tools/bin/../lib/gcc/arm-none-eabi/10.3.1/../../../../arm-none-eabi/lib/thumb/v7e-m+dp/hard\libm.a(lib_a-k_sin.o)
                0x00000000080091c8                __kernel_sin
 .text.with_errno
                0x0000000008009278       0x16 c:/st/stm32cubeide_1.9.0/stm32cubeide/plugins/com.st.stm32cube.ide.mcu.externaltools.gnu-tools-for-stm32.10.3-2021.10.win32_1.0.0.202111181127/tools/bin/../lib/gcc/arm-none-eabi/10.3.1/../../../../arm-none-eabi/lib/thumb/v7e-m+dp/hard\libm.a(lib_a-math_err.o)
 .text.xflow    0x000000000800928e       0x22 c:/st/stm32cubeide_1.9.0/stm32cubeide/plugins/com.st.stm32cube.ide.mcu.externaltools.gnu-tools-for-stm32.10.3-2021.10.win32_1.0.0.202111181127/tools/bin/../lib/gcc/arm-none-eabi/10.3.1/../../../../arm-none-eabi/lib/thumb/v7e-m+dp/hard\libm.a(lib_a-math_err.o)
 .text.__math_uflow
                0x00000000080092b0       0x10 c:/st/stm32cubeide_1.9.0/stm32cubeide/plugins/com.st.stm32cube.ide.mcu.externaltools.gnu-tools-for-stm32.10.3-2021.10.win32_1.0.0.202111181127/tools/bin/../lib/gcc/arm-none-eabi/10.3.1/../../../../arm-none-eabi/lib/thumb/v7e-m+dp/hard\libm.a(lib_a-math_err.o)
                0x00000000080092b0                __math_uflow
 .text.__math_oflow
                0x00000000080092c0       0x10 c:/st/stm32cubeide_1.9.0/stm32cubeide/plugins/com.st.stm32cube.ide.mcu.externaltools.gnu-tools-for-stm32.10.3-2021.10.win32_1.0.0.202111181127/tools/bin/../lib/gcc/arm-none-eabi/10.3.1/../../../../arm-none-eabi/lib/thumb/v7e-m+dp/hard\libm.a(lib_a-math_err.o)
                0x00000000080092c0                __math_oflow
 .text.__math_divzero
                0x00000000080092d0       0x30 c:/st/stm32cubeide_1.9.0/stm32cubeide/plugins/com.st.stm32cube.ide.mcu.externaltools.gnu-tools-for-stm32.10.3-2021.10.win32_1.0.0.202111181127/tools/bin/../lib/gcc/arm-none-eabi/10.3.1/../../../../arm-none-eabi/lib/thumb/v7e-m+dp/hard\libm.a(lib_a-math_err.o)
                0x00000000080092d0                __math_divzero
 .text.__math_invalid
                0x0000000008009300       0x1e c:/st/stm32cubeide_1.9.0/stm32cubeide/plugins/com.st.stm32cube.ide.mcu.externaltools.gnu-tools-for-stm32.10.3-2021.10.win32_1.0.0.202111181127/tools/bin/../lib/gcc/arm-none-eabi/10.3.1/../../../../arm-none-eabi/lib/thumb/v7e-m+dp/hard\libm.a(lib_a-math_err.o)
                0x0000000008009300                __math_invalid
 .text.__math_check_uflow
                0x000000000800931e       0x12 c:/st/stm32cubeide_1.9.0/stm32cubeide/plugins/com.st.stm32cube.ide.mcu.externaltools.gnu-tools-for-stm32.10.3-2021.10.win32_1.0.0.202111181127/tools/bin/../lib/gcc/arm-none-eabi/10.3.1/../../../../arm-none-eabi/lib/thumb/v7e-m+dp/hard\libm.a(lib_a-math_err.o)
                0x000000000800931e                __math_check_uflow
 .text.__math_check_oflow
                0x0000000008009330       0x28 c:/st/stm32cubeide_1.9.0/stm32cubeide/plugins/com.st.stm32cube.ide.mcu.externaltools.gnu-tools-for-stm32.10.3-2021.10.win32_1.0.0.202111181127/tools/bin/../lib/gcc/arm-none-eabi/10.3.1/../../../../arm-none-eabi/lib/thumb/v7e-m+dp/hard\libm.a(lib_a-math_err.o)
                0x0000000008009330                __math_check_oflow
 .text.fabs     0x0000000008009358       0x12 c:/st/stm32cubeide_1.9.0/stm32cubeide/plugins/com.st.stm32cube.ide.mcu.externaltools.gnu-tools-for-stm32.10.3-2021.10.win32_1.0.0.202111181127/tools/bin/../lib/gcc/arm-none-eabi/10.3.1/../../../../arm-none-eabi/lib/thumb/v7e-m+dp/hard\libm.a(lib_a-s_fabs.o)
                0x0000000008009358                fabs
 *fill*         0x000000000800936a        0x6 
 .text.floor    0x0000000008009370       0xe8 c:/st/stm32cubeide_1.9.0/stm32cubeide/plugins/com.st.stm32cube.ide.mcu.externaltools.gnu-tools-for-stm32.10.3-2021.10.win32_1.0.0.202111181127/tools/bin/../lib/gcc/arm-none-eabi/10.3.1/../../../../arm-none-eabi/lib/thumb/v7e-m+dp/hard\libm.a(lib_a-s_floor.o)
                0x0000000008009370                floor
 .text.scalbn   0x0000000008009458      0x114 c:/st/stm32cubeide_1.9.0/stm32cubeide/plugins/com.st.stm32cube.ide.mcu.externaltools.gnu-tools-for-stm32.10.3-2021.10.win32_1.0.0.202111181127/tools/bin/../lib/gcc/arm-none-eabi/10.3.1/../../../../arm-none-eabi/lib/thumb/v7e-m+dp/hard\libm.a(lib_a-s_scalbn.o)
                0x0000000008009458                scalbn
 *(.glue_7)
 .glue_7        0x000000000800956c        0x0 linker stubs
 *(.glue_7t)
 .glue_7t       0x000000000800956c        0x0 linker stubs
 *(.eh_frame)
 .eh_frame      0x000000000800956c        0x0 c:/st/stm32cubeide_1.9.0/stm32cubeide/plugins/com.st.stm32cube.ide.mcu.externaltools.gnu-tools-for-stm32.10.3-2021.10.win32_1.0.0.202111181127/tools/bin/../lib/gcc/arm-none-eabi/10.3.1/thumb/v7e-m+dp/hard/crtbegin.o
 *(.init)
 .init          0x000000000800956c        0x4 c:/st/stm32cubeide_1.9.0/stm32cubeide/plugins/com.st.stm32cube.ide.mcu.externaltools.gnu-tools-for-stm32.10.3-2021.10.win32_1.0.0.202111181127/tools/bin/../lib/gcc/arm-none-eabi/10.3.1/thumb/v7e-m+dp/hard/crti.o
                0x000000000800956c                _init
 .init          0x0000000008009570        0x8 c:/st/stm32cubeide_1.9.0/stm32cubeide/plugins/com.st.stm32cube.ide.mcu.externaltools.gnu-tools-for-stm32.10.3-2021.10.win32_1.0.0.202111181127/tools/bin/../lib/gcc/arm-none-eabi/10.3.1/thumb/v7e-m+dp/hard/crtn.o
 *(.fini)
 .fini          0x0000000008009578        0x4 c:/st/stm32cubeide_1.9.0/stm32cubeide/plugins/com.st.stm32cube.ide.mcu.externaltools.gnu-tools-for-stm32.10.3-2021.10.win32_1.0.0.202111181127/tools/bin/../lib/gcc/arm-none-eabi/10.3.1/thumb/v7e-m+dp/hard/crti.o
                0x0000000008009578                _fini
 .fini          0x000000000800957c        0x8 c:/st/stm32cubeide_1.9.0/stm32cubeide/plugins/com.st.stm32cube.ide.mcu.externaltools.gnu-tools-for-stm32.10.3-2021.10.win32_1.0.0.202111181127/tools/bin/../lib/gcc/arm-none-eabi/10.3.1/thumb/v7e-m+dp/hard/crtn.o
                0x0000000008009584                . = ALIGN (0x4)
                0x0000000008009584                _etext = .

.vfp11_veneer   0x0000000008009584        0x0
 .vfp11_veneer  0x0000000008009584        0x0 linker stubs

.v4_bx          0x0000000008009584        0x0
 .v4_bx         0x0000000008009584        0x0 linker stubs

.iplt           0x0000000008009584        0x0
 .iplt          0x0000000008009584        0x0 c:/st/stm32cubeide_1.9.0/stm32cubeide/plugins/com.st.stm32cube.ide.mcu.externaltools.gnu-tools-for-stm32.10.3-2021.10.win32_1.0.0.202111181127/tools/bin/../lib/gcc/arm-none-eabi/10.3.1/thumb/v7e-m+dp/hard/crtbegin.o

.rodata         0x0000000008009588     0x1ac8
                0x0000000008009588                . = ALIGN (0x4)
 *(.rodata)
 *(.rodata*)
 .rodata.D1CorePrescTable
                0x0000000008009588       0x10 ./Core/Src/system_stm32h7xx.o
                0x0000000008009588                D1CorePrescTable
 .rodata.UARTPrescTable
                0x0000000008009598       0x18 ./Drivers/STM32H7xx_HAL_Driver/Src/stm32h7xx_hal_uart.o
                0x0000000008009598                UARTPrescTable
 .rodata.numerator.1
                0x00000000080095b0        0x8 ./Drivers/STM32H7xx_HAL_Driver/Src/stm32h7xx_hal_uart_ex.o
 .rodata.denominator.0
                0x00000000080095b8        0x8 ./Drivers/STM32H7xx_HAL_Driver/Src/stm32h7xx_hal_uart_ex.o
 .rodata.__pow_log_data
                0x00000000080095c0     0x1048 c:/st/stm32cubeide_1.9.0/stm32cubeide/plugins/com.st.stm32cube.ide.mcu.externaltools.gnu-tools-for-stm32.10.3-2021.10.win32_1.0.0.202111181127/tools/bin/../lib/gcc/arm-none-eabi/10.3.1/../../../../arm-none-eabi/lib/thumb/v7e-m+dp/hard\libm.a(lib_a-pow_log_data.o)
                0x00000000080095c0                __pow_log_data
 .rodata.npio2_hw
                0x000000000800a608       0x80 c:/st/stm32cubeide_1.9.0/stm32cubeide/plugins/com.st.stm32cube.ide.mcu.externaltools.gnu-tools-for-stm32.10.3-2021.10.win32_1.0.0.202111181127/tools/bin/../lib/gcc/arm-none-eabi/10.3.1/../../../../arm-none-eabi/lib/thumb/v7e-m+dp/hard\libm.a(lib_a-e_rem_pio2.o)
 .rodata.two_over_pi
                0x000000000800a688      0x108 c:/st/stm32cubeide_1.9.0/stm32cubeide/plugins/com.st.stm32cube.ide.mcu.externaltools.gnu-tools-for-stm32.10.3-2021.10.win32_1.0.0.202111181127/tools/bin/../lib/gcc/arm-none-eabi/10.3.1/../../../../arm-none-eabi/lib/thumb/v7e-m+dp/hard\libm.a(lib_a-e_rem_pio2.o)
 .rodata.__exp_data
                0x000000000800a790      0x870 c:/st/stm32cubeide_1.9.0/stm32cubeide/plugins/com.st.stm32cube.ide.mcu.externaltools.gnu-tools-for-stm32.10.3-2021.10.win32_1.0.0.202111181127/tools/bin/../lib/gcc/arm-none-eabi/10.3.1/../../../../arm-none-eabi/lib/thumb/v7e-m+dp/hard\libm.a(lib_a-exp_data.o)
                0x000000000800a790                __exp_data
 .rodata.PIo2   0x000000000800b000       0x40 c:/st/stm32cubeide_1.9.0/stm32cubeide/plugins/com.st.stm32cube.ide.mcu.externaltools.gnu-tools-for-stm32.10.3-2021.10.win32_1.0.0.202111181127/tools/bin/../lib/gcc/arm-none-eabi/10.3.1/../../../../arm-none-eabi/lib/thumb/v7e-m+dp/hard\libm.a(lib_a-k_rem_pio2.o)
 .rodata.init_jk
                0x000000000800b040       0x10 c:/st/stm32cubeide_1.9.0/stm32cubeide/plugins/com.st.stm32cube.ide.mcu.externaltools.gnu-tools-for-stm32.10.3-2021.10.win32_1.0.0.202111181127/tools/bin/../lib/gcc/arm-none-eabi/10.3.1/../../../../arm-none-eabi/lib/thumb/v7e-m+dp/hard\libm.a(lib_a-k_rem_pio2.o)
                0x000000000800b050                . = ALIGN (0x4)

.ARM.extab
 *(.ARM.extab* .gnu.linkonce.armextab.*)

.ARM            0x000000000800b050        0x8
                0x000000000800b050                __exidx_start = .
 *(.ARM.exidx*)
 .ARM.exidx     0x000000000800b050        0x8 c:/st/stm32cubeide_1.9.0/stm32cubeide/plugins/com.st.stm32cube.ide.mcu.externaltools.gnu-tools-for-stm32.10.3-2021.10.win32_1.0.0.202111181127/tools/bin/../lib/gcc/arm-none-eabi/10.3.1/thumb/v7e-m+dp/hard\libgcc.a(_udivmoddi4.o)
                0x000000000800b058                __exidx_end = .

.rel.dyn        0x000000000800b058        0x0
 .rel.iplt      0x000000000800b058        0x0 c:/st/stm32cubeide_1.9.0/stm32cubeide/plugins/com.st.stm32cube.ide.mcu.externaltools.gnu-tools-for-stm32.10.3-2021.10.win32_1.0.0.202111181127/tools/bin/../lib/gcc/arm-none-eabi/10.3.1/thumb/v7e-m+dp/hard/crtbegin.o

.preinit_array  0x000000000800b058        0x0
                0x000000000800b058                PROVIDE (__preinit_array_start = .)
 *(.preinit_array*)
                0x000000000800b058                PROVIDE (__preinit_array_end = .)

.init_array     0x000000000800b058        0x4
                0x000000000800b058                PROVIDE (__init_array_start = .)
 *(SORT_BY_NAME(.init_array.*))
 *(.init_array*)
 .init_array    0x000000000800b058        0x4 c:/st/stm32cubeide_1.9.0/stm32cubeide/plugins/com.st.stm32cube.ide.mcu.externaltools.gnu-tools-for-stm32.10.3-2021.10.win32_1.0.0.202111181127/tools/bin/../lib/gcc/arm-none-eabi/10.3.1/thumb/v7e-m+dp/hard/crtbegin.o
                0x000000000800b05c                PROVIDE (__init_array_end = .)

.fini_array     0x000000000800b05c        0x4
                [!provide]                        PROVIDE (__fini_array_start = .)
 *(SORT_BY_NAME(.fini_array.*))
 *(.fini_array*)
 .fini_array    0x000000000800b05c        0x4 c:/st/stm32cubeide_1.9.0/stm32cubeide/plugins/com.st.stm32cube.ide.mcu.externaltools.gnu-tools-for-stm32.10.3-2021.10.win32_1.0.0.202111181127/tools/bin/../lib/gcc/arm-none-eabi/10.3.1/thumb/v7e-m+dp/hard/crtbegin.o
                [!provide]                        PROVIDE (__fini_array_end = .)
                0x000000000800b060                _sidata = LOADADDR (.data)

.data           0x0000000024000000       0x80 load address 0x000000000800b060
                0x0000000024000000                . = ALIGN (0x4)
                0x0000000024000000                _sdata = .
 *(.data)
 *(.data*)
 .data.sysorder
                0x0000000024000000        0x4 ./Core/Src/main.o
                0x0000000024000000                sysorder
 .data.Fe       0x0000000024000004        0x4 ./Core/Src/main.o
                0x0000000024000004                Fe
 .data.ARR      0x0000000024000008        0x4 ./Core/Src/main.o
                0x0000000024000008                ARR
 .data.SystemCoreClock
                0x000000002400000c        0x4 ./Core/Src/system_stm32h7xx.o
                0x000000002400000c                SystemCoreClock
 .data.SystemD2Clock
                0x0000000024000010        0x4 ./Core/Src/system_stm32h7xx.o
                0x0000000024000010                SystemD2Clock
 .data.uwTickPrio
                0x0000000024000014        0x4 ./Drivers/STM32H7xx_HAL_Driver/Src/stm32h7xx_hal.o
                0x0000000024000014                uwTickPrio
 .data.uwTickFreq
                0x0000000024000018        0x1 ./Drivers/STM32H7xx_HAL_Driver/Src/stm32h7xx_hal.o
                0x0000000024000018                uwTickFreq
 *fill*         0x0000000024000019        0x3 
 .data._impure_ptr
                0x000000002400001c        0x4 c:/st/stm32cubeide_1.9.0/stm32cubeide/plugins/com.st.stm32cube.ide.mcu.externaltools.gnu-tools-for-stm32.10.3-2021.10.win32_1.0.0.202111181127/tools/bin/../lib/gcc/arm-none-eabi/10.3.1/../../../../arm-none-eabi/lib/thumb/v7e-m+dp/hard\libc_nano.a(lib_a-impure.o)
                0x000000002400001c                _impure_ptr
 .data.impure_data
                0x0000000024000020       0x60 c:/st/stm32cubeide_1.9.0/stm32cubeide/plugins/com.st.stm32cube.ide.mcu.externaltools.gnu-tools-for-stm32.10.3-2021.10.win32_1.0.0.202111181127/tools/bin/../lib/gcc/arm-none-eabi/10.3.1/../../../../arm-none-eabi/lib/thumb/v7e-m+dp/hard\libc_nano.a(lib_a-impure.o)
 *(.RamFunc)
 *(.RamFunc*)
                0x0000000024000080                . = ALIGN (0x4)
                0x0000000024000080                _edata = .

.igot.plt       0x0000000024000080        0x0 load address 0x000000000800b0e0
 .igot.plt      0x0000000024000080        0x0 c:/st/stm32cubeide_1.9.0/stm32cubeide/plugins/com.st.stm32cube.ide.mcu.externaltools.gnu-tools-for-stm32.10.3-2021.10.win32_1.0.0.202111181127/tools/bin/../lib/gcc/arm-none-eabi/10.3.1/thumb/v7e-m+dp/hard/crtbegin.o
                0x0000000024000080                . = ALIGN (0x4)

.bss            0x0000000024000080      0x36c load address 0x000000000800b0e0
                0x0000000024000080                _sbss = .
                0x0000000024000080                __bss_start__ = _sbss
 *(.bss)
 .bss           0x0000000024000080       0x1c c:/st/stm32cubeide_1.9.0/stm32cubeide/plugins/com.st.stm32cube.ide.mcu.externaltools.gnu-tools-for-stm32.10.3-2021.10.win32_1.0.0.202111181127/tools/bin/../lib/gcc/arm-none-eabi/10.3.1/thumb/v7e-m+dp/hard/crtbegin.o
 *(.bss*)
 .bss.teta      0x000000002400009c        0x8 ./Core/Inc/RLS.o
                0x000000002400009c                teta
 .bss.Xk        0x00000000240000a4        0x8 ./Core/Inc/RLS.o
                0x00000000240000a4                Xk
 .bss.Pn        0x00000000240000ac        0x8 ./Core/Inc/RLS.o
                0x00000000240000ac                Pn
 .bss.Xk_t      0x00000000240000b4        0x8 ./Core/Inc/RLS.o
                0x00000000240000b4                Xk_t
 .bss.constant  0x00000000240000bc        0x8 ./Core/Inc/RLS.o
                0x00000000240000bc                constant
 .bss.cst_lambda
                0x00000000240000c4        0x8 ./Core/Inc/RLS.o
                0x00000000240000c4                cst_lambda
 .bss.K         0x00000000240000cc        0x8 ./Core/Inc/RLS.o
                0x00000000240000cc                K
 .bss.Clone_K   0x00000000240000d4        0x8 ./Core/Inc/RLS.o
                0x00000000240000d4                Clone_K
 .bss.constant1
                0x00000000240000dc        0x8 ./Core/Inc/RLS.o
                0x00000000240000dc                constant1
 .bss.teta_new  0x00000000240000e4        0x8 ./Core/Inc/RLS.o
                0x00000000240000e4                teta_new
 .bss.Pn_new    0x00000000240000ec        0x8 ./Core/Inc/RLS.o
                0x00000000240000ec                Pn_new
 .bss.cst2      0x00000000240000f4        0x8 ./Core/Inc/RLS.o
                0x00000000240000f4                cst2
 .bss.cst3      0x00000000240000fc        0x8 ./Core/Inc/RLS.o
                0x00000000240000fc                cst3
 .bss.htim2     0x0000000024000104       0x4c ./Core/Src/main.o
                0x0000000024000104                htim2
 .bss.htim3     0x0000000024000150       0x4c ./Core/Src/main.o
                0x0000000024000150                htim3
 .bss.htim4     0x000000002400019c       0x4c ./Core/Src/main.o
                0x000000002400019c                htim4
 .bss.htim5     0x00000000240001e8       0x4c ./Core/Src/main.o
                0x00000000240001e8                htim5
 .bss.htim8     0x0000000024000234       0x4c ./Core/Src/main.o
                0x0000000024000234                htim8
 .bss.htim23    0x0000000024000280       0x4c ./Core/Src/main.o
                0x0000000024000280                htim23
 .bss.htim24    0x00000000240002cc       0x4c ./Core/Src/main.o
                0x00000000240002cc                htim24
 .bss.huart3    0x0000000024000318       0x90 ./Core/Src/main.o
                0x0000000024000318                huart3
 .bss.t         0x00000000240003a8        0x4 ./Core/Src/main.o
                0x00000000240003a8                t
 .bss.speed     0x00000000240003ac        0x4 ./Core/Src/main.o
                0x00000000240003ac                speed
 .bss.input_val
                0x00000000240003b0        0x4 ./Core/Src/main.o
                0x00000000240003b0                input_val
 *fill*         0x00000000240003b4        0x4 
 .bss.DutyC     0x00000000240003b8        0x8 ./Core/Src/main.o
                0x00000000240003b8                DutyC
 .bss.ccr_reg   0x00000000240003c0        0x4 ./Core/Src/main.o
                0x00000000240003c0                ccr_reg
 .bss.CCR_old   0x00000000240003c4        0x4 ./Core/Src/main.o
                0x00000000240003c4                CCR_old
 .bss.CCR_new   0x00000000240003c8        0x4 ./Core/Src/main.o
                0x00000000240003c8                CCR_new
 .bss.output_est
                0x00000000240003cc        0x4 ./Core/Src/main.o
                0x00000000240003cc                output_est
 .bss.X         0x00000000240003d0        0x4 ./Core/Src/main.o
                0x00000000240003d0                X
 .bss.__sbrk_heap_end
                0x00000000240003d4        0x4 ./Core/Src/sysmem.o
 .bss.uwTick    0x00000000240003d8        0x4 ./Drivers/STM32H7xx_HAL_Driver/Src/stm32h7xx_hal.o
                0x00000000240003d8                uwTick
 .bss.__malloc_free_list
                0x00000000240003dc        0x4 c:/st/stm32cubeide_1.9.0/stm32cubeide/plugins/com.st.stm32cube.ide.mcu.externaltools.gnu-tools-for-stm32.10.3-2021.10.win32_1.0.0.202111181127/tools/bin/../lib/gcc/arm-none-eabi/10.3.1/../../../../arm-none-eabi/lib/thumb/v7e-m+dp/hard\libc_nano.a(lib_a-nano-mallocr.o)
                0x00000000240003dc                __malloc_free_list
 .bss.__malloc_sbrk_start
                0x00000000240003e0        0x4 c:/st/stm32cubeide_1.9.0/stm32cubeide/plugins/com.st.stm32cube.ide.mcu.externaltools.gnu-tools-for-stm32.10.3-2021.10.win32_1.0.0.202111181127/tools/bin/../lib/gcc/arm-none-eabi/10.3.1/../../../../arm-none-eabi/lib/thumb/v7e-m+dp/hard\libc_nano.a(lib_a-nano-mallocr.o)
                0x00000000240003e0                __malloc_sbrk_start
 .bss.errno     0x00000000240003e4        0x4 c:/st/stm32cubeide_1.9.0/stm32cubeide/plugins/com.st.stm32cube.ide.mcu.externaltools.gnu-tools-for-stm32.10.3-2021.10.win32_1.0.0.202111181127/tools/bin/../lib/gcc/arm-none-eabi/10.3.1/../../../../arm-none-eabi/lib/thumb/v7e-m+dp/hard\libc_nano.a(lib_a-reent.o)
                0x00000000240003e4                errno
 .bss.__lock___malloc_recursive_mutex
                0x00000000240003e8        0x1 c:/st/stm32cubeide_1.9.0/stm32cubeide/plugins/com.st.stm32cube.ide.mcu.externaltools.gnu-tools-for-stm32.10.3-2021.10.win32_1.0.0.202111181127/tools/bin/../lib/gcc/arm-none-eabi/10.3.1/../../../../arm-none-eabi/lib/thumb/v7e-m+dp/hard\libc_nano.a(lib_a-lock.o)
                0x00000000240003e8                __lock___malloc_recursive_mutex
 *(COMMON)
                0x00000000240003ec                . = ALIGN (0x4)
 *fill*         0x00000000240003e9        0x3 
                0x00000000240003ec                _ebss = .
                0x00000000240003ec                __bss_end__ = _ebss

._user_heap_stack
                0x00000000240003ec      0x604 load address 0x000000000800b0e0
                0x00000000240003f0                . = ALIGN (0x8)
 *fill*         0x00000000240003ec        0x4 
                [!provide]                        PROVIDE (end = .)
                0x00000000240003f0                PROVIDE (_end = .)
                0x00000000240005f0                . = (. + _Min_Heap_Size)
 *fill*         0x00000000240003f0      0x200 
                0x00000000240009f0                . = (. + _Min_Stack_Size)
 *fill*         0x00000000240005f0      0x400 
                0x00000000240009f0                . = ALIGN (0x8)

/DISCARD/
 libc.a(*)
 libm.a(*)
 libgcc.a(*)

.ARM.attributes
                0x0000000000000000       0x2e
 *(.ARM.attributes)
 .ARM.attributes
                0x0000000000000000       0x1e c:/st/stm32cubeide_1.9.0/stm32cubeide/plugins/com.st.stm32cube.ide.mcu.externaltools.gnu-tools-for-stm32.10.3-2021.10.win32_1.0.0.202111181127/tools/bin/../lib/gcc/arm-none-eabi/10.3.1/thumb/v7e-m+dp/hard/crti.o
 .ARM.attributes
                0x000000000000001e       0x32 c:/st/stm32cubeide_1.9.0/stm32cubeide/plugins/com.st.stm32cube.ide.mcu.externaltools.gnu-tools-for-stm32.10.3-2021.10.win32_1.0.0.202111181127/tools/bin/../lib/gcc/arm-none-eabi/10.3.1/thumb/v7e-m+dp/hard/crtbegin.o
 .ARM.attributes
                0x0000000000000050       0x32 ./Core/Inc/RLS.o
 .ARM.attributes
                0x0000000000000082       0x32 ./Core/Src/main.o
 .ARM.attributes
                0x00000000000000b4       0x32 ./Core/Src/stm32h7xx_hal_msp.o
 .ARM.attributes
                0x00000000000000e6       0x32 ./Core/Src/stm32h7xx_it.o
 .ARM.attributes
                0x0000000000000118       0x32 ./Core/Src/sysmem.o
 .ARM.attributes
                0x000000000000014a       0x32 ./Core/Src/system_stm32h7xx.o
 .ARM.attributes
                0x000000000000017c       0x21 ./Core/Startup/startup_stm32h723zgtx.o
 .ARM.attributes
                0x000000000000019d       0x32 ./Drivers/STM32H7xx_HAL_Driver/Src/stm32h7xx_hal.o
 .ARM.attributes
                0x00000000000001cf       0x32 ./Drivers/STM32H7xx_HAL_Driver/Src/stm32h7xx_hal_cortex.o
 .ARM.attributes
                0x0000000000000201       0x32 ./Drivers/STM32H7xx_HAL_Driver/Src/stm32h7xx_hal_gpio.o
 .ARM.attributes
                0x0000000000000233       0x32 ./Drivers/STM32H7xx_HAL_Driver/Src/stm32h7xx_hal_pwr_ex.o
 .ARM.attributes
                0x0000000000000265       0x32 ./Drivers/STM32H7xx_HAL_Driver/Src/stm32h7xx_hal_rcc.o
 .ARM.attributes
                0x0000000000000297       0x32 ./Drivers/STM32H7xx_HAL_Driver/Src/stm32h7xx_hal_rcc_ex.o
 .ARM.attributes
                0x00000000000002c9       0x32 ./Drivers/STM32H7xx_HAL_Driver/Src/stm32h7xx_hal_tim.o
 .ARM.attributes
                0x00000000000002fb       0x32 ./Drivers/STM32H7xx_HAL_Driver/Src/stm32h7xx_hal_tim_ex.o
 .ARM.attributes
                0x000000000000032d       0x32 ./Drivers/STM32H7xx_HAL_Driver/Src/stm32h7xx_hal_uart.o
 .ARM.attributes
                0x000000000000035f       0x32 ./Drivers/STM32H7xx_HAL_Driver/Src/stm32h7xx_hal_uart_ex.o
 .ARM.attributes
                0x0000000000000391       0x32 C:/Users/aymen/STM32Cube/Repository/STM32Cube_FW_H7_V1.10.0/Drivers/CMSIS/DSP/Lib/GCC\libarm_cortexM7lfdp_math.a(arm_mat_trans_f32.o)
 .ARM.attributes
                0x00000000000003c3       0x32 C:/Users/aymen/STM32Cube/Repository/STM32Cube_FW_H7_V1.10.0/Drivers/CMSIS/DSP/Lib/GCC\libarm_cortexM7lfdp_math.a(arm_mat_sub_f32.o)
 .ARM.attributes
                0x00000000000003f5       0x32 C:/Users/aymen/STM32Cube/Repository/STM32Cube_FW_H7_V1.10.0/Drivers/CMSIS/DSP/Lib/GCC\libarm_cortexM7lfdp_math.a(arm_mat_mult_f32.o)
 .ARM.attributes
                0x0000000000000427       0x32 C:/Users/aymen/STM32Cube/Repository/STM32Cube_FW_H7_V1.10.0/Drivers/CMSIS/DSP/Lib/GCC\libarm_cortexM7lfdp_math.a(arm_mat_init_f32.o)
 .ARM.attributes
                0x0000000000000459       0x32 C:/Users/aymen/STM32Cube/Repository/STM32Cube_FW_H7_V1.10.0/Drivers/CMSIS/DSP/Lib/GCC\libarm_cortexM7lfdp_math.a(arm_mat_add_f32.o)
 .ARM.attributes
                0x000000000000048b       0x32 c:/st/stm32cubeide_1.9.0/stm32cubeide/plugins/com.st.stm32cube.ide.mcu.externaltools.gnu-tools-for-stm32.10.3-2021.10.win32_1.0.0.202111181127/tools/bin/../lib/gcc/arm-none-eabi/10.3.1/../../../../arm-none-eabi/lib/thumb/v7e-m+dp/hard\libc_nano.a(lib_a-errno.o)
 .ARM.attributes
                0x00000000000004bd       0x32 c:/st/stm32cubeide_1.9.0/stm32cubeide/plugins/com.st.stm32cube.ide.mcu.externaltools.gnu-tools-for-stm32.10.3-2021.10.win32_1.0.0.202111181127/tools/bin/../lib/gcc/arm-none-eabi/10.3.1/../../../../arm-none-eabi/lib/thumb/v7e-m+dp/hard\libc_nano.a(lib_a-impure.o)
 .ARM.attributes
                0x00000000000004ef       0x32 c:/st/stm32cubeide_1.9.0/stm32cubeide/plugins/com.st.stm32cube.ide.mcu.externaltools.gnu-tools-for-stm32.10.3-2021.10.win32_1.0.0.202111181127/tools/bin/../lib/gcc/arm-none-eabi/10.3.1/../../../../arm-none-eabi/lib/thumb/v7e-m+dp/hard\libc_nano.a(lib_a-init.o)
 .ARM.attributes
                0x0000000000000521       0x32 c:/st/stm32cubeide_1.9.0/stm32cubeide/plugins/com.st.stm32cube.ide.mcu.externaltools.gnu-tools-for-stm32.10.3-2021.10.win32_1.0.0.202111181127/tools/bin/../lib/gcc/arm-none-eabi/10.3.1/../../../../arm-none-eabi/lib/thumb/v7e-m+dp/hard\libc_nano.a(lib_a-malloc.o)
 .ARM.attributes
                0x0000000000000553       0x32 c:/st/stm32cubeide_1.9.0/stm32cubeide/plugins/com.st.stm32cube.ide.mcu.externaltools.gnu-tools-for-stm32.10.3-2021.10.win32_1.0.0.202111181127/tools/bin/../lib/gcc/arm-none-eabi/10.3.1/../../../../arm-none-eabi/lib/thumb/v7e-m+dp/hard\libc_nano.a(lib_a-memset.o)
 .ARM.attributes
                0x0000000000000585       0x32 c:/st/stm32cubeide_1.9.0/stm32cubeide/plugins/com.st.stm32cube.ide.mcu.externaltools.gnu-tools-for-stm32.10.3-2021.10.win32_1.0.0.202111181127/tools/bin/../lib/gcc/arm-none-eabi/10.3.1/../../../../arm-none-eabi/lib/thumb/v7e-m+dp/hard\libc_nano.a(lib_a-nano-mallocr.o)
 .ARM.attributes
                0x00000000000005b7       0x32 c:/st/stm32cubeide_1.9.0/stm32cubeide/plugins/com.st.stm32cube.ide.mcu.externaltools.gnu-tools-for-stm32.10.3-2021.10.win32_1.0.0.202111181127/tools/bin/../lib/gcc/arm-none-eabi/10.3.1/../../../../arm-none-eabi/lib/thumb/v7e-m+dp/hard\libc_nano.a(lib_a-sbrkr.o)
 .ARM.attributes
                0x00000000000005e9       0x32 c:/st/stm32cubeide_1.9.0/stm32cubeide/plugins/com.st.stm32cube.ide.mcu.externaltools.gnu-tools-for-stm32.10.3-2021.10.win32_1.0.0.202111181127/tools/bin/../lib/gcc/arm-none-eabi/10.3.1/../../../../arm-none-eabi/lib/thumb/v7e-m+dp/hard\libc_nano.a(lib_a-mlock.o)
 .ARM.attributes
                0x000000000000061b       0x32 c:/st/stm32cubeide_1.9.0/stm32cubeide/plugins/com.st.stm32cube.ide.mcu.externaltools.gnu-tools-for-stm32.10.3-2021.10.win32_1.0.0.202111181127/tools/bin/../lib/gcc/arm-none-eabi/10.3.1/../../../../arm-none-eabi/lib/thumb/v7e-m+dp/hard\libc_nano.a(lib_a-reent.o)
 .ARM.attributes
                0x000000000000064d       0x32 c:/st/stm32cubeide_1.9.0/stm32cubeide/plugins/com.st.stm32cube.ide.mcu.externaltools.gnu-tools-for-stm32.10.3-2021.10.win32_1.0.0.202111181127/tools/bin/../lib/gcc/arm-none-eabi/10.3.1/../../../../arm-none-eabi/lib/thumb/v7e-m+dp/hard\libc_nano.a(lib_a-lock.o)
 .ARM.attributes
                0x000000000000067f       0x32 c:/st/stm32cubeide_1.9.0/stm32cubeide/plugins/com.st.stm32cube.ide.mcu.externaltools.gnu-tools-for-stm32.10.3-2021.10.win32_1.0.0.202111181127/tools/bin/../lib/gcc/arm-none-eabi/10.3.1/../../../../arm-none-eabi/lib/thumb/v7e-m+dp/hard\libm.a(lib_a-pow.o)
 .ARM.attributes
                0x00000000000006b1       0x32 c:/st/stm32cubeide_1.9.0/stm32cubeide/plugins/com.st.stm32cube.ide.mcu.externaltools.gnu-tools-for-stm32.10.3-2021.10.win32_1.0.0.202111181127/tools/bin/../lib/gcc/arm-none-eabi/10.3.1/../../../../arm-none-eabi/lib/thumb/v7e-m+dp/hard\libm.a(lib_a-pow_log_data.o)
 .ARM.attributes
                0x00000000000006e3       0x32 c:/st/stm32cubeide_1.9.0/stm32cubeide/plugins/com.st.stm32cube.ide.mcu.externaltools.gnu-tools-for-stm32.10.3-2021.10.win32_1.0.0.202111181127/tools/bin/../lib/gcc/arm-none-eabi/10.3.1/../../../../arm-none-eabi/lib/thumb/v7e-m+dp/hard\libm.a(lib_a-s_round.o)
 .ARM.attributes
                0x0000000000000715       0x32 c:/st/stm32cubeide_1.9.0/stm32cubeide/plugins/com.st.stm32cube.ide.mcu.externaltools.gnu-tools-for-stm32.10.3-2021.10.win32_1.0.0.202111181127/tools/bin/../lib/gcc/arm-none-eabi/10.3.1/../../../../arm-none-eabi/lib/thumb/v7e-m+dp/hard\libm.a(lib_a-s_sin.o)
 .ARM.attributes
                0x0000000000000747       0x32 c:/st/stm32cubeide_1.9.0/stm32cubeide/plugins/com.st.stm32cube.ide.mcu.externaltools.gnu-tools-for-stm32.10.3-2021.10.win32_1.0.0.202111181127/tools/bin/../lib/gcc/arm-none-eabi/10.3.1/../../../../arm-none-eabi/lib/thumb/v7e-m+dp/hard\libm.a(lib_a-e_rem_pio2.o)
 .ARM.attributes
                0x0000000000000779       0x32 c:/st/stm32cubeide_1.9.0/stm32cubeide/plugins/com.st.stm32cube.ide.mcu.externaltools.gnu-tools-for-stm32.10.3-2021.10.win32_1.0.0.202111181127/tools/bin/../lib/gcc/arm-none-eabi/10.3.1/../../../../arm-none-eabi/lib/thumb/v7e-m+dp/hard\libm.a(lib_a-exp_data.o)
 .ARM.attributes
                0x00000000000007ab       0x32 c:/st/stm32cubeide_1.9.0/stm32cubeide/plugins/com.st.stm32cube.ide.mcu.externaltools.gnu-tools-for-stm32.10.3-2021.10.win32_1.0.0.202111181127/tools/bin/../lib/gcc/arm-none-eabi/10.3.1/../../../../arm-none-eabi/lib/thumb/v7e-m+dp/hard\libm.a(lib_a-k_cos.o)
 .ARM.attributes
                0x00000000000007dd       0x32 c:/st/stm32cubeide_1.9.0/stm32cubeide/plugins/com.st.stm32cube.ide.mcu.externaltools.gnu-tools-for-stm32.10.3-2021.10.win32_1.0.0.202111181127/tools/bin/../lib/gcc/arm-none-eabi/10.3.1/../../../../arm-none-eabi/lib/thumb/v7e-m+dp/hard\libm.a(lib_a-k_rem_pio2.o)
 .ARM.attributes
                0x000000000000080f       0x32 c:/st/stm32cubeide_1.9.0/stm32cubeide/plugins/com.st.stm32cube.ide.mcu.externaltools.gnu-tools-for-stm32.10.3-2021.10.win32_1.0.0.202111181127/tools/bin/../lib/gcc/arm-none-eabi/10.3.1/../../../../arm-none-eabi/lib/thumb/v7e-m+dp/hard\libm.a(lib_a-k_sin.o)
 .ARM.attributes
                0x0000000000000841       0x32 c:/st/stm32cubeide_1.9.0/stm32cubeide/plugins/com.st.stm32cube.ide.mcu.externaltools.gnu-tools-for-stm32.10.3-2021.10.win32_1.0.0.202111181127/tools/bin/../lib/gcc/arm-none-eabi/10.3.1/../../../../arm-none-eabi/lib/thumb/v7e-m+dp/hard\libm.a(lib_a-math_err.o)
 .ARM.attributes
                0x0000000000000873       0x32 c:/st/stm32cubeide_1.9.0/stm32cubeide/plugins/com.st.stm32cube.ide.mcu.externaltools.gnu-tools-for-stm32.10.3-2021.10.win32_1.0.0.202111181127/tools/bin/../lib/gcc/arm-none-eabi/10.3.1/../../../../arm-none-eabi/lib/thumb/v7e-m+dp/hard\libm.a(lib_a-s_fabs.o)
 .ARM.attributes
                0x00000000000008a5       0x32 c:/st/stm32cubeide_1.9.0/stm32cubeide/plugins/com.st.stm32cube.ide.mcu.externaltools.gnu-tools-for-stm32.10.3-2021.10.win32_1.0.0.202111181127/tools/bin/../lib/gcc/arm-none-eabi/10.3.1/../../../../arm-none-eabi/lib/thumb/v7e-m+dp/hard\libm.a(lib_a-s_floor.o)
 .ARM.attributes
                0x00000000000008d7       0x32 c:/st/stm32cubeide_1.9.0/stm32cubeide/plugins/com.st.stm32cube.ide.mcu.externaltools.gnu-tools-for-stm32.10.3-2021.10.win32_1.0.0.202111181127/tools/bin/../lib/gcc/arm-none-eabi/10.3.1/../../../../arm-none-eabi/lib/thumb/v7e-m+dp/hard\libm.a(lib_a-s_scalbn.o)
 .ARM.attributes
                0x0000000000000909       0x1e c:/st/stm32cubeide_1.9.0/stm32cubeide/plugins/com.st.stm32cube.ide.mcu.externaltools.gnu-tools-for-stm32.10.3-2021.10.win32_1.0.0.202111181127/tools/bin/../lib/gcc/arm-none-eabi/10.3.1/thumb/v7e-m+dp/hard\libgcc.a(_aeabi_uldivmod.o)
 .ARM.attributes
                0x0000000000000927       0x32 c:/st/stm32cubeide_1.9.0/stm32cubeide/plugins/com.st.stm32cube.ide.mcu.externaltools.gnu-tools-for-stm32.10.3-2021.10.win32_1.0.0.202111181127/tools/bin/../lib/gcc/arm-none-eabi/10.3.1/thumb/v7e-m+dp/hard\libgcc.a(_udivmoddi4.o)
 .ARM.attributes
                0x0000000000000959       0x1e c:/st/stm32cubeide_1.9.0/stm32cubeide/plugins/com.st.stm32cube.ide.mcu.externaltools.gnu-tools-for-stm32.10.3-2021.10.win32_1.0.0.202111181127/tools/bin/../lib/gcc/arm-none-eabi/10.3.1/thumb/v7e-m+dp/hard\libgcc.a(_dvmd_tls.o)
 .ARM.attributes
                0x0000000000000977       0x1e c:/st/stm32cubeide_1.9.0/stm32cubeide/plugins/com.st.stm32cube.ide.mcu.externaltools.gnu-tools-for-stm32.10.3-2021.10.win32_1.0.0.202111181127/tools/bin/../lib/gcc/arm-none-eabi/10.3.1/thumb/v7e-m+dp/hard/crtn.o
OUTPUT(RLS_DC.elf elf32-littlearm)
LOAD linker stubs
LOAD c:/st/stm32cubeide_1.9.0/stm32cubeide/plugins/com.st.stm32cube.ide.mcu.externaltools.gnu-tools-for-stm32.10.3-2021.10.win32_1.0.0.202111181127/tools/bin/../lib/gcc/arm-none-eabi/10.3.1/../../../../arm-none-eabi/lib/thumb/v7e-m+dp/hard\libc.a
LOAD c:/st/stm32cubeide_1.9.0/stm32cubeide/plugins/com.st.stm32cube.ide.mcu.externaltools.gnu-tools-for-stm32.10.3-2021.10.win32_1.0.0.202111181127/tools/bin/../lib/gcc/arm-none-eabi/10.3.1/../../../../arm-none-eabi/lib/thumb/v7e-m+dp/hard\libm.a
LOAD c:/st/stm32cubeide_1.9.0/stm32cubeide/plugins/com.st.stm32cube.ide.mcu.externaltools.gnu-tools-for-stm32.10.3-2021.10.win32_1.0.0.202111181127/tools/bin/../lib/gcc/arm-none-eabi/10.3.1/thumb/v7e-m+dp/hard\libgcc.a

.debug_info     0x0000000000000000    0x19c5c
 .debug_info    0x0000000000000000      0x6d4 ./Core/Inc/RLS.o
 .debug_info    0x00000000000006d4     0x20f5 ./Core/Src/main.o
 .debug_info    0x00000000000027c9     0x19e7 ./Core/Src/stm32h7xx_hal_msp.o
 .debug_info    0x00000000000041b0      0x8de ./Core/Src/stm32h7xx_it.o
 .debug_info    0x0000000000004a8e      0x171 ./Core/Src/sysmem.o
 .debug_info    0x0000000000004bff      0xb45 ./Core/Src/system_stm32h7xx.o
 .debug_info    0x0000000000005744       0x22 ./Core/Startup/startup_stm32h723zgtx.o
 .debug_info    0x0000000000005766     0x1746 ./Drivers/STM32H7xx_HAL_Driver/Src/stm32h7xx_hal.o
 .debug_info    0x0000000000006eac     0x1161 ./Drivers/STM32H7xx_HAL_Driver/Src/stm32h7xx_hal_cortex.o
 .debug_info    0x000000000000800d      0xd37 ./Drivers/STM32H7xx_HAL_Driver/Src/stm32h7xx_hal_gpio.o
 .debug_info    0x0000000000008d44      0xe71 ./Drivers/STM32H7xx_HAL_Driver/Src/stm32h7xx_hal_pwr_ex.o
 .debug_info    0x0000000000009bb5      0xe4a ./Drivers/STM32H7xx_HAL_Driver/Src/stm32h7xx_hal_rcc.o
 .debug_info    0x000000000000a9ff     0x1299 ./Drivers/STM32H7xx_HAL_Driver/Src/stm32h7xx_hal_rcc_ex.o
 .debug_info    0x000000000000bc98     0x2dd1 ./Drivers/STM32H7xx_HAL_Driver/Src/stm32h7xx_hal_tim.o
 .debug_info    0x000000000000ea69     0x19d5 ./Drivers/STM32H7xx_HAL_Driver/Src/stm32h7xx_hal_tim_ex.o
 .debug_info    0x000000000001043e     0x4c42 ./Drivers/STM32H7xx_HAL_Driver/Src/stm32h7xx_hal_uart.o
 .debug_info    0x0000000000015080     0x100b ./Drivers/STM32H7xx_HAL_Driver/Src/stm32h7xx_hal_uart_ex.o
 .debug_info    0x000000000001608b      0xc1e C:/Users/aymen/STM32Cube/Repository/STM32Cube_FW_H7_V1.10.0/Drivers/CMSIS/DSP/Lib/GCC\libarm_cortexM7lfdp_math.a(arm_mat_trans_f32.o)
 .debug_info    0x0000000000016ca9      0xbf9 C:/Users/aymen/STM32Cube/Repository/STM32Cube_FW_H7_V1.10.0/Drivers/CMSIS/DSP/Lib/GCC\libarm_cortexM7lfdp_math.a(arm_mat_sub_f32.o)
 .debug_info    0x00000000000178a2      0xcb5 C:/Users/aymen/STM32Cube/Repository/STM32Cube_FW_H7_V1.10.0/Drivers/CMSIS/DSP/Lib/GCC\libarm_cortexM7lfdp_math.a(arm_mat_mult_f32.o)
 .debug_info    0x0000000000018557      0xb0c C:/Users/aymen/STM32Cube/Repository/STM32Cube_FW_H7_V1.10.0/Drivers/CMSIS/DSP/Lib/GCC\libarm_cortexM7lfdp_math.a(arm_mat_init_f32.o)
 .debug_info    0x0000000000019063      0xbf9 C:/Users/aymen/STM32Cube/Repository/STM32Cube_FW_H7_V1.10.0/Drivers/CMSIS/DSP/Lib/GCC\libarm_cortexM7lfdp_math.a(arm_mat_add_f32.o)

.debug_abbrev   0x0000000000000000     0x2f3f
 .debug_abbrev  0x0000000000000000      0x1da ./Core/Inc/RLS.o
 .debug_abbrev  0x00000000000001da      0x383 ./Core/Src/main.o
 .debug_abbrev  0x000000000000055d      0x254 ./Core/Src/stm32h7xx_hal_msp.o
 .debug_abbrev  0x00000000000007b1      0x184 ./Core/Src/stm32h7xx_it.o
 .debug_abbrev  0x0000000000000935       0xbb ./Core/Src/sysmem.o
 .debug_abbrev  0x00000000000009f0      0x136 ./Core/Src/system_stm32h7xx.o
 .debug_abbrev  0x0000000000000b26       0x12 ./Core/Startup/startup_stm32h723zgtx.o
 .debug_abbrev  0x0000000000000b38      0x292 ./Drivers/STM32H7xx_HAL_Driver/Src/stm32h7xx_hal.o
 .debug_abbrev  0x0000000000000dca      0x329 ./Drivers/STM32H7xx_HAL_Driver/Src/stm32h7xx_hal_cortex.o
 .debug_abbrev  0x00000000000010f3      0x1ec ./Drivers/STM32H7xx_HAL_Driver/Src/stm32h7xx_hal_gpio.o
 .debug_abbrev  0x00000000000012df      0x27e ./Drivers/STM32H7xx_HAL_Driver/Src/stm32h7xx_hal_pwr_ex.o
 .debug_abbrev  0x000000000000155d      0x2a7 ./Drivers/STM32H7xx_HAL_Driver/Src/stm32h7xx_hal_rcc.o
 .debug_abbrev  0x0000000000001804      0x25c ./Drivers/STM32H7xx_HAL_Driver/Src/stm32h7xx_hal_rcc_ex.o
 .debug_abbrev  0x0000000000001a60      0x25d ./Drivers/STM32H7xx_HAL_Driver/Src/stm32h7xx_hal_tim.o
 .debug_abbrev  0x0000000000001cbd      0x27a ./Drivers/STM32H7xx_HAL_Driver/Src/stm32h7xx_hal_tim_ex.o
 .debug_abbrev  0x0000000000001f37      0x325 ./Drivers/STM32H7xx_HAL_Driver/Src/stm32h7xx_hal_uart.o
 .debug_abbrev  0x000000000000225c      0x2bd ./Drivers/STM32H7xx_HAL_Driver/Src/stm32h7xx_hal_uart_ex.o
 .debug_abbrev  0x0000000000002519      0x216 C:/Users/aymen/STM32Cube/Repository/STM32Cube_FW_H7_V1.10.0/Drivers/CMSIS/DSP/Lib/GCC\libarm_cortexM7lfdp_math.a(arm_mat_trans_f32.o)
 .debug_abbrev  0x000000000000272f      0x202 C:/Users/aymen/STM32Cube/Repository/STM32Cube_FW_H7_V1.10.0/Drivers/CMSIS/DSP/Lib/GCC\libarm_cortexM7lfdp_math.a(arm_mat_sub_f32.o)
 .debug_abbrev  0x0000000000002931      0x225 C:/Users/aymen/STM32Cube/Repository/STM32Cube_FW_H7_V1.10.0/Drivers/CMSIS/DSP/Lib/GCC\libarm_cortexM7lfdp_math.a(arm_mat_mult_f32.o)
 .debug_abbrev  0x0000000000002b56      0x1e7 C:/Users/aymen/STM32Cube/Repository/STM32Cube_FW_H7_V1.10.0/Drivers/CMSIS/DSP/Lib/GCC\libarm_cortexM7lfdp_math.a(arm_mat_init_f32.o)
 .debug_abbrev  0x0000000000002d3d      0x202 C:/Users/aymen/STM32Cube/Repository/STM32Cube_FW_H7_V1.10.0/Drivers/CMSIS/DSP/Lib/GCC\libarm_cortexM7lfdp_math.a(arm_mat_add_f32.o)

.debug_aranges  0x0000000000000000     0x1120
 .debug_aranges
                0x0000000000000000       0x40 ./Core/Inc/RLS.o
 .debug_aranges
                0x0000000000000040       0x90 ./Core/Src/main.o
 .debug_aranges
                0x00000000000000d0       0x58 ./Core/Src/stm32h7xx_hal_msp.o
 .debug_aranges
                0x0000000000000128       0x80 ./Core/Src/stm32h7xx_it.o
 .debug_aranges
                0x00000000000001a8       0x20 ./Core/Src/sysmem.o
 .debug_aranges
                0x00000000000001c8       0x28 ./Core/Src/system_stm32h7xx.o
 .debug_aranges
                0x00000000000001f0       0x28 ./Core/Startup/startup_stm32h723zgtx.o
 .debug_aranges
                0x0000000000000218      0x1c8 ./Drivers/STM32H7xx_HAL_Driver/Src/stm32h7xx_hal.o
 .debug_aranges
                0x00000000000003e0      0x120 ./Drivers/STM32H7xx_HAL_Driver/Src/stm32h7xx_hal_cortex.o
 .debug_aranges
                0x0000000000000500       0x58 ./Drivers/STM32H7xx_HAL_Driver/Src/stm32h7xx_hal_gpio.o
 .debug_aranges
                0x0000000000000558      0x148 ./Drivers/STM32H7xx_HAL_Driver/Src/stm32h7xx_hal_pwr_ex.o
 .debug_aranges
                0x00000000000006a0       0x88 ./Drivers/STM32H7xx_HAL_Driver/Src/stm32h7xx_hal_rcc.o
 .debug_aranges
                0x0000000000000728       0xf8 ./Drivers/STM32H7xx_HAL_Driver/Src/stm32h7xx_hal_rcc_ex.o
 .debug_aranges
                0x0000000000000820      0x3e0 ./Drivers/STM32H7xx_HAL_Driver/Src/stm32h7xx_hal_tim.o
 .debug_aranges
                0x0000000000000c00      0x198 ./Drivers/STM32H7xx_HAL_Driver/Src/stm32h7xx_hal_tim_ex.o
 .debug_aranges
                0x0000000000000d98      0x248 ./Drivers/STM32H7xx_HAL_Driver/Src/stm32h7xx_hal_uart.o
 .debug_aranges
                0x0000000000000fe0       0xa0 ./Drivers/STM32H7xx_HAL_Driver/Src/stm32h7xx_hal_uart_ex.o
 .debug_aranges
                0x0000000000001080       0x20 C:/Users/aymen/STM32Cube/Repository/STM32Cube_FW_H7_V1.10.0/Drivers/CMSIS/DSP/Lib/GCC\libarm_cortexM7lfdp_math.a(arm_mat_trans_f32.o)
 .debug_aranges
                0x00000000000010a0       0x20 C:/Users/aymen/STM32Cube/Repository/STM32Cube_FW_H7_V1.10.0/Drivers/CMSIS/DSP/Lib/GCC\libarm_cortexM7lfdp_math.a(arm_mat_sub_f32.o)
 .debug_aranges
                0x00000000000010c0       0x20 C:/Users/aymen/STM32Cube/Repository/STM32Cube_FW_H7_V1.10.0/Drivers/CMSIS/DSP/Lib/GCC\libarm_cortexM7lfdp_math.a(arm_mat_mult_f32.o)
 .debug_aranges
                0x00000000000010e0       0x20 C:/Users/aymen/STM32Cube/Repository/STM32Cube_FW_H7_V1.10.0/Drivers/CMSIS/DSP/Lib/GCC\libarm_cortexM7lfdp_math.a(arm_mat_init_f32.o)
 .debug_aranges
                0x0000000000001100       0x20 C:/Users/aymen/STM32Cube/Repository/STM32Cube_FW_H7_V1.10.0/Drivers/CMSIS/DSP/Lib/GCC\libarm_cortexM7lfdp_math.a(arm_mat_add_f32.o)

.debug_ranges   0x0000000000000000      0xff8
 .debug_ranges  0x0000000000000000       0x30 ./Core/Inc/RLS.o
 .debug_ranges  0x0000000000000030       0x80 ./Core/Src/main.o
 .debug_ranges  0x00000000000000b0       0x48 ./Core/Src/stm32h7xx_hal_msp.o
 .debug_ranges  0x00000000000000f8       0x70 ./Core/Src/stm32h7xx_it.o
 .debug_ranges  0x0000000000000168       0x10 ./Core/Src/sysmem.o
 .debug_ranges  0x0000000000000178       0x18 ./Core/Src/system_stm32h7xx.o
 .debug_ranges  0x0000000000000190       0x20 ./Core/Startup/startup_stm32h723zgtx.o
 .debug_ranges  0x00000000000001b0      0x1b8 ./Drivers/STM32H7xx_HAL_Driver/Src/stm32h7xx_hal.o
 .debug_ranges  0x0000000000000368      0x110 ./Drivers/STM32H7xx_HAL_Driver/Src/stm32h7xx_hal_cortex.o
 .debug_ranges  0x0000000000000478       0x48 ./Drivers/STM32H7xx_HAL_Driver/Src/stm32h7xx_hal_gpio.o
 .debug_ranges  0x00000000000004c0      0x138 ./Drivers/STM32H7xx_HAL_Driver/Src/stm32h7xx_hal_pwr_ex.o
 .debug_ranges  0x00000000000005f8       0x78 ./Drivers/STM32H7xx_HAL_Driver/Src/stm32h7xx_hal_rcc.o
 .debug_ranges  0x0000000000000670       0xe8 ./Drivers/STM32H7xx_HAL_Driver/Src/stm32h7xx_hal_rcc_ex.o
 .debug_ranges  0x0000000000000758      0x3d0 ./Drivers/STM32H7xx_HAL_Driver/Src/stm32h7xx_hal_tim.o
 .debug_ranges  0x0000000000000b28      0x188 ./Drivers/STM32H7xx_HAL_Driver/Src/stm32h7xx_hal_tim_ex.o
 .debug_ranges  0x0000000000000cb0      0x268 ./Drivers/STM32H7xx_HAL_Driver/Src/stm32h7xx_hal_uart.o
 .debug_ranges  0x0000000000000f18       0x90 ./Drivers/STM32H7xx_HAL_Driver/Src/stm32h7xx_hal_uart_ex.o
 .debug_ranges  0x0000000000000fa8       0x10 C:/Users/aymen/STM32Cube/Repository/STM32Cube_FW_H7_V1.10.0/Drivers/CMSIS/DSP/Lib/GCC\libarm_cortexM7lfdp_math.a(arm_mat_trans_f32.o)
 .debug_ranges  0x0000000000000fb8       0x10 C:/Users/aymen/STM32Cube/Repository/STM32Cube_FW_H7_V1.10.0/Drivers/CMSIS/DSP/Lib/GCC\libarm_cortexM7lfdp_math.a(arm_mat_sub_f32.o)
 .debug_ranges  0x0000000000000fc8       0x10 C:/Users/aymen/STM32Cube/Repository/STM32Cube_FW_H7_V1.10.0/Drivers/CMSIS/DSP/Lib/GCC\libarm_cortexM7lfdp_math.a(arm_mat_mult_f32.o)
 .debug_ranges  0x0000000000000fd8       0x10 C:/Users/aymen/STM32Cube/Repository/STM32Cube_FW_H7_V1.10.0/Drivers/CMSIS/DSP/Lib/GCC\libarm_cortexM7lfdp_math.a(arm_mat_init_f32.o)
 .debug_ranges  0x0000000000000fe8       0x10 C:/Users/aymen/STM32Cube/Repository/STM32Cube_FW_H7_V1.10.0/Drivers/CMSIS/DSP/Lib/GCC\libarm_cortexM7lfdp_math.a(arm_mat_add_f32.o)

.debug_macro    0x0000000000000000    0x32bdf
 .debug_macro   0x0000000000000000      0x1bd ./Core/Inc/RLS.o
 .debug_macro   0x00000000000001bd      0xa90 ./Core/Inc/RLS.o
 .debug_macro   0x0000000000000c4d       0x22 ./Core/Inc/RLS.o
 .debug_macro   0x0000000000000c6f       0x8e ./Core/Inc/RLS.o
 .debug_macro   0x0000000000000cfd       0x51 ./Core/Inc/RLS.o
 .debug_macro   0x0000000000000d4e      0x103 ./Core/Inc/RLS.o
 .debug_macro   0x0000000000000e51       0x6a ./Core/Inc/RLS.o
 .debug_macro   0x0000000000000ebb      0x1df ./Core/Inc/RLS.o
 .debug_macro   0x000000000000109a       0xfb ./Core/Inc/RLS.o
 .debug_macro   0x0000000000001195       0x52 ./Core/Inc/RLS.o
 .debug_macro   0x00000000000011e7       0x1d ./Core/Inc/RLS.o
 .debug_macro   0x0000000000001204       0x3c ./Core/Inc/RLS.o
 .debug_macro   0x0000000000001240       0x34 ./Core/Inc/RLS.o
 .debug_macro   0x0000000000001274      0x174 ./Core/Inc/RLS.o
 .debug_macro   0x00000000000013e8       0x16 ./Core/Inc/RLS.o
 .debug_macro   0x00000000000013fe       0x43 ./Core/Inc/RLS.o
 .debug_macro   0x0000000000001441       0x34 ./Core/Inc/RLS.o
 .debug_macro   0x0000000000001475       0x10 ./Core/Inc/RLS.o
 .debug_macro   0x0000000000001485       0x58 ./Core/Inc/RLS.o
 .debug_macro   0x00000000000014dd       0x71 ./Core/Inc/RLS.o
 .debug_macro   0x000000000000154e       0x1c ./Core/Inc/RLS.o
 .debug_macro   0x000000000000156a      0x12a ./Core/Inc/RLS.o
 .debug_macro   0x0000000000001694      0x341 ./Core/Inc/RLS.o
 .debug_macro   0x00000000000019d5       0x10 ./Core/Inc/RLS.o
 .debug_macro   0x00000000000019e5       0x35 ./Core/Inc/RLS.o
 .debug_macro   0x0000000000001a1a       0x20 ./Core/Inc/RLS.o
 .debug_macro   0x0000000000001a3a      0x19b ./Core/Inc/RLS.o
 .debug_macro   0x0000000000001bd5      0x201 ./Core/Inc/RLS.o
 .debug_macro   0x0000000000001dd6       0xc8 ./Core/Inc/RLS.o
 .debug_macro   0x0000000000001e9e       0x16 ./Core/Inc/RLS.o
 .debug_macro   0x0000000000001eb4       0x16 ./Core/Inc/RLS.o
 .debug_macro   0x0000000000001eca       0x29 ./Core/Inc/RLS.o
 .debug_macro   0x0000000000001ef3      0x354 ./Core/Src/main.o
 .debug_macro   0x0000000000002247      0x238 ./Core/Src/main.o
 .debug_macro   0x000000000000247f       0x2e ./Core/Src/main.o
 .debug_macro   0x00000000000024ad       0x3b ./Core/Src/main.o
 .debug_macro   0x00000000000024e8       0x1c ./Core/Src/main.o
 .debug_macro   0x0000000000002504       0x22 ./Core/Src/main.o
 .debug_macro   0x0000000000002526     0x1305 ./Core/Src/main.o
 .debug_macro   0x000000000000382b      0x11f ./Core/Src/main.o
 .debug_macro   0x000000000000394a       0x27 ./Core/Src/main.o
 .debug_macro   0x0000000000003971    0x211bc ./Core/Src/main.o
 .debug_macro   0x0000000000024b2d       0x6d ./Core/Src/main.o
 .debug_macro   0x0000000000024b9a     0x3d09 ./Core/Src/main.o
 .debug_macro   0x00000000000288a3       0x5d ./Core/Src/main.o
 .debug_macro   0x0000000000028900     0x2462 ./Core/Src/main.o
 .debug_macro   0x000000000002ad62     0x104f ./Core/Src/main.o
 .debug_macro   0x000000000002bdb1      0x14d ./Core/Src/main.o
 .debug_macro   0x000000000002befe      0x114 ./Core/Src/main.o
 .debug_macro   0x000000000002c012      0x3f8 ./Core/Src/main.o
 .debug_macro   0x000000000002c40a       0xac ./Core/Src/main.o
 .debug_macro   0x000000000002c4b6      0x788 ./Core/Src/main.o
 .debug_macro   0x000000000002cc3e      0x228 ./Core/Src/main.o
 .debug_macro   0x000000000002ce66       0x66 ./Core/Src/main.o
 .debug_macro   0x000000000002cecc      0x3a6 ./Core/Src/main.o
 .debug_macro   0x000000000002d272      0x3f9 ./Core/Src/main.o
 .debug_macro   0x000000000002d66b      0x275 ./Core/Src/main.o
 .debug_macro   0x000000000002d8e0      0x3ca ./Core/Src/main.o
 .debug_macro   0x000000000002dcaa      0x45c ./Core/Src/main.o
 .debug_macro   0x000000000002e106       0x3c ./Core/Src/main.o
 .debug_macro   0x000000000002e142       0x4a ./Core/Src/main.o
 .debug_macro   0x000000000002e18c      0x22c ./Core/Src/main.o
 .debug_macro   0x000000000002e3b8       0x67 ./Core/Src/main.o
 .debug_macro   0x000000000002e41f       0xa5 ./Core/Src/main.o
 .debug_macro   0x000000000002e4c4      0x1c4 ./Core/Src/main.o
 .debug_macro   0x000000000002e688      0x22a ./Core/Src/main.o
 .debug_macro   0x000000000002e8b2       0x35 ./Core/Src/main.o
 .debug_macro   0x000000000002e8e7      0xb01 ./Core/Src/main.o
 .debug_macro   0x000000000002f3e8      0x29f ./Core/Src/main.o
 .debug_macro   0x000000000002f687      0x67e ./Core/Src/main.o